[2026-06-18T11:42:21.412+0530][gc] Using G1
[2026-06-18T11:42:21.432+0530][gc,init] Version: 17.0.19+10-1-24.04.2-Ubuntu (release)
[2026-06-18T11:42:21.432+0530][gc,init] CPUs: 16 total, 12 available
[2026-06-18T11:42:21.432+0530][gc,init] Memory: 7275M
[2026-06-18T11:42:21.432+0530][gc,init] Large Page Support: Disabled
[2026-06-18T11:42:21.432+0530][gc,init] NUMA Support: Disabled
[2026-06-18T11:42:21.432+0530][gc,init] Compressed Oops: Enabled (32-bit)
[2026-06-18T11:42:21.432+0530][gc,init] Heap Region Size: 1M
[2026-06-18T11:42:21.432+0530][gc,init] Heap Min Capacity: 1G
[2026-06-18T11:42:21.432+0530][gc,init] Heap Initial Capacity: 1G
[2026-06-18T11:42:21.432+0530][gc,init] Heap Max Capacity: 1G
[2026-06-18T11:42:21.432+0530][gc,init] Pre-touch: Disabled
[2026-06-18T11:42:21.432+0530][gc,init] Parallel Workers: 10
[2026-06-18T11:42:21.432+0530][gc,init] Concurrent Workers: 3
[2026-06-18T11:42:21.432+0530][gc,init] Concurrent Refinement Workers: 10
[2026-06-18T11:42:21.432+0530][gc,init] Periodic GC: Disabled
[2026-06-18T11:42:21.445+0530][gc,metaspace] CDS archive(s) mapped at: [0x000075de93000000-0x000075de93bc7000-0x000075de93bc7000), size 12349440, SharedBaseAddress: 0x000075de93000000, ArchiveRelocationMode: 1.
[2026-06-18T11:42:21.445+0530][gc,metaspace] Compressed class space mapped at: 0x000075de94000000-0x000075ded4000000, reserved size: 1073741824
[2026-06-18T11:42:21.445+0530][gc,metaspace] Narrow klass base: 0x000075de93000000, Narrow klass shift: 0, Narrow klass range: 0x100000000
[2026-06-18T11:42:22.867+0530][gc,start    ] GC(0) Pause Young (Normal) (G1 Evacuation Pause)
[2026-06-18T11:42:22.870+0530][gc,task     ] GC(0) Using 10 workers of 10 for evacuation
[2026-06-18T11:42:22.875+0530][gc,phases   ] GC(0)   Pre Evacuate Collection Set: 0.13ms
[2026-06-18T11:42:22.875+0530][gc,phases   ] GC(0)   Merge Heap Roots: 0.11ms
[2026-06-18T11:42:22.875+0530][gc,phases   ] GC(0)   Evacuate Collection Set: 4.13ms
[2026-06-18T11:42:22.875+0530][gc,phases   ] GC(0)   Post Evacuate Collection Set: 0.53ms
[2026-06-18T11:42:22.875+0530][gc,phases   ] GC(0)   Other: 2.72ms
[2026-06-18T11:42:22.875+0530][gc,heap     ] GC(0) Eden regions: 51->0(44)
[2026-06-18T11:42:22.875+0530][gc,heap     ] GC(0) Survivor regions: 0->7(7)
[2026-06-18T11:42:22.875+0530][gc,heap     ] GC(0) Old regions: 0->1
[2026-06-18T11:42:22.875+0530][gc,heap     ] GC(0) Archive regions: 2->2
[2026-06-18T11:42:22.875+0530][gc,heap     ] GC(0) Humongous regions: 0->0
[2026-06-18T11:42:22.875+0530][gc,metaspace] GC(0) Metaspace: 18417K(18688K)->18417K(18688K) NonClass: 16244K(16384K)->16244K(16384K) Class: 2172K(2304K)->2172K(2304K)
[2026-06-18T11:42:22.875+0530][gc          ] GC(0) Pause Young (Normal) (G1 Evacuation Pause) 51M->8M(1024M) 7.729ms
[2026-06-18T11:42:22.875+0530][gc,cpu      ] GC(0) User=0.02s Sys=0.02s Real=0.01s
[2026-06-18T11:42:23.286+0530][gc,start    ] GC(1) Pause Young (Concurrent Start) (Metadata GC Threshold)
[2026-06-18T11:42:23.286+0530][gc,task     ] GC(1) Using 10 workers of 10 for evacuation
[2026-06-18T11:42:23.290+0530][gc,phases   ] GC(1)   Pre Evacuate Collection Set: 0.12ms
[2026-06-18T11:42:23.291+0530][gc,phases   ] GC(1)   Merge Heap Roots: 0.07ms
[2026-06-18T11:42:23.291+0530][gc,phases   ] GC(1)   Evacuate Collection Set: 3.32ms
[2026-06-18T11:42:23.291+0530][gc,phases   ] GC(1)   Post Evacuate Collection Set: 0.38ms
[2026-06-18T11:42:23.291+0530][gc,phases   ] GC(1)   Other: 0.28ms
[2026-06-18T11:42:23.291+0530][gc,heap     ] GC(1) Eden regions: 13->0(49)
[2026-06-18T11:42:23.291+0530][gc,heap     ] GC(1) Survivor regions: 7->2(7)
[2026-06-18T11:42:23.291+0530][gc,heap     ] GC(1) Old regions: 1->8
[2026-06-18T11:42:23.291+0530][gc,heap     ] GC(1) Archive regions: 2->2
[2026-06-18T11:42:23.291+0530][gc,heap     ] GC(1) Humongous regions: 129->129
[2026-06-18T11:42:23.291+0530][gc,metaspace] GC(1) Metaspace: 21256K(21504K)->21256K(21504K) NonClass: 18704K(18816K)->18704K(18816K) Class: 2552K(2688K)->2552K(2688K)
[2026-06-18T11:42:23.291+0530][gc          ] GC(1) Pause Young (Concurrent Start) (Metadata GC Threshold) 149M->138M(1024M) 4.297ms
[2026-06-18T11:42:23.291+0530][gc,cpu      ] GC(1) User=0.02s Sys=0.01s Real=0.00s
[2026-06-18T11:42:23.291+0530][gc          ] GC(2) Concurrent Mark Cycle
[2026-06-18T11:42:23.291+0530][gc,marking  ] GC(2) Concurrent Clear Claimed Marks
[2026-06-18T11:42:23.291+0530][gc,marking  ] GC(2) Concurrent Clear Claimed Marks 0.029ms
[2026-06-18T11:42:23.291+0530][gc,marking  ] GC(2) Concurrent Scan Root Regions
[2026-06-18T11:42:23.293+0530][gc,marking  ] GC(2) Concurrent Scan Root Regions 2.157ms
[2026-06-18T11:42:23.293+0530][gc,marking  ] GC(2) Concurrent Mark
[2026-06-18T11:42:23.293+0530][gc,marking  ] GC(2) Concurrent Mark From Roots
[2026-06-18T11:42:23.293+0530][gc,task     ] GC(2) Using 3 workers of 3 for marking
[2026-06-18T11:42:23.295+0530][gc,marking  ] GC(2) Concurrent Mark From Roots 1.859ms
[2026-06-18T11:42:23.295+0530][gc,marking  ] GC(2) Concurrent Preclean
[2026-06-18T11:42:23.295+0530][gc,marking  ] GC(2) Concurrent Preclean 0.156ms
[2026-06-18T11:42:23.295+0530][gc,start    ] GC(2) Pause Remark
[2026-06-18T11:42:23.297+0530][gc          ] GC(2) Pause Remark 139M->139M(1024M) 1.603ms
[2026-06-18T11:42:23.297+0530][gc,cpu      ] GC(2) User=0.01s Sys=0.00s Real=0.00s
[2026-06-18T11:42:23.297+0530][gc,marking  ] GC(2) Concurrent Mark 3.900ms
[2026-06-18T11:42:23.297+0530][gc,marking  ] GC(2) Concurrent Rebuild Remembered Sets
[2026-06-18T11:42:23.299+0530][gc,marking  ] GC(2) Concurrent Rebuild Remembered Sets 1.974ms
[2026-06-18T11:42:23.299+0530][gc,start    ] GC(2) Pause Cleanup
[2026-06-18T11:42:23.299+0530][gc          ] GC(2) Pause Cleanup 139M->139M(1024M) 0.148ms
[2026-06-18T11:42:23.299+0530][gc,cpu      ] GC(2) User=0.00s Sys=0.00s Real=0.00s
[2026-06-18T11:42:23.299+0530][gc,marking  ] GC(2) Concurrent Cleanup for Next Mark
[2026-06-18T11:42:23.304+0530][gc,marking  ] GC(2) Concurrent Cleanup for Next Mark 4.454ms
[2026-06-18T11:42:23.304+0530][gc          ] GC(2) Concurrent Mark Cycle 13.006ms
[2026-06-18T11:42:23.990+0530][gc,start    ] GC(3) Pause Young (Normal) (G1 Evacuation Pause)
[2026-06-18T11:42:23.990+0530][gc,task     ] GC(3) Using 10 workers of 10 for evacuation
[2026-06-18T11:42:23.993+0530][gc,phases   ] GC(3)   Pre Evacuate Collection Set: 0.10ms
[2026-06-18T11:42:23.993+0530][gc,phases   ] GC(3)   Merge Heap Roots: 0.05ms
[2026-06-18T11:42:23.993+0530][gc,phases   ] GC(3)   Evacuate Collection Set: 2.80ms
[2026-06-18T11:42:23.993+0530][gc,phases   ] GC(3)   Post Evacuate Collection Set: 0.38ms
[2026-06-18T11:42:23.993+0530][gc,phases   ] GC(3)   Other: 0.12ms
[2026-06-18T11:42:23.993+0530][gc,heap     ] GC(3) Eden regions: 49->0(44)
[2026-06-18T11:42:23.993+0530][gc,heap     ] GC(3) Survivor regions: 2->7(7)
[2026-06-18T11:42:23.993+0530][gc,heap     ] GC(3) Old regions: 8->8
[2026-06-18T11:42:23.993+0530][gc,heap     ] GC(3) Archive regions: 2->2
[2026-06-18T11:42:23.993+0530][gc,heap     ] GC(3) Humongous regions: 129->129
[2026-06-18T11:42:23.993+0530][gc,metaspace] GC(3) Metaspace: 32496K(32768K)->32496K(32768K) NonClass: 28890K(28992K)->28890K(28992K) Class: 3605K(3776K)->3605K(3776K)
[2026-06-18T11:42:23.993+0530][gc          ] GC(3) Pause Young (Normal) (G1 Evacuation Pause) 187M->143M(1024M) 3.563ms
[2026-06-18T11:42:23.993+0530][gc,cpu      ] GC(3) User=0.03s Sys=0.00s Real=0.00s
[2026-06-18T11:43:11.953+0530][gc,start    ] GC(4) Pause Young (Concurrent Start) (Metadata GC Threshold)
[2026-06-18T11:43:11.953+0530][gc,task     ] GC(4) Using 10 workers of 10 for evacuation
[2026-06-18T11:43:11.958+0530][gc,phases   ] GC(4)   Pre Evacuate Collection Set: 0.18ms
[2026-06-18T11:43:11.959+0530][gc,phases   ] GC(4)   Merge Heap Roots: 0.08ms
[2026-06-18T11:43:11.959+0530][gc,phases   ] GC(4)   Evacuate Collection Set: 4.24ms
[2026-06-18T11:43:11.959+0530][gc,phases   ] GC(4)   Post Evacuate Collection Set: 0.60ms
[2026-06-18T11:43:11.959+0530][gc,phases   ] GC(4)   Other: 0.30ms
[2026-06-18T11:43:11.959+0530][gc,heap     ] GC(4) Eden regions: 17->0(49)
[2026-06-18T11:43:11.959+0530][gc,heap     ] GC(4) Survivor regions: 7->2(7)
[2026-06-18T11:43:11.959+0530][gc,heap     ] GC(4) Old regions: 8->14
[2026-06-18T11:43:11.959+0530][gc,heap     ] GC(4) Archive regions: 2->2
[2026-06-18T11:43:11.959+0530][gc,heap     ] GC(4) Humongous regions: 129->129
[2026-06-18T11:43:11.959+0530][gc,metaspace] GC(4) Metaspace: 35693K(35968K)->35693K(35968K) NonClass: 31556K(31680K)->31556K(31680K) Class: 4136K(4288K)->4136K(4288K)
[2026-06-18T11:43:11.959+0530][gc          ] GC(4) Pause Young (Concurrent Start) (Metadata GC Threshold) 159M->144M(1024M) 5.556ms
[2026-06-18T11:43:11.959+0530][gc,cpu      ] GC(4) User=0.02s Sys=0.02s Real=0.01s
[2026-06-18T11:43:11.959+0530][gc          ] GC(5) Concurrent Mark Cycle
[2026-06-18T11:43:11.959+0530][gc,marking  ] GC(5) Concurrent Clear Claimed Marks
[2026-06-18T11:43:11.959+0530][gc,marking  ] GC(5) Concurrent Clear Claimed Marks 0.033ms
[2026-06-18T11:43:11.959+0530][gc,marking  ] GC(5) Concurrent Scan Root Regions
[2026-06-18T11:43:11.961+0530][gc,marking  ] GC(5) Concurrent Scan Root Regions 2.272ms
[2026-06-18T11:43:11.961+0530][gc,marking  ] GC(5) Concurrent Mark
[2026-06-18T11:43:11.961+0530][gc,marking  ] GC(5) Concurrent Mark From Roots
[2026-06-18T11:43:11.961+0530][gc,task     ] GC(5) Using 3 workers of 3 for marking
[2026-06-18T11:43:11.966+0530][gc,marking  ] GC(5) Concurrent Mark From Roots 4.763ms
[2026-06-18T11:43:11.966+0530][gc,marking  ] GC(5) Concurrent Preclean
[2026-06-18T11:43:11.966+0530][gc,marking  ] GC(5) Concurrent Preclean 0.160ms
[2026-06-18T11:43:11.966+0530][gc,start    ] GC(5) Pause Remark
[2026-06-18T11:43:11.968+0530][gc          ] GC(5) Pause Remark 145M->145M(1024M) 1.746ms
[2026-06-18T11:43:11.968+0530][gc,cpu      ] GC(5) User=0.01s Sys=0.00s Real=0.00s
[2026-06-18T11:43:11.968+0530][gc,marking  ] GC(5) Concurrent Mark 7.140ms
[2026-06-18T11:43:11.968+0530][gc,marking  ] GC(5) Concurrent Rebuild Remembered Sets
[2026-06-18T11:43:11.972+0530][gc,marking  ] GC(5) Concurrent Rebuild Remembered Sets 3.428ms
[2026-06-18T11:43:11.972+0530][gc,start    ] GC(5) Pause Cleanup
[2026-06-18T11:43:11.972+0530][gc          ] GC(5) Pause Cleanup 145M->145M(1024M) 0.116ms
[2026-06-18T11:43:11.972+0530][gc,cpu      ] GC(5) User=0.00s Sys=0.00s Real=0.00s
[2026-06-18T11:43:11.972+0530][gc,marking  ] GC(5) Concurrent Cleanup for Next Mark
[2026-06-18T11:43:11.978+0530][gc,marking  ] GC(5) Concurrent Cleanup for Next Mark 5.572ms
[2026-06-18T11:43:11.978+0530][gc          ] GC(5) Concurrent Mark Cycle 19.139ms
[2026-06-18T11:46:53.329+0530][gc,start    ] GC(6) Pause Young (Normal) (G1 Evacuation Pause)
[2026-06-18T11:46:53.329+0530][gc,task     ] GC(6) Using 10 workers of 10 for evacuation
[2026-06-18T11:46:53.335+0530][gc,phases   ] GC(6)   Pre Evacuate Collection Set: 0.24ms
[2026-06-18T11:46:53.335+0530][gc,phases   ] GC(6)   Merge Heap Roots: 0.15ms
[2026-06-18T11:46:53.335+0530][gc,phases   ] GC(6)   Evacuate Collection Set: 4.55ms
[2026-06-18T11:46:53.335+0530][gc,phases   ] GC(6)   Post Evacuate Collection Set: 0.82ms
[2026-06-18T11:46:53.335+0530][gc,phases   ] GC(6)   Other: 0.31ms
[2026-06-18T11:46:53.335+0530][gc,heap     ] GC(6) Eden regions: 49->0(47)
[2026-06-18T11:46:53.335+0530][gc,heap     ] GC(6) Survivor regions: 2->4(7)
[2026-06-18T11:46:53.335+0530][gc,heap     ] GC(6) Old regions: 14->14
[2026-06-18T11:46:53.335+0530][gc,heap     ] GC(6) Archive regions: 2->2
[2026-06-18T11:46:53.335+0530][gc,heap     ] GC(6) Humongous regions: 129->129
[2026-06-18T11:46:53.335+0530][gc,metaspace] GC(6) Metaspace: 41107K(41728K)->41107K(41728K) NonClass: 36242K(36608K)->36242K(36608K) Class: 4865K(5120K)->4865K(5120K)
[2026-06-18T11:46:53.335+0530][gc          ] GC(6) Pause Young (Normal) (G1 Evacuation Pause) 193M->147M(1024M) 6.175ms
[2026-06-18T11:46:53.335+0530][gc,cpu      ] GC(6) User=0.05s Sys=0.00s Real=0.01s
[2026-06-18T11:56:41.316+0530][gc,start    ] GC(7) Pause Young (Normal) (G1 Evacuation Pause)
[2026-06-18T11:56:41.317+0530][gc,task     ] GC(7) Using 10 workers of 10 for evacuation
[2026-06-18T11:56:41.361+0530][gc,mmu      ] GC(7) MMU target violated: 21.0ms (20.0ms/21.0ms)
[2026-06-18T11:56:41.361+0530][gc,phases   ] GC(7)   Pre Evacuate Collection Set: 7.96ms
[2026-06-18T11:56:41.362+0530][gc,phases   ] GC(7)   Merge Heap Roots: 1.99ms
[2026-06-18T11:56:41.362+0530][gc,phases   ] GC(7)   Evacuate Collection Set: 28.61ms
[2026-06-18T11:56:41.362+0530][gc,phases   ] GC(7)   Post Evacuate Collection Set: 4.04ms
[2026-06-18T11:56:41.362+0530][gc,phases   ] GC(7)   Other: 4.19ms
[2026-06-18T11:56:41.362+0530][gc,heap     ] GC(7) Eden regions: 47->0(46)
[2026-06-18T11:56:41.362+0530][gc,heap     ] GC(7) Survivor regions: 4->5(7)
[2026-06-18T11:56:41.362+0530][gc,heap     ] GC(7) Old regions: 14->15
[2026-06-18T11:56:41.362+0530][gc,heap     ] GC(7) Archive regions: 2->2
[2026-06-18T11:56:41.362+0530][gc,heap     ] GC(7) Humongous regions: 129->129
[2026-06-18T11:56:41.362+0530][gc,metaspace] GC(7) Metaspace: 41914K(42496K)->41914K(42496K) NonClass: 37013K(37312K)->37013K(37312K) Class: 4901K(5184K)->4901K(5184K)
[2026-06-18T11:56:41.362+0530][gc          ] GC(7) Pause Young (Normal) (G1 Evacuation Pause) 194M->148M(1024M) 46.220ms
[2026-06-18T11:56:41.362+0530][gc,cpu      ] GC(7) User=0.03s Sys=0.08s Real=0.04s
[2026-06-18T12:07:07.188+0530][gc,start    ] GC(8) Pause Young (Normal) (G1 Evacuation Pause)
[2026-06-18T12:07:07.188+0530][gc,task     ] GC(8) Using 10 workers of 10 for evacuation
[2026-06-18T12:07:07.194+0530][gc,phases   ] GC(8)   Pre Evacuate Collection Set: 0.16ms
[2026-06-18T12:07:07.194+0530][gc,phases   ] GC(8)   Merge Heap Roots: 0.07ms
[2026-06-18T12:07:07.194+0530][gc,phases   ] GC(8)   Evacuate Collection Set: 3.12ms
[2026-06-18T12:07:07.194+0530][gc,phases   ] GC(8)   Post Evacuate Collection Set: 2.12ms
[2026-06-18T12:07:07.194+0530][gc,phases   ] GC(8)   Other: 0.21ms
[2026-06-18T12:07:07.194+0530][gc,heap     ] GC(8) Eden regions: 46->0(48)
[2026-06-18T12:07:07.194+0530][gc,heap     ] GC(8) Survivor regions: 5->3(7)
[2026-06-18T12:07:07.194+0530][gc,heap     ] GC(8) Old regions: 15->17
[2026-06-18T12:07:07.194+0530][gc,heap     ] GC(8) Archive regions: 2->2
[2026-06-18T12:07:07.194+0530][gc,heap     ] GC(8) Humongous regions: 129->129
[2026-06-18T12:07:07.194+0530][gc,metaspace] GC(8) Metaspace: 42166K(42752K)->42166K(42752K) NonClass: 37265K(37568K)->37265K(37568K) Class: 4901K(5184K)->4901K(5184K)
[2026-06-18T12:07:07.194+0530][gc          ] GC(8) Pause Young (Normal) (G1 Evacuation Pause) 194M->149M(1024M) 5.969ms
[2026-06-18T12:07:07.194+0530][gc,cpu      ] GC(8) User=0.02s Sys=0.01s Real=0.01s
[2026-06-18T12:18:42.542+0530][gc,start    ] GC(9) Pause Young (Normal) (G1 Evacuation Pause)
[2026-06-18T12:18:42.542+0530][gc,task     ] GC(9) Using 10 workers of 10 for evacuation
[2026-06-18T12:18:42.550+0530][gc,phases   ] GC(9)   Pre Evacuate Collection Set: 0.17ms
[2026-06-18T12:18:42.550+0530][gc,phases   ] GC(9)   Merge Heap Roots: 0.08ms
[2026-06-18T12:18:42.550+0530][gc,phases   ] GC(9)   Evacuate Collection Set: 6.53ms
[2026-06-18T12:18:42.550+0530][gc,phases   ] GC(9)   Post Evacuate Collection Set: 0.69ms
[2026-06-18T12:18:42.550+0530][gc,phases   ] GC(9)   Other: 0.25ms
[2026-06-18T12:18:42.550+0530][gc,heap     ] GC(9) Eden regions: 48->0(48)
[2026-06-18T12:18:42.550+0530][gc,heap     ] GC(9) Survivor regions: 3->3(7)
[2026-06-18T12:18:42.550+0530][gc,heap     ] GC(9) Old regions: 17->17
[2026-06-18T12:18:42.550+0530][gc,heap     ] GC(9) Archive regions: 2->2
[2026-06-18T12:18:42.550+0530][gc,heap     ] GC(9) Humongous regions: 129->129
[2026-06-18T12:18:42.550+0530][gc,metaspace] GC(9) Metaspace: 42291K(42944K)->42291K(42944K) NonClass: 37389K(37760K)->37389K(37760K) Class: 4901K(5184K)->4901K(5184K)
[2026-06-18T12:18:42.550+0530][gc          ] GC(9) Pause Young (Normal) (G1 Evacuation Pause) 197M->149M(1024M) 7.948ms
[2026-06-18T12:18:42.550+0530][gc,cpu      ] GC(9) User=0.02s Sys=0.00s Real=0.01s
[2026-06-18T12:28:47.697+0530][gc,start    ] GC(10) Pause Young (Normal) (G1 Evacuation Pause)
[2026-06-18T12:28:47.697+0530][gc,task     ] GC(10) Using 10 workers of 10 for evacuation
[2026-06-18T12:28:47.705+0530][gc,phases   ] GC(10)   Pre Evacuate Collection Set: 0.12ms
[2026-06-18T12:28:47.705+0530][gc,phases   ] GC(10)   Merge Heap Roots: 0.07ms
[2026-06-18T12:28:47.705+0530][gc,phases   ] GC(10)   Evacuate Collection Set: 6.66ms
[2026-06-18T12:28:47.705+0530][gc,phases   ] GC(10)   Post Evacuate Collection Set: 0.63ms
[2026-06-18T12:28:47.705+0530][gc,phases   ] GC(10)   Other: 0.16ms
[2026-06-18T12:28:47.705+0530][gc,heap     ] GC(10) Eden regions: 48->0(68)
[2026-06-18T12:28:47.705+0530][gc,heap     ] GC(10) Survivor regions: 3->4(7)
[2026-06-18T12:28:47.705+0530][gc,heap     ] GC(10) Old regions: 17->17
[2026-06-18T12:28:47.705+0530][gc,heap     ] GC(10) Archive regions: 2->2
[2026-06-18T12:28:47.705+0530][gc,heap     ] GC(10) Humongous regions: 129->129
[2026-06-18T12:28:47.705+0530][gc,metaspace] GC(10) Metaspace: 42508K(43136K)->42508K(43136K) NonClass: 37604K(37952K)->37604K(37952K) Class: 4904K(5184K)->4904K(5184K)
[2026-06-18T12:28:47.705+0530][gc          ] GC(10) Pause Young (Normal) (G1 Evacuation Pause) 197M->149M(1024M) 7.827ms
[2026-06-18T12:28:47.705+0530][gc,cpu      ] GC(10) User=0.02s Sys=0.00s Real=0.01s
[2026-06-18T12:41:35.944+0530][gc,start    ] GC(11) Pause Young (Normal) (G1 Evacuation Pause)
[2026-06-18T12:41:35.944+0530][gc,task     ] GC(11) Using 10 workers of 10 for evacuation
[2026-06-18T12:41:35.960+0530][gc,phases   ] GC(11)   Pre Evacuate Collection Set: 0.19ms
[2026-06-18T12:41:35.960+0530][gc,phases   ] GC(11)   Merge Heap Roots: 0.10ms
[2026-06-18T12:41:35.960+0530][gc,phases   ] GC(11)   Evacuate Collection Set: 2.90ms
[2026-06-18T12:41:35.960+0530][gc,phases   ] GC(11)   Post Evacuate Collection Set: 2.63ms
[2026-06-18T12:41:35.960+0530][gc,phases   ] GC(11)   Other: 9.69ms
[2026-06-18T12:41:35.960+0530][gc,heap     ] GC(11) Eden regions: 68->0(77)
[2026-06-18T12:41:35.960+0530][gc,heap     ] GC(11) Survivor regions: 4->4(9)
[2026-06-18T12:41:35.960+0530][gc,heap     ] GC(11) Old regions: 17->17
[2026-06-18T12:41:35.960+0530][gc,heap     ] GC(11) Archive regions: 2->2
[2026-06-18T12:41:35.960+0530][gc,heap     ] GC(11) Humongous regions: 129->129
[2026-06-18T12:41:35.960+0530][gc,metaspace] GC(11) Metaspace: 42625K(43264K)->42625K(43264K) NonClass: 37715K(38080K)->37715K(38080K) Class: 4909K(5184K)->4909K(5184K)
[2026-06-18T12:41:35.960+0530][gc          ] GC(11) Pause Young (Normal) (G1 Evacuation Pause) 217M->150M(1024M) 15.679ms
[2026-06-18T12:41:35.960+0530][gc,cpu      ] GC(11) User=0.02s Sys=0.01s Real=0.01s
[2026-06-18T12:52:01.231+0530][gc,start    ] GC(12) Pause Young (Normal) (G1 Evacuation Pause)
[2026-06-18T12:52:01.232+0530][gc,task     ] GC(12) Using 10 workers of 10 for evacuation
[2026-06-18T12:52:01.245+0530][gc,phases   ] GC(12)   Pre Evacuate Collection Set: 0.31ms
[2026-06-18T12:52:01.245+0530][gc,phases   ] GC(12)   Merge Heap Roots: 0.14ms
[2026-06-18T12:52:01.245+0530][gc,phases   ] GC(12)   Evacuate Collection Set: 3.53ms
[2026-06-18T12:52:01.245+0530][gc,phases   ] GC(12)   Post Evacuate Collection Set: 2.64ms
[2026-06-18T12:52:01.245+0530][gc,phases   ] GC(12)   Other: 6.54ms
[2026-06-18T12:52:01.245+0530][gc,heap     ] GC(12) Eden regions: 77->0(49)
[2026-06-18T12:52:01.245+0530][gc,heap     ] GC(12) Survivor regions: 4->6(11)
[2026-06-18T12:52:01.245+0530][gc,heap     ] GC(12) Old regions: 17->17
[2026-06-18T12:52:01.245+0530][gc,heap     ] GC(12) Archive regions: 2->2
[2026-06-18T12:52:01.245+0530][gc,heap     ] GC(12) Humongous regions: 129->129
[2026-06-18T12:52:01.245+0530][gc,metaspace] GC(12) Metaspace: 42677K(43264K)->42677K(43264K) NonClass: 37764K(38080K)->37764K(38080K) Class: 4913K(5184K)->4913K(5184K)
[2026-06-18T12:52:01.245+0530][gc          ] GC(12) Pause Young (Normal) (G1 Evacuation Pause) 227M->152M(1024M) 13.474ms
[2026-06-18T12:52:01.245+0530][gc,cpu      ] GC(12) User=0.03s Sys=0.00s Real=0.02s
[2026-06-18T12:59:22.351+0530][gc,start    ] GC(13) Pause Young (Normal) (G1 Evacuation Pause)
[2026-06-18T12:59:22.358+0530][gc,task     ] GC(13) Using 10 workers of 10 for evacuation
[2026-06-18T12:59:22.365+0530][gc,phases   ] GC(13)   Pre Evacuate Collection Set: 0.31ms
[2026-06-18T12:59:22.365+0530][gc,phases   ] GC(13)   Merge Heap Roots: 0.11ms
[2026-06-18T12:59:22.365+0530][gc,phases   ] GC(13)   Evacuate Collection Set: 3.71ms
[2026-06-18T12:59:22.365+0530][gc,phases   ] GC(13)   Post Evacuate Collection Set: 2.61ms
[2026-06-18T12:59:22.365+0530][gc,phases   ] GC(13)   Other: 6.81ms
[2026-06-18T12:59:22.365+0530][gc,heap     ] GC(13) Eden regions: 49->0(152)
[2026-06-18T12:59:22.365+0530][gc,heap     ] GC(13) Survivor regions: 6->4(7)
[2026-06-18T12:59:22.365+0530][gc,heap     ] GC(13) Old regions: 17->20
[2026-06-18T12:59:22.365+0530][gc,heap     ] GC(13) Archive regions: 2->2
[2026-06-18T12:59:22.365+0530][gc,heap     ] GC(13) Humongous regions: 129->129
[2026-06-18T12:59:22.365+0530][gc,metaspace] GC(13) Metaspace: 42694K(43264K)->42694K(43264K) NonClass: 37781K(38080K)->37781K(38080K) Class: 4913K(5184K)->4913K(5184K)
[2026-06-18T12:59:22.365+0530][gc          ] GC(13) Pause Young (Normal) (G1 Evacuation Pause) 201M->153M(1024M) 13.735ms
[2026-06-18T12:59:22.365+0530][gc,cpu      ] GC(13) User=0.04s Sys=0.01s Real=0.02s
[2026-06-18T13:19:35.783+0530][gc,start    ] GC(14) Pause Young (Normal) (G1 Evacuation Pause)
[2026-06-18T13:19:35.783+0530][gc,task     ] GC(14) Using 10 workers of 10 for evacuation
[2026-06-18T13:19:35.798+0530][gc,phases   ] GC(14)   Pre Evacuate Collection Set: 0.23ms
[2026-06-18T13:19:35.798+0530][gc,phases   ] GC(14)   Merge Heap Roots: 0.15ms
[2026-06-18T13:19:35.798+0530][gc,phases   ] GC(14)   Evacuate Collection Set: 4.07ms
[2026-06-18T13:19:35.798+0530][gc,phases   ] GC(14)   Post Evacuate Collection Set: 4.04ms
[2026-06-18T13:19:35.798+0530][gc,phases   ] GC(14)   Other: 6.50ms
[2026-06-18T13:19:35.798+0530][gc,heap     ] GC(14) Eden regions: 139->0(139)
[2026-06-18T13:19:35.798+0530][gc,heap     ] GC(14) Survivor regions: 4->4(18)
[2026-06-18T13:19:35.798+0530][gc,heap     ] GC(14) Old regions: 20->20
[2026-06-18T13:19:35.798+0530][gc,heap     ] GC(14) Archive regions: 2->2
[2026-06-18T13:19:35.798+0530][gc,heap     ] GC(14) Humongous regions: 129->129
[2026-06-18T13:19:35.798+0530][gc,metaspace] GC(14) Metaspace: 42736K(43328K)->42736K(43328K) NonClass: 37822K(38144K)->37822K(38144K) Class: 4914K(5184K)->4914K(5184K)
[2026-06-18T13:19:35.798+0530][gc          ] GC(14) Pause Young (Normal) (G1 Evacuation Pause) 292M->152M(1024M) 15.314ms
[2026-06-18T13:19:35.798+0530][gc,cpu      ] GC(14) User=0.04s Sys=0.01s Real=0.02s
[2026-06-18T13:33:49.147+0530][gc,start    ] GC(15) Pause Young (Normal) (G1 Evacuation Pause)
[2026-06-18T13:33:49.147+0530][gc,task     ] GC(15) Using 10 workers of 10 for evacuation
[2026-06-18T13:33:49.157+0530][gc,phases   ] GC(15)   Pre Evacuate Collection Set: 0.17ms
[2026-06-18T13:33:49.157+0530][gc,phases   ] GC(15)   Merge Heap Roots: 0.11ms
[2026-06-18T13:33:49.157+0530][gc,phases   ] GC(15)   Evacuate Collection Set: 2.63ms
[2026-06-18T13:33:49.157+0530][gc,phases   ] GC(15)   Post Evacuate Collection Set: 6.82ms
[2026-06-18T13:33:49.157+0530][gc,phases   ] GC(15)   Other: 0.28ms
[2026-06-18T13:33:49.158+0530][gc,heap     ] GC(15) Eden regions: 128->0(183)
[2026-06-18T13:33:49.158+0530][gc,heap     ] GC(15) Survivor regions: 4->4(17)
[2026-06-18T13:33:49.158+0530][gc,heap     ] GC(15) Old regions: 20->20
[2026-06-18T13:33:49.158+0530][gc,heap     ] GC(15) Archive regions: 2->2
[2026-06-18T13:33:49.158+0530][gc,heap     ] GC(15) Humongous regions: 129->129
[2026-06-18T13:33:49.158+0530][gc,metaspace] GC(15) Metaspace: 42752K(43328K)->42752K(43328K) NonClass: 37838K(38144K)->37838K(38144K) Class: 4914K(5184K)->4914K(5184K)
[2026-06-18T13:33:49.158+0530][gc          ] GC(15) Pause Young (Normal) (G1 Evacuation Pause) 280M->152M(1024M) 10.199ms
[2026-06-18T13:33:49.158+0530][gc,cpu      ] GC(15) User=0.02s Sys=0.00s Real=0.01s
[2026-06-18T13:52:54.953+0530][gc,start    ] GC(16) Pause Young (Normal) (G1 Evacuation Pause)
[2026-06-18T13:52:54.953+0530][gc,task     ] GC(16) Using 10 workers of 10 for evacuation
[2026-06-18T13:52:54.966+0530][gc,phases   ] GC(16)   Pre Evacuate Collection Set: 0.20ms
[2026-06-18T13:52:54.966+0530][gc,phases   ] GC(16)   Merge Heap Roots: 0.10ms
[2026-06-18T13:52:54.966+0530][gc,phases   ] GC(16)   Evacuate Collection Set: 2.77ms
[2026-06-18T13:52:54.966+0530][gc,phases   ] GC(16)   Post Evacuate Collection Set: 9.18ms
[2026-06-18T13:52:54.966+0530][gc,phases   ] GC(16)   Other: 0.32ms
[2026-06-18T13:52:54.966+0530][gc,heap     ] GC(16) Eden regions: 176->0(156)
[2026-06-18T13:52:54.966+0530][gc,heap     ] GC(16) Survivor regions: 4->4(23)
[2026-06-18T13:52:54.966+0530][gc,heap     ] GC(16) Old regions: 20->20
[2026-06-18T13:52:54.966+0530][gc,heap     ] GC(16) Archive regions: 2->2
[2026-06-18T13:52:54.966+0530][gc,heap     ] GC(16) Humongous regions: 129->129
[2026-06-18T13:52:54.966+0530][gc,metaspace] GC(16) Metaspace: 42777K(43328K)->42777K(43328K) NonClass: 37863K(38144K)->37863K(38144K) Class: 4914K(5184K)->4914K(5184K)
[2026-06-18T13:52:54.966+0530][gc          ] GC(16) Pause Young (Normal) (G1 Evacuation Pause) 328M->152M(1024M) 12.802ms
[2026-06-18T13:52:54.966+0530][gc,cpu      ] GC(16) User=0.02s Sys=0.01s Real=0.02s
[2026-06-18T14:10:28.011+0530][gc,start    ] GC(17) Pause Young (Normal) (G1 Evacuation Pause)
[2026-06-18T14:10:28.011+0530][gc,task     ] GC(17) Using 10 workers of 10 for evacuation
[2026-06-18T14:10:28.020+0530][gc,phases   ] GC(17)   Pre Evacuate Collection Set: 0.18ms
[2026-06-18T14:10:28.020+0530][gc,phases   ] GC(17)   Merge Heap Roots: 0.12ms
[2026-06-18T14:10:28.020+0530][gc,phases   ] GC(17)   Evacuate Collection Set: 1.68ms
[2026-06-18T14:10:28.020+0530][gc,phases   ] GC(17)   Post Evacuate Collection Set: 6.72ms
[2026-06-18T14:10:28.020+0530][gc,phases   ] GC(17)   Other: 0.30ms
[2026-06-18T14:10:28.020+0530][gc,heap     ] GC(17) Eden regions: 156->0(224)
[2026-06-18T14:10:28.020+0530][gc,heap     ] GC(17) Survivor regions: 4->4(20)
[2026-06-18T14:10:28.020+0530][gc,heap     ] GC(17) Old regions: 20->20
[2026-06-18T14:10:28.020+0530][gc,heap     ] GC(17) Archive regions: 2->2
[2026-06-18T14:10:28.020+0530][gc,heap     ] GC(17) Humongous regions: 129->129
[2026-06-18T14:10:28.020+0530][gc,metaspace] GC(17) Metaspace: 42779K(43328K)->42779K(43328K) NonClass: 37865K(38144K)->37865K(38144K) Class: 4914K(5184K)->4914K(5184K)
[2026-06-18T14:10:28.020+0530][gc          ] GC(17) Pause Young (Normal) (G1 Evacuation Pause) 308M->152M(1024M) 9.111ms
[2026-06-18T14:10:28.020+0530][gc,cpu      ] GC(17) User=0.02s Sys=0.00s Real=0.01s
[2026-06-18T14:36:09.110+0530][gc,start    ] GC(18) Pause Young (Normal) (G1 Evacuation Pause)
[2026-06-18T14:36:09.110+0530][gc,task     ] GC(18) Using 10 workers of 10 for evacuation
[2026-06-18T14:36:09.116+0530][gc,phases   ] GC(18)   Pre Evacuate Collection Set: 0.08ms
[2026-06-18T14:36:09.117+0530][gc,phases   ] GC(18)   Merge Heap Roots: 0.06ms
[2026-06-18T14:36:09.117+0530][gc,phases   ] GC(18)   Evacuate Collection Set: 2.43ms
[2026-06-18T14:36:09.117+0530][gc,phases   ] GC(18)   Post Evacuate Collection Set: 3.62ms
[2026-06-18T14:36:09.117+0530][gc,phases   ] GC(18)   Other: 0.13ms
[2026-06-18T14:36:09.117+0530][gc,heap     ] GC(18) Eden regions: 224->0(344)
[2026-06-18T14:36:09.117+0530][gc,heap     ] GC(18) Survivor regions: 4->4(29)
[2026-06-18T14:36:09.117+0530][gc,heap     ] GC(18) Old regions: 20->20
[2026-06-18T14:36:09.117+0530][gc,heap     ] GC(18) Archive regions: 2->2
[2026-06-18T14:36:09.117+0530][gc,heap     ] GC(18) Humongous regions: 129->129
[2026-06-18T14:36:09.117+0530][gc,metaspace] GC(18) Metaspace: 42792K(43392K)->42792K(43392K) NonClass: 37878K(38208K)->37878K(38208K) Class: 4914K(5184K)->4914K(5184K)
[2026-06-18T14:36:09.117+0530][gc          ] GC(18) Pause Young (Normal) (G1 Evacuation Pause) 376M->153M(1024M) 6.424ms
[2026-06-18T14:36:09.117+0530][gc,cpu      ] GC(18) User=0.02s Sys=0.00s Real=0.01s
[2026-06-18T14:48:26.035+0530][gc,start    ] GC(19) Pause Young (Normal) (G1 Evacuation Pause)
[2026-06-18T14:48:26.036+0530][gc,task     ] GC(19) Using 10 workers of 10 for evacuation
[2026-06-18T14:48:26.085+0530][gc,mmu      ] GC(19) MMU target violated: 21.0ms (20.0ms/21.0ms)
[2026-06-18T14:48:26.085+0530][gc,phases   ] GC(19)   Pre Evacuate Collection Set: 6.99ms
[2026-06-18T14:48:26.085+0530][gc,phases   ] GC(19)   Merge Heap Roots: 4.01ms
[2026-06-18T14:48:26.085+0530][gc,phases   ] GC(19)   Evacuate Collection Set: 32.82ms
[2026-06-18T14:48:26.085+0530][gc,phases   ] GC(19)   Post Evacuate Collection Set: 3.97ms
[2026-06-18T14:48:26.085+0530][gc,phases   ] GC(19)   Other: 8.71ms
[2026-06-18T14:48:26.085+0530][gc,heap     ] GC(19) Eden regions: 344->0(46)
[2026-06-18T14:48:26.085+0530][gc,heap     ] GC(19) Survivor regions: 4->5(44)
[2026-06-18T14:48:26.085+0530][gc,heap     ] GC(19) Old regions: 20->20
[2026-06-18T14:48:26.085+0530][gc,heap     ] GC(19) Archive regions: 2->2
[2026-06-18T14:48:26.085+0530][gc,heap     ] GC(19) Humongous regions: 129->129
[2026-06-18T14:48:26.085+0530][gc,metaspace] GC(19) Metaspace: 43156K(43712K)->43156K(43712K) NonClass: 38230K(38528K)->38230K(38528K) Class: 4925K(5184K)->4925K(5184K)
[2026-06-18T14:48:26.085+0530][gc          ] GC(19) Pause Young (Normal) (G1 Evacuation Pause) 497M->154M(1024M) 50.293ms
[2026-06-18T14:48:26.085+0530][gc,cpu      ] GC(19) User=0.02s Sys=0.06s Real=0.05s
[2026-06-18T14:49:39.099+0530][gc,start    ] GC(20) Pause Young (Normal) (G1 Evacuation Pause)
[2026-06-18T14:49:39.099+0530][gc,task     ] GC(20) Using 10 workers of 10 for evacuation
[2026-06-18T14:49:39.107+0530][gc,phases   ] GC(20)   Pre Evacuate Collection Set: 0.08ms
[2026-06-18T14:49:39.107+0530][gc,phases   ] GC(20)   Merge Heap Roots: 0.04ms
[2026-06-18T14:49:39.107+0530][gc,phases   ] GC(20)   Evacuate Collection Set: 4.53ms
[2026-06-18T14:49:39.107+0530][gc,phases   ] GC(20)   Post Evacuate Collection Set: 2.57ms
[2026-06-18T14:49:39.107+0530][gc,phases   ] GC(20)   Other: 0.11ms
[2026-06-18T14:49:39.107+0530][gc,heap     ] GC(20) Eden regions: 46->0(55)
[2026-06-18T14:49:39.107+0530][gc,heap     ] GC(20) Survivor regions: 5->3(7)
[2026-06-18T14:49:39.107+0530][gc,heap     ] GC(20) Old regions: 20->22
[2026-06-18T14:49:39.107+0530][gc,heap     ] GC(20) Archive regions: 2->2
[2026-06-18T14:49:39.107+0530][gc,heap     ] GC(20) Humongous regions: 129->129
[2026-06-18T14:49:39.107+0530][gc,metaspace] GC(20) Metaspace: 43157K(43712K)->43157K(43712K) NonClass: 38231K(38528K)->38231K(38528K) Class: 4925K(5184K)->4925K(5184K)
[2026-06-18T14:49:39.107+0530][gc          ] GC(20) Pause Young (Normal) (G1 Evacuation Pause) 200M->154M(1024M) 7.505ms
[2026-06-18T14:49:39.107+0530][gc,cpu      ] GC(20) User=0.02s Sys=0.01s Real=0.01s
[2026-06-18T14:49:43.951+0530][gc,start    ] GC(21) Pause Young (Normal) (G1 Evacuation Pause)
[2026-06-18T14:49:43.951+0530][gc,task     ] GC(21) Using 10 workers of 10 for evacuation
[2026-06-18T14:49:43.959+0530][gc,phases   ] GC(21)   Pre Evacuate Collection Set: 0.07ms
[2026-06-18T14:49:43.959+0530][gc,phases   ] GC(21)   Merge Heap Roots: 0.04ms
[2026-06-18T14:49:43.959+0530][gc,phases   ] GC(21)   Evacuate Collection Set: 7.43ms
[2026-06-18T14:49:43.959+0530][gc,phases   ] GC(21)   Post Evacuate Collection Set: 0.21ms
[2026-06-18T14:49:43.959+0530][gc,phases   ] GC(21)   Other: 0.10ms
[2026-06-18T14:49:43.959+0530][gc,heap     ] GC(21) Eden regions: 55->0(46)
[2026-06-18T14:49:43.959+0530][gc,heap     ] GC(21) Survivor regions: 3->5(8)
[2026-06-18T14:49:43.959+0530][gc,heap     ] GC(21) Old regions: 22->22
[2026-06-18T14:49:43.959+0530][gc,heap     ] GC(21) Archive regions: 2->2
[2026-06-18T14:49:43.959+0530][gc,heap     ] GC(21) Humongous regions: 129->129
[2026-06-18T14:49:43.959+0530][gc,metaspace] GC(21) Metaspace: 43157K(43712K)->43157K(43712K) NonClass: 38231K(38528K)->38231K(38528K) Class: 4925K(5184K)->4925K(5184K)
[2026-06-18T14:49:43.959+0530][gc          ] GC(21) Pause Young (Normal) (G1 Evacuation Pause) 209M->156M(1024M) 7.939ms
[2026-06-18T14:49:43.959+0530][gc,cpu      ] GC(21) User=0.02s Sys=0.01s Real=0.01s
[2026-06-18T14:49:48.002+0530][gc,start    ] GC(22) Pause Young (Normal) (G1 Evacuation Pause)
[2026-06-18T14:49:48.002+0530][gc,task     ] GC(22) Using 10 workers of 10 for evacuation
[2026-06-18T14:49:48.005+0530][gc,phases   ] GC(22)   Pre Evacuate Collection Set: 0.09ms
[2026-06-18T14:49:48.005+0530][gc,phases   ] GC(22)   Merge Heap Roots: 0.05ms
[2026-06-18T14:49:48.005+0530][gc,phases   ] GC(22)   Evacuate Collection Set: 2.90ms
[2026-06-18T14:49:48.005+0530][gc,phases   ] GC(22)   Post Evacuate Collection Set: 0.22ms
[2026-06-18T14:49:48.005+0530][gc,phases   ] GC(22)   Other: 0.13ms
[2026-06-18T14:49:48.005+0530][gc,heap     ] GC(22) Eden regions: 46->0(89)
[2026-06-18T14:49:48.005+0530][gc,heap     ] GC(22) Survivor regions: 5->4(7)
[2026-06-18T14:49:48.005+0530][gc,heap     ] GC(22) Old regions: 22->24
[2026-06-18T14:49:48.005+0530][gc,heap     ] GC(22) Archive regions: 2->2
[2026-06-18T14:49:48.005+0530][gc,heap     ] GC(22) Humongous regions: 129->129
[2026-06-18T14:49:48.005+0530][gc,metaspace] GC(22) Metaspace: 43191K(43712K)->43191K(43712K) NonClass: 38265K(38528K)->38265K(38528K) Class: 4925K(5184K)->4925K(5184K)
[2026-06-18T14:49:48.005+0530][gc          ] GC(22) Pause Young (Normal) (G1 Evacuation Pause) 202M->157M(1024M) 3.595ms
[2026-06-18T14:49:48.005+0530][gc,cpu      ] GC(22) User=0.02s Sys=0.01s Real=0.01s
[2026-06-18T14:50:09.978+0530][gc,start    ] GC(23) Pause Young (Normal) (G1 Evacuation Pause)
[2026-06-18T14:50:09.979+0530][gc,task     ] GC(23) Using 10 workers of 10 for evacuation
[2026-06-18T14:50:10.002+0530][gc,mmu      ] GC(23) MMU target violated: 21.0ms (20.0ms/21.0ms)
[2026-06-18T14:50:10.002+0530][gc,phases   ] GC(23)   Pre Evacuate Collection Set: 2.57ms
[2026-06-18T14:50:10.002+0530][gc,phases   ] GC(23)   Merge Heap Roots: 2.00ms
[2026-06-18T14:50:10.002+0530][gc,phases   ] GC(23)   Evacuate Collection Set: 14.01ms
[2026-06-18T14:50:10.002+0530][gc,phases   ] GC(23)   Post Evacuate Collection Set: 3.06ms
[2026-06-18T14:50:10.002+0530][gc,phases   ] GC(23)   Other: 2.80ms
[2026-06-18T14:50:10.002+0530][gc,heap     ] GC(23) Eden regions: 79->0(46)
[2026-06-18T14:50:10.002+0530][gc,heap     ] GC(23) Survivor regions: 4->5(11)
[2026-06-18T14:50:10.002+0530][gc,heap     ] GC(23) Old regions: 24->24
[2026-06-18T14:50:10.002+0530][gc,heap     ] GC(23) Archive regions: 2->2
[2026-06-18T14:50:10.002+0530][gc,heap     ] GC(23) Humongous regions: 129->129
[2026-06-18T14:50:10.002+0530][gc,metaspace] GC(23) Metaspace: 43207K(43776K)->43207K(43776K) NonClass: 38281K(38592K)->38281K(38592K) Class: 4925K(5184K)->4925K(5184K)
[2026-06-18T14:50:10.002+0530][gc          ] GC(23) Pause Young (Normal) (G1 Evacuation Pause) 236M->158M(1024M) 24.633ms
[2026-06-18T14:50:10.002+0530][gc,cpu      ] GC(23) User=0.02s Sys=0.03s Real=0.02s
[2026-06-18T14:54:57.087+0530][gc,start    ] GC(24) Pause Young (Normal) (G1 Evacuation Pause)
[2026-06-18T14:54:57.087+0530][gc,task     ] GC(24) Using 10 workers of 10 for evacuation
[2026-06-18T14:54:57.098+0530][gc,phases   ] GC(24)   Pre Evacuate Collection Set: 0.11ms
[2026-06-18T14:54:57.098+0530][gc,phases   ] GC(24)   Merge Heap Roots: 0.09ms
[2026-06-18T14:54:57.098+0530][gc,phases   ] GC(24)   Evacuate Collection Set: 7.54ms
[2026-06-18T14:54:57.098+0530][gc,phases   ] GC(24)   Post Evacuate Collection Set: 3.02ms
[2026-06-18T14:54:57.098+0530][gc,phases   ] GC(24)   Other: 0.15ms
[2026-06-18T14:54:57.098+0530][gc,heap     ] GC(24) Eden regions: 46->0(45)
[2026-06-18T14:54:57.098+0530][gc,heap     ] GC(24) Survivor regions: 5->6(7)
[2026-06-18T14:54:57.098+0530][gc,heap     ] GC(24) Old regions: 24->26
[2026-06-18T14:54:57.098+0530][gc,heap     ] GC(24) Archive regions: 2->2
[2026-06-18T14:54:57.098+0530][gc,heap     ] GC(24) Humongous regions: 129->129
[2026-06-18T14:54:57.098+0530][gc,metaspace] GC(24) Metaspace: 43208K(43776K)->43208K(43776K) NonClass: 38282K(38592K)->38282K(38592K) Class: 4925K(5184K)->4925K(5184K)
[2026-06-18T14:54:57.098+0530][gc          ] GC(24) Pause Young (Normal) (G1 Evacuation Pause) 204M->160M(1024M) 11.159ms
[2026-06-18T14:54:57.098+0530][gc,cpu      ] GC(24) User=0.02s Sys=0.01s Real=0.01s
[2026-06-18T14:59:09.555+0530][gc,start    ] GC(25) Pause Young (Normal) (G1 Evacuation Pause)
[2026-06-18T14:59:09.555+0530][gc,task     ] GC(25) Using 10 workers of 10 for evacuation
[2026-06-18T14:59:09.562+0530][gc,phases   ] GC(25)   Pre Evacuate Collection Set: 0.09ms
[2026-06-18T14:59:09.562+0530][gc,phases   ] GC(25)   Merge Heap Roots: 0.05ms
[2026-06-18T14:59:09.562+0530][gc,phases   ] GC(25)   Evacuate Collection Set: 6.28ms
[2026-06-18T14:59:09.562+0530][gc,phases   ] GC(25)   Post Evacuate Collection Set: 0.25ms
[2026-06-18T14:59:09.562+0530][gc,phases   ] GC(25)   Other: 0.15ms
[2026-06-18T14:59:09.562+0530][gc,heap     ] GC(25) Eden regions: 45->0(44)
[2026-06-18T14:59:09.562+0530][gc,heap     ] GC(25) Survivor regions: 6->7(7)
[2026-06-18T14:59:09.562+0530][gc,heap     ] GC(25) Old regions: 26->29
[2026-06-18T14:59:09.562+0530][gc,heap     ] GC(25) Archive regions: 2->2
[2026-06-18T14:59:09.562+0530][gc,heap     ] GC(25) Humongous regions: 129->129
[2026-06-18T14:59:09.562+0530][gc,metaspace] GC(25) Metaspace: 43212K(43776K)->43212K(43776K) NonClass: 38286K(38592K)->38286K(38592K) Class: 4925K(5184K)->4925K(5184K)
[2026-06-18T14:59:09.562+0530][gc          ] GC(25) Pause Young (Normal) (G1 Evacuation Pause) 205M->164M(1024M) 6.948ms
[2026-06-18T14:59:09.562+0530][gc,cpu      ] GC(25) User=0.03s Sys=0.00s Real=0.00s
[2026-06-18T14:59:12.809+0530][gc,start    ] GC(26) Pause Young (Normal) (G1 Evacuation Pause)
[2026-06-18T14:59:12.809+0530][gc,task     ] GC(26) Using 10 workers of 10 for evacuation
[2026-06-18T14:59:12.821+0530][gc,phases   ] GC(26)   Pre Evacuate Collection Set: 0.09ms
[2026-06-18T14:59:12.822+0530][gc,phases   ] GC(26)   Merge Heap Roots: 0.06ms
[2026-06-18T14:59:12.822+0530][gc,phases   ] GC(26)   Evacuate Collection Set: 8.54ms
[2026-06-18T14:59:12.822+0530][gc,phases   ] GC(26)   Post Evacuate Collection Set: 3.85ms
[2026-06-18T14:59:12.822+0530][gc,phases   ] GC(26)   Other: 0.14ms
[2026-06-18T14:59:12.822+0530][gc,heap     ] GC(26) Eden regions: 44->0(93)
[2026-06-18T14:59:12.822+0530][gc,heap     ] GC(26) Survivor regions: 7->4(7)
[2026-06-18T14:59:12.822+0530][gc,heap     ] GC(26) Old regions: 29->35
[2026-06-18T14:59:12.822+0530][gc,heap     ] GC(26) Archive regions: 2->2
[2026-06-18T14:59:12.822+0530][gc,heap     ] GC(26) Humongous regions: 129->129
[2026-06-18T14:59:12.822+0530][gc,metaspace] GC(26) Metaspace: 43213K(43776K)->43213K(43776K) NonClass: 38287K(38592K)->38287K(38592K) Class: 4925K(5184K)->4925K(5184K)
[2026-06-18T14:59:12.822+0530][gc          ] GC(26) Pause Young (Normal) (G1 Evacuation Pause) 208M->167M(1024M) 12.914ms
[2026-06-18T14:59:12.822+0530][gc,cpu      ] GC(26) User=0.04s Sys=0.01s Real=0.01s
[2026-06-18T14:59:21.107+0530][gc,start    ] GC(27) Pause Young (Normal) (G1 Evacuation Pause)
[2026-06-18T14:59:21.107+0530][gc,task     ] GC(27) Using 10 workers of 10 for evacuation
[2026-06-18T14:59:21.120+0530][gc,phases   ] GC(27)   Pre Evacuate Collection Set: 0.10ms
[2026-06-18T14:59:21.121+0530][gc,phases   ] GC(27)   Merge Heap Roots: 0.05ms
[2026-06-18T14:59:21.121+0530][gc,phases   ] GC(27)   Evacuate Collection Set: 10.72ms
[2026-06-18T14:59:21.121+0530][gc,phases   ] GC(27)   Post Evacuate Collection Set: 2.67ms
[2026-06-18T14:59:21.121+0530][gc,phases   ] GC(27)   Other: 0.13ms
[2026-06-18T14:59:21.121+0530][gc,heap     ] GC(27) Eden regions: 93->0(56)
[2026-06-18T14:59:21.121+0530][gc,heap     ] GC(27) Survivor regions: 4->6(13)
[2026-06-18T14:59:21.121+0530][gc,heap     ] GC(27) Old regions: 35->35
[2026-06-18T14:59:21.121+0530][gc,heap     ] GC(27) Archive regions: 2->2
[2026-06-18T14:59:21.121+0530][gc,heap     ] GC(27) Humongous regions: 129->129
[2026-06-18T14:59:21.121+0530][gc,metaspace] GC(27) Metaspace: 43213K(43776K)->43213K(43776K) NonClass: 38287K(38592K)->38287K(38592K) Class: 4925K(5184K)->4925K(5184K)
[2026-06-18T14:59:21.121+0530][gc          ] GC(27) Pause Young (Normal) (G1 Evacuation Pause) 260M->169M(1024M) 13.793ms
[2026-06-18T14:59:21.121+0530][gc,cpu      ] GC(27) User=0.02s Sys=0.01s Real=0.01s
[2026-06-18T14:59:26.104+0530][gc,start    ] GC(28) Pause Young (Normal) (G1 Evacuation Pause)
[2026-06-18T14:59:26.104+0530][gc,task     ] GC(28) Using 10 workers of 10 for evacuation
[2026-06-18T14:59:26.112+0530][gc,phases   ] GC(28)   Pre Evacuate Collection Set: 0.09ms
[2026-06-18T14:59:26.113+0530][gc,phases   ] GC(28)   Merge Heap Roots: 0.05ms
[2026-06-18T14:59:26.113+0530][gc,phases   ] GC(28)   Evacuate Collection Set: 3.15ms
[2026-06-18T14:59:26.113+0530][gc,phases   ] GC(28)   Post Evacuate Collection Set: 4.90ms
[2026-06-18T14:59:26.113+0530][gc,phases   ] GC(28)   Other: 0.49ms
[2026-06-18T14:59:26.113+0530][gc,heap     ] GC(28) Eden regions: 56->0(118)
[2026-06-18T14:59:26.113+0530][gc,heap     ] GC(28) Survivor regions: 6->4(8)
[2026-06-18T14:59:26.113+0530][gc,heap     ] GC(28) Old regions: 35->38
[2026-06-18T14:59:26.113+0530][gc,heap     ] GC(28) Archive regions: 2->2
[2026-06-18T14:59:26.113+0530][gc,heap     ] GC(28) Humongous regions: 129->129
[2026-06-18T14:59:26.113+0530][gc,metaspace] GC(28) Metaspace: 43213K(43776K)->43213K(43776K) NonClass: 38287K(38592K)->38287K(38592K) Class: 4925K(5184K)->4925K(5184K)
[2026-06-18T14:59:26.113+0530][gc          ] GC(28) Pause Young (Normal) (G1 Evacuation Pause) 225M->170M(1024M) 9.157ms
[2026-06-18T14:59:26.113+0530][gc,cpu      ] GC(28) User=0.02s Sys=0.00s Real=0.00s
[2026-06-18T15:13:09.974+0530][gc,start    ] GC(29) Pause Young (Normal) (G1 Evacuation Pause)
[2026-06-18T15:13:09.974+0530][gc,task     ] GC(29) Using 10 workers of 10 for evacuation
[2026-06-18T15:13:09.997+0530][gc,mmu      ] GC(29) MMU target violated: 21.0ms (20.0ms/21.0ms)
[2026-06-18T15:13:09.997+0530][gc,phases   ] GC(29)   Pre Evacuate Collection Set: 0.13ms
[2026-06-18T15:13:09.997+0530][gc,phases   ] GC(29)   Merge Heap Roots: 0.07ms
[2026-06-18T15:13:09.997+0530][gc,phases   ] GC(29)   Evacuate Collection Set: 18.85ms
[2026-06-18T15:13:09.997+0530][gc,phases   ] GC(29)   Post Evacuate Collection Set: 3.24ms
[2026-06-18T15:13:09.997+0530][gc,phases   ] GC(29)   Other: 0.70ms
[2026-06-18T15:13:09.997+0530][gc,heap     ] GC(29) Eden regions: 113->0(41)
[2026-06-18T15:13:09.997+0530][gc,heap     ] GC(29) Survivor regions: 4->12(15)
[2026-06-18T15:13:09.997+0530][gc,heap     ] GC(29) Old regions: 38->38
[2026-06-18T15:13:09.997+0530][gc,heap     ] GC(29) Archive regions: 2->2
[2026-06-18T15:13:09.997+0530][gc,heap     ] GC(29) Humongous regions: 129->129
[2026-06-18T15:13:09.997+0530][gc,metaspace] GC(29) Metaspace: 43216K(43776K)->43216K(43776K) NonClass: 38290K(38592K)->38290K(38592K) Class: 4925K(5184K)->4925K(5184K)
[2026-06-18T15:13:09.997+0530][gc          ] GC(29) Pause Young (Normal) (G1 Evacuation Pause) 283M->178M(1024M) 23.056ms
[2026-06-18T15:13:09.997+0530][gc,cpu      ] GC(29) User=0.04s Sys=0.04s Real=0.02s
[2026-06-18T15:17:09.827+0530][gc,start    ] GC(30) Pause Young (Normal) (G1 Evacuation Pause)
[2026-06-18T15:17:09.827+0530][gc,task     ] GC(30) Using 10 workers of 10 for evacuation
[2026-06-18T15:17:09.839+0530][gc,phases   ] GC(30)   Pre Evacuate Collection Set: 0.09ms
[2026-06-18T15:17:09.839+0530][gc,phases   ] GC(30)   Merge Heap Roots: 0.05ms
[2026-06-18T15:17:09.839+0530][gc,phases   ] GC(30)   Evacuate Collection Set: 8.59ms
[2026-06-18T15:17:09.839+0530][gc,phases   ] GC(30)   Post Evacuate Collection Set: 2.60ms
[2026-06-18T15:17:09.839+0530][gc,phases   ] GC(30)   Other: 0.13ms
[2026-06-18T15:17:09.839+0530][gc,heap     ] GC(30) Eden regions: 41->0(105)
[2026-06-18T15:17:09.839+0530][gc,heap     ] GC(30) Survivor regions: 12->4(7)
[2026-06-18T15:17:09.839+0530][gc,heap     ] GC(30) Old regions: 38->48
[2026-06-18T15:17:09.839+0530][gc,heap     ] GC(30) Archive regions: 2->2
[2026-06-18T15:17:09.839+0530][gc,heap     ] GC(30) Humongous regions: 129->129
[2026-06-18T15:17:09.839+0530][gc,metaspace] GC(30) Metaspace: 43221K(43776K)->43221K(43776K) NonClass: 38293K(38592K)->38293K(38592K) Class: 4927K(5184K)->4927K(5184K)
[2026-06-18T15:17:09.839+0530][gc          ] GC(30) Pause Young (Normal) (G1 Evacuation Pause) 219M->181M(1024M) 11.597ms
[2026-06-18T15:17:09.839+0530][gc,cpu      ] GC(30) User=0.04s Sys=0.00s Real=0.01s
[2026-06-18T15:17:18.439+0530][gc,start    ] GC(31) Pause Young (Normal) (G1 Evacuation Pause)
[2026-06-18T15:17:18.439+0530][gc,task     ] GC(31) Using 10 workers of 10 for evacuation
[2026-06-18T15:17:18.444+0530][gc,phases   ] GC(31)   Pre Evacuate Collection Set: 0.10ms
[2026-06-18T15:17:18.444+0530][gc,phases   ] GC(31)   Merge Heap Roots: 0.06ms
[2026-06-18T15:17:18.444+0530][gc,phases   ] GC(31)   Evacuate Collection Set: 4.08ms
[2026-06-18T15:17:18.444+0530][gc,phases   ] GC(31)   Post Evacuate Collection Set: 0.33ms
[2026-06-18T15:17:18.444+0530][gc,phases   ] GC(31)   Other: 0.13ms
[2026-06-18T15:17:18.444+0530][gc,heap     ] GC(31) Eden regions: 105->0(95)
[2026-06-18T15:17:18.444+0530][gc,heap     ] GC(31) Survivor regions: 4->8(14)
[2026-06-18T15:17:18.444+0530][gc,heap     ] GC(31) Old regions: 48->48
[2026-06-18T15:17:18.444+0530][gc,heap     ] GC(31) Archive regions: 2->2
[2026-06-18T15:17:18.444+0530][gc,heap     ] GC(31) Humongous regions: 129->129
[2026-06-18T15:17:18.444+0530][gc,metaspace] GC(31) Metaspace: 43221K(43776K)->43221K(43776K) NonClass: 38293K(38592K)->38293K(38592K) Class: 4927K(5184K)->4927K(5184K)
[2026-06-18T15:17:18.444+0530][gc          ] GC(31) Pause Young (Normal) (G1 Evacuation Pause) 286M->185M(1024M) 4.790ms
[2026-06-18T15:17:18.444+0530][gc,cpu      ] GC(31) User=0.03s Sys=0.00s Real=0.01s
[2026-06-18T15:17:26.959+0530][gc,start    ] GC(32) Pause Young (Normal) (G1 Evacuation Pause)
[2026-06-18T15:17:26.959+0530][gc,task     ] GC(32) Using 10 workers of 10 for evacuation
[2026-06-18T15:17:26.971+0530][gc,phases   ] GC(32)   Pre Evacuate Collection Set: 0.73ms
[2026-06-18T15:17:26.971+0530][gc,phases   ] GC(32)   Merge Heap Roots: 0.09ms
[2026-06-18T15:17:26.971+0530][gc,phases   ] GC(32)   Evacuate Collection Set: 5.54ms
[2026-06-18T15:17:26.971+0530][gc,phases   ] GC(32)   Post Evacuate Collection Set: 4.87ms
[2026-06-18T15:17:26.971+0530][gc,phases   ] GC(32)   Other: 1.76ms
[2026-06-18T15:17:26.971+0530][gc,heap     ] GC(32) Eden regions: 95->0(147)
[2026-06-18T15:17:26.971+0530][gc,heap     ] GC(32) Survivor regions: 8->7(13)
[2026-06-18T15:17:26.971+0530][gc,heap     ] GC(32) Old regions: 48->51
[2026-06-18T15:17:26.971+0530][gc,heap     ] GC(32) Archive regions: 2->2
[2026-06-18T15:17:26.971+0530][gc,heap     ] GC(32) Humongous regions: 129->129
[2026-06-18T15:17:26.972+0530][gc,metaspace] GC(32) Metaspace: 43221K(43776K)->43221K(43776K) NonClass: 38293K(38592K)->38293K(38592K) Class: 4927K(5184K)->4927K(5184K)
[2026-06-18T15:17:26.972+0530][gc          ] GC(32) Pause Young (Normal) (G1 Evacuation Pause) 280M->186M(1024M) 13.530ms
[2026-06-18T15:17:26.972+0530][gc,cpu      ] GC(32) User=0.04s Sys=0.01s Real=0.01s
[2026-06-18T15:29:48.080+0530][gc,heap,exit] Heap
[2026-06-18T15:29:48.081+0530][gc,heap,exit]  garbage-first heap   total 1048576K, used 231570K [0x00000000c0000000, 0x0000000100000000)
[2026-06-18T15:29:48.081+0530][gc,heap,exit]   region size 1024K, 47 young (48128K), 7 survivors (7168K)
[2026-06-18T15:29:48.081+0530][gc,heap,exit]  Metaspace       used 43828K, committed 44480K, reserved 1114112K
[2026-06-18T15:29:48.081+0530][gc,heap,exit]   class space    used 5081K, committed 5376K, reserved 1048576K
