[2026-06-18T15:39:31.645+0530][gc] Using G1
[2026-06-18T15:39:31.655+0530][gc,init] Version: 17.0.19+10-1-24.04.2-Ubuntu (release)
[2026-06-18T15:39:31.655+0530][gc,init] CPUs: 16 total, 12 available
[2026-06-18T15:39:31.655+0530][gc,init] Memory: 7275M
[2026-06-18T15:39:31.655+0530][gc,init] Large Page Support: Disabled
[2026-06-18T15:39:31.655+0530][gc,init] NUMA Support: Disabled
[2026-06-18T15:39:31.655+0530][gc,init] Compressed Oops: Enabled (32-bit)
[2026-06-18T15:39:31.655+0530][gc,init] Heap Region Size: 1M
[2026-06-18T15:39:31.655+0530][gc,init] Heap Min Capacity: 1G
[2026-06-18T15:39:31.655+0530][gc,init] Heap Initial Capacity: 1G
[2026-06-18T15:39:31.655+0530][gc,init] Heap Max Capacity: 1G
[2026-06-18T15:39:31.655+0530][gc,init] Pre-touch: Disabled
[2026-06-18T15:39:31.655+0530][gc,init] Parallel Workers: 10
[2026-06-18T15:39:31.655+0530][gc,init] Concurrent Workers: 3
[2026-06-18T15:39:31.655+0530][gc,init] Concurrent Refinement Workers: 10
[2026-06-18T15:39:31.655+0530][gc,init] Periodic GC: Disabled
[2026-06-18T15:39:31.661+0530][gc,metaspace] CDS archive(s) mapped at: [0x000073dc5b000000-0x000073dc5bbc7000-0x000073dc5bbc7000), size 12349440, SharedBaseAddress: 0x000073dc5b000000, ArchiveRelocationMode: 1.
[2026-06-18T15:39:31.661+0530][gc,metaspace] Compressed class space mapped at: 0x000073dc5c000000-0x000073dc9c000000, reserved size: 1073741824
[2026-06-18T15:39:31.661+0530][gc,metaspace] Narrow klass base: 0x000073dc5b000000, Narrow klass shift: 0, Narrow klass range: 0x100000000
[2026-06-18T15:39:32.349+0530][gc,start    ] GC(0) Pause Young (Normal) (G1 Evacuation Pause)
[2026-06-18T15:39:32.351+0530][gc,task     ] GC(0) Using 10 workers of 10 for evacuation
[2026-06-18T15:39:32.354+0530][gc,phases   ] GC(0)   Pre Evacuate Collection Set: 0.08ms
[2026-06-18T15:39:32.354+0530][gc,phases   ] GC(0)   Merge Heap Roots: 0.06ms
[2026-06-18T15:39:32.354+0530][gc,phases   ] GC(0)   Evacuate Collection Set: 2.56ms
[2026-06-18T15:39:32.354+0530][gc,phases   ] GC(0)   Post Evacuate Collection Set: 0.24ms
[2026-06-18T15:39:32.354+0530][gc,phases   ] GC(0)   Other: 1.56ms
[2026-06-18T15:39:32.354+0530][gc,heap     ] GC(0) Eden regions: 51->0(44)
[2026-06-18T15:39:32.354+0530][gc,heap     ] GC(0) Survivor regions: 0->7(7)
[2026-06-18T15:39:32.354+0530][gc,heap     ] GC(0) Old regions: 0->1
[2026-06-18T15:39:32.354+0530][gc,heap     ] GC(0) Archive regions: 2->2
[2026-06-18T15:39:32.354+0530][gc,heap     ] GC(0) Humongous regions: 0->0
[2026-06-18T15:39:32.354+0530][gc,metaspace] GC(0) Metaspace: 18439K(18688K)->18439K(18688K) NonClass: 16259K(16384K)->16259K(16384K) Class: 2179K(2304K)->2179K(2304K)
[2026-06-18T15:39:32.354+0530][gc          ] GC(0) Pause Young (Normal) (G1 Evacuation Pause) 51M->8M(1024M) 4.555ms
[2026-06-18T15:39:32.354+0530][gc,cpu      ] GC(0) User=0.01s Sys=0.01s Real=0.01s
[2026-06-18T15:39:32.555+0530][gc,start    ] GC(1) Pause Young (Concurrent Start) (Metadata GC Threshold)
[2026-06-18T15:39:32.555+0530][gc,task     ] GC(1) Using 10 workers of 10 for evacuation
[2026-06-18T15:39:32.558+0530][gc,phases   ] GC(1)   Pre Evacuate Collection Set: 0.07ms
[2026-06-18T15:39:32.558+0530][gc,phases   ] GC(1)   Merge Heap Roots: 0.04ms
[2026-06-18T15:39:32.558+0530][gc,phases   ] GC(1)   Evacuate Collection Set: 2.25ms
[2026-06-18T15:39:32.558+0530][gc,phases   ] GC(1)   Post Evacuate Collection Set: 0.22ms
[2026-06-18T15:39:32.558+0530][gc,phases   ] GC(1)   Other: 0.18ms
[2026-06-18T15:39:32.558+0530][gc,heap     ] GC(1) Eden regions: 13->0(49)
[2026-06-18T15:39:32.558+0530][gc,heap     ] GC(1) Survivor regions: 7->2(7)
[2026-06-18T15:39:32.558+0530][gc,heap     ] GC(1) Old regions: 1->8
[2026-06-18T15:39:32.558+0530][gc,heap     ] GC(1) Archive regions: 2->2
[2026-06-18T15:39:32.558+0530][gc,heap     ] GC(1) Humongous regions: 129->129
[2026-06-18T15:39:32.558+0530][gc,metaspace] GC(1) Metaspace: 21263K(21504K)->21263K(21504K) NonClass: 18712K(18816K)->18712K(18816K) Class: 2551K(2688K)->2551K(2688K)
[2026-06-18T15:39:32.558+0530][gc          ] GC(1) Pause Young (Concurrent Start) (Metadata GC Threshold) 150M->139M(1024M) 2.813ms
[2026-06-18T15:39:32.558+0530][gc,cpu      ] GC(1) User=0.01s Sys=0.00s Real=0.00s
[2026-06-18T15:39:32.558+0530][gc          ] GC(2) Concurrent Mark Cycle
[2026-06-18T15:39:32.558+0530][gc,marking  ] GC(2) Concurrent Clear Claimed Marks
[2026-06-18T15:39:32.558+0530][gc,marking  ] GC(2) Concurrent Clear Claimed Marks 0.017ms
[2026-06-18T15:39:32.558+0530][gc,marking  ] GC(2) Concurrent Scan Root Regions
[2026-06-18T15:39:32.559+0530][gc,marking  ] GC(2) Concurrent Scan Root Regions 1.044ms
[2026-06-18T15:39:32.559+0530][gc,marking  ] GC(2) Concurrent Mark
[2026-06-18T15:39:32.559+0530][gc,marking  ] GC(2) Concurrent Mark From Roots
[2026-06-18T15:39:32.559+0530][gc,task     ] GC(2) Using 3 workers of 3 for marking
[2026-06-18T15:39:32.560+0530][gc,marking  ] GC(2) Concurrent Mark From Roots 0.849ms
[2026-06-18T15:39:32.560+0530][gc,marking  ] GC(2) Concurrent Preclean
[2026-06-18T15:39:32.560+0530][gc,marking  ] GC(2) Concurrent Preclean 0.080ms
[2026-06-18T15:39:32.560+0530][gc,start    ] GC(2) Pause Remark
[2026-06-18T15:39:32.561+0530][gc          ] GC(2) Pause Remark 139M->139M(1024M) 0.847ms
[2026-06-18T15:39:32.561+0530][gc,cpu      ] GC(2) User=0.00s Sys=0.01s Real=0.00s
[2026-06-18T15:39:32.561+0530][gc,marking  ] GC(2) Concurrent Mark 1.891ms
[2026-06-18T15:39:32.561+0530][gc,marking  ] GC(2) Concurrent Rebuild Remembered Sets
[2026-06-18T15:39:32.562+0530][gc,marking  ] GC(2) Concurrent Rebuild Remembered Sets 0.839ms
[2026-06-18T15:39:32.562+0530][gc,start    ] GC(2) Pause Cleanup
[2026-06-18T15:39:32.562+0530][gc          ] GC(2) Pause Cleanup 139M->139M(1024M) 0.054ms
[2026-06-18T15:39:32.562+0530][gc,cpu      ] GC(2) User=0.00s Sys=0.00s Real=0.00s
[2026-06-18T15:39:32.562+0530][gc,marking  ] GC(2) Concurrent Cleanup for Next Mark
[2026-06-18T15:39:32.564+0530][gc,marking  ] GC(2) Concurrent Cleanup for Next Mark 2.619ms
[2026-06-18T15:39:32.564+0530][gc          ] GC(2) Concurrent Mark Cycle 6.555ms
[2026-06-18T15:39:32.943+0530][gc,start    ] GC(3) Pause Young (Normal) (G1 Evacuation Pause)
[2026-06-18T15:39:32.943+0530][gc,task     ] GC(3) Using 10 workers of 10 for evacuation
[2026-06-18T15:39:32.945+0530][gc,phases   ] GC(3)   Pre Evacuate Collection Set: 0.07ms
[2026-06-18T15:39:32.945+0530][gc,phases   ] GC(3)   Merge Heap Roots: 0.03ms
[2026-06-18T15:39:32.945+0530][gc,phases   ] GC(3)   Evacuate Collection Set: 2.18ms
[2026-06-18T15:39:32.945+0530][gc,phases   ] GC(3)   Post Evacuate Collection Set: 0.25ms
[2026-06-18T15:39:32.945+0530][gc,phases   ] GC(3)   Other: 0.08ms
[2026-06-18T15:39:32.945+0530][gc,heap     ] GC(3) Eden regions: 49->0(44)
[2026-06-18T15:39:32.945+0530][gc,heap     ] GC(3) Survivor regions: 2->7(7)
[2026-06-18T15:39:32.945+0530][gc,heap     ] GC(3) Old regions: 8->8
[2026-06-18T15:39:32.945+0530][gc,heap     ] GC(3) Archive regions: 2->2
[2026-06-18T15:39:32.945+0530][gc,heap     ] GC(3) Humongous regions: 129->129
[2026-06-18T15:39:32.945+0530][gc,metaspace] GC(3) Metaspace: 32490K(32768K)->32490K(32768K) NonClass: 28881K(28992K)->28881K(28992K) Class: 3608K(3776K)->3608K(3776K)
[2026-06-18T15:39:32.945+0530][gc          ] GC(3) Pause Young (Normal) (G1 Evacuation Pause) 188M->143M(1024M) 2.680ms
[2026-06-18T15:39:32.945+0530][gc,cpu      ] GC(3) User=0.02s Sys=0.00s Real=0.00s
[2026-06-18T15:39:45.715+0530][gc,start    ] GC(4) Pause Young (Concurrent Start) (Metadata GC Threshold)
[2026-06-18T15:39:45.715+0530][gc,task     ] GC(4) Using 10 workers of 10 for evacuation
[2026-06-18T15:39:45.718+0530][gc,phases   ] GC(4)   Pre Evacuate Collection Set: 0.09ms
[2026-06-18T15:39:45.718+0530][gc,phases   ] GC(4)   Merge Heap Roots: 0.03ms
[2026-06-18T15:39:45.718+0530][gc,phases   ] GC(4)   Evacuate Collection Set: 2.46ms
[2026-06-18T15:39:45.718+0530][gc,phases   ] GC(4)   Post Evacuate Collection Set: 0.27ms
[2026-06-18T15:39:45.718+0530][gc,phases   ] GC(4)   Other: 0.13ms
[2026-06-18T15:39:45.718+0530][gc,heap     ] GC(4) Eden regions: 16->0(49)
[2026-06-18T15:39:45.718+0530][gc,heap     ] GC(4) Survivor regions: 7->2(7)
[2026-06-18T15:39:45.718+0530][gc,heap     ] GC(4) Old regions: 8->14
[2026-06-18T15:39:45.718+0530][gc,heap     ] GC(4) Archive regions: 2->2
[2026-06-18T15:39:45.718+0530][gc,heap     ] GC(4) Humongous regions: 129->129
[2026-06-18T15:39:45.718+0530][gc,metaspace] GC(4) Metaspace: 35651K(35968K)->35651K(35968K) NonClass: 31503K(31680K)->31503K(31680K) Class: 4147K(4288K)->4147K(4288K)
[2026-06-18T15:39:45.718+0530][gc          ] GC(4) Pause Young (Concurrent Start) (Metadata GC Threshold) 158M->144M(1024M) 3.063ms
[2026-06-18T15:39:45.718+0530][gc,cpu      ] GC(4) User=0.02s Sys=0.00s Real=0.00s
[2026-06-18T15:39:45.718+0530][gc          ] GC(5) Concurrent Mark Cycle
[2026-06-18T15:39:45.718+0530][gc,marking  ] GC(5) Concurrent Clear Claimed Marks
[2026-06-18T15:39:45.718+0530][gc,marking  ] GC(5) Concurrent Clear Claimed Marks 0.015ms
[2026-06-18T15:39:45.718+0530][gc,marking  ] GC(5) Concurrent Scan Root Regions
[2026-06-18T15:39:45.720+0530][gc,marking  ] GC(5) Concurrent Scan Root Regions 1.537ms
[2026-06-18T15:39:45.720+0530][gc,marking  ] GC(5) Concurrent Mark
[2026-06-18T15:39:45.720+0530][gc,marking  ] GC(5) Concurrent Mark From Roots
[2026-06-18T15:39:45.720+0530][gc,task     ] GC(5) Using 3 workers of 3 for marking
[2026-06-18T15:39:45.723+0530][gc,marking  ] GC(5) Concurrent Mark From Roots 2.844ms
[2026-06-18T15:39:45.723+0530][gc,marking  ] GC(5) Concurrent Preclean
[2026-06-18T15:39:45.723+0530][gc,marking  ] GC(5) Concurrent Preclean 0.128ms
[2026-06-18T15:39:45.723+0530][gc,start    ] GC(5) Pause Remark
[2026-06-18T15:39:45.724+0530][gc          ] GC(5) Pause Remark 145M->145M(1024M) 0.749ms
[2026-06-18T15:39:45.724+0530][gc,cpu      ] GC(5) User=0.00s Sys=0.00s Real=0.00s
[2026-06-18T15:39:45.724+0530][gc,marking  ] GC(5) Concurrent Mark 3.815ms
[2026-06-18T15:39:45.724+0530][gc,marking  ] GC(5) Concurrent Rebuild Remembered Sets
[2026-06-18T15:39:45.726+0530][gc,marking  ] GC(5) Concurrent Rebuild Remembered Sets 2.343ms
[2026-06-18T15:39:45.727+0530][gc,start    ] GC(5) Pause Cleanup
[2026-06-18T15:39:45.727+0530][gc          ] GC(5) Pause Cleanup 145M->145M(1024M) 0.061ms
[2026-06-18T15:39:45.727+0530][gc,cpu      ] GC(5) User=0.00s Sys=0.00s Real=0.00s
[2026-06-18T15:39:45.727+0530][gc,marking  ] GC(5) Concurrent Cleanup for Next Mark
[2026-06-18T15:39:45.730+0530][gc,marking  ] GC(5) Concurrent Cleanup for Next Mark 3.161ms
[2026-06-18T15:39:45.730+0530][gc          ] GC(5) Concurrent Mark Cycle 11.645ms
[2026-06-18T15:43:52.084+0530][gc,start    ] GC(6) Pause Young (Normal) (G1 Evacuation Pause)
[2026-06-18T15:43:52.084+0530][gc,task     ] GC(6) Using 10 workers of 10 for evacuation
[2026-06-18T15:43:52.086+0530][gc,phases   ] GC(6)   Pre Evacuate Collection Set: 0.09ms
[2026-06-18T15:43:52.086+0530][gc,phases   ] GC(6)   Merge Heap Roots: 0.05ms
[2026-06-18T15:43:52.086+0530][gc,phases   ] GC(6)   Evacuate Collection Set: 2.15ms
[2026-06-18T15:43:52.086+0530][gc,phases   ] GC(6)   Post Evacuate Collection Set: 0.34ms
[2026-06-18T15:43:52.086+0530][gc,phases   ] GC(6)   Other: 0.09ms
[2026-06-18T15:43:52.086+0530][gc,heap     ] GC(6) Eden regions: 49->0(46)
[2026-06-18T15:43:52.086+0530][gc,heap     ] GC(6) Survivor regions: 2->5(7)
[2026-06-18T15:43:52.086+0530][gc,heap     ] GC(6) Old regions: 14->14
[2026-06-18T15:43:52.086+0530][gc,heap     ] GC(6) Archive regions: 2->2
[2026-06-18T15:43:52.086+0530][gc,heap     ] GC(6) Humongous regions: 129->129
[2026-06-18T15:43:52.086+0530][gc,metaspace] GC(6) Metaspace: 41277K(41792K)->41277K(41792K) NonClass: 36407K(36672K)->36407K(36672K) Class: 4869K(5120K)->4869K(5120K)
[2026-06-18T15:43:52.086+0530][gc          ] GC(6) Pause Young (Normal) (G1 Evacuation Pause) 193M->147M(1024M) 2.784ms
[2026-06-18T15:43:52.086+0530][gc,cpu      ] GC(6) User=0.02s Sys=0.00s Real=0.00s
[2026-06-18T15:48:55.774+0530][gc,start    ] GC(7) Pause Young (Normal) (G1 Evacuation Pause)
[2026-06-18T15:48:55.774+0530][gc,task     ] GC(7) Using 10 workers of 10 for evacuation
[2026-06-18T15:48:55.777+0530][gc,phases   ] GC(7)   Pre Evacuate Collection Set: 0.14ms
[2026-06-18T15:48:55.777+0530][gc,phases   ] GC(7)   Merge Heap Roots: 0.08ms
[2026-06-18T15:48:55.777+0530][gc,phases   ] GC(7)   Evacuate Collection Set: 2.20ms
[2026-06-18T15:48:55.777+0530][gc,phases   ] GC(7)   Post Evacuate Collection Set: 0.40ms
[2026-06-18T15:48:55.777+0530][gc,phases   ] GC(7)   Other: 0.17ms
[2026-06-18T15:48:55.777+0530][gc,heap     ] GC(7) Eden regions: 46->0(46)
[2026-06-18T15:48:55.777+0530][gc,heap     ] GC(7) Survivor regions: 5->5(7)
[2026-06-18T15:48:55.777+0530][gc,heap     ] GC(7) Old regions: 14->15
[2026-06-18T15:48:55.777+0530][gc,heap     ] GC(7) Archive regions: 2->2
[2026-06-18T15:48:55.777+0530][gc,heap     ] GC(7) Humongous regions: 129->129
[2026-06-18T15:48:55.777+0530][gc,metaspace] GC(7) Metaspace: 41670K(42304K)->41670K(42304K) NonClass: 36782K(37120K)->36782K(37120K) Class: 4888K(5184K)->4888K(5184K)
[2026-06-18T15:48:55.777+0530][gc          ] GC(7) Pause Young (Normal) (G1 Evacuation Pause) 193M->148M(1024M) 3.066ms
[2026-06-18T15:48:55.777+0530][gc,cpu      ] GC(7) User=0.02s Sys=0.00s Real=0.00s
[2026-06-18T15:54:25.044+0530][gc,start    ] GC(8) Pause Young (Normal) (G1 Evacuation Pause)
[2026-06-18T15:54:25.044+0530][gc,task     ] GC(8) Using 10 workers of 10 for evacuation
[2026-06-18T15:54:25.047+0530][gc,phases   ] GC(8)   Pre Evacuate Collection Set: 0.11ms
[2026-06-18T15:54:25.047+0530][gc,phases   ] GC(8)   Merge Heap Roots: 0.06ms
[2026-06-18T15:54:25.047+0530][gc,phases   ] GC(8)   Evacuate Collection Set: 2.13ms
[2026-06-18T15:54:25.047+0530][gc,phases   ] GC(8)   Post Evacuate Collection Set: 0.42ms
[2026-06-18T15:54:25.047+0530][gc,phases   ] GC(8)   Other: 0.16ms
[2026-06-18T15:54:25.047+0530][gc,heap     ] GC(8) Eden regions: 46->0(60)
[2026-06-18T15:54:25.047+0530][gc,heap     ] GC(8) Survivor regions: 5->3(7)
[2026-06-18T15:54:25.047+0530][gc,heap     ] GC(8) Old regions: 15->17
[2026-06-18T15:54:25.047+0530][gc,heap     ] GC(8) Archive regions: 2->2
[2026-06-18T15:54:25.047+0530][gc,heap     ] GC(8) Humongous regions: 129->129
[2026-06-18T15:54:25.047+0530][gc,metaspace] GC(8) Metaspace: 42097K(42688K)->42097K(42688K) NonClass: 37185K(37504K)->37185K(37504K) Class: 4911K(5184K)->4911K(5184K)
[2026-06-18T15:54:25.047+0530][gc          ] GC(8) Pause Young (Normal) (G1 Evacuation Pause) 194M->149M(1024M) 2.944ms
[2026-06-18T15:54:25.047+0530][gc,cpu      ] GC(8) User=0.03s Sys=0.01s Real=0.00s
[2026-06-18T16:02:32.676+0530][gc,start    ] GC(9) Pause Young (Normal) (G1 Evacuation Pause)
[2026-06-18T16:02:32.676+0530][gc,task     ] GC(9) Using 10 workers of 10 for evacuation
[2026-06-18T16:02:32.678+0530][gc,phases   ] GC(9)   Pre Evacuate Collection Set: 0.15ms
[2026-06-18T16:02:32.679+0530][gc,phases   ] GC(9)   Merge Heap Roots: 0.07ms
[2026-06-18T16:02:32.679+0530][gc,phases   ] GC(9)   Evacuate Collection Set: 1.58ms
[2026-06-18T16:02:32.679+0530][gc,phases   ] GC(9)   Post Evacuate Collection Set: 0.32ms
[2026-06-18T16:02:32.679+0530][gc,phases   ] GC(9)   Other: 0.19ms
[2026-06-18T16:02:32.679+0530][gc,heap     ] GC(9) Eden regions: 60->0(196)
[2026-06-18T16:02:32.679+0530][gc,heap     ] GC(9) Survivor regions: 3->3(8)
[2026-06-18T16:02:32.679+0530][gc,heap     ] GC(9) Old regions: 17->17
[2026-06-18T16:02:32.679+0530][gc,heap     ] GC(9) Archive regions: 2->2
[2026-06-18T16:02:32.679+0530][gc,heap     ] GC(9) Humongous regions: 129->129
[2026-06-18T16:02:32.679+0530][gc,metaspace] GC(9) Metaspace: 42285K(42880K)->42285K(42880K) NonClass: 37374K(37696K)->37374K(37696K) Class: 4911K(5184K)->4911K(5184K)
[2026-06-18T16:02:32.679+0530][gc          ] GC(9) Pause Young (Normal) (G1 Evacuation Pause) 209M->149M(1024M) 2.387ms
[2026-06-18T16:02:32.679+0530][gc,cpu      ] GC(9) User=0.02s Sys=0.00s Real=0.00s
[2026-06-18T16:30:20.450+0530][gc,start    ] GC(10) Pause Young (Normal) (G1 Evacuation Pause)
[2026-06-18T16:30:20.450+0530][gc,task     ] GC(10) Using 10 workers of 10 for evacuation
[2026-06-18T16:30:20.453+0530][gc,phases   ] GC(10)   Pre Evacuate Collection Set: 0.11ms
[2026-06-18T16:30:20.453+0530][gc,phases   ] GC(10)   Merge Heap Roots: 0.07ms
[2026-06-18T16:30:20.453+0530][gc,phases   ] GC(10)   Evacuate Collection Set: 1.99ms
[2026-06-18T16:30:20.453+0530][gc,phases   ] GC(10)   Post Evacuate Collection Set: 0.39ms
[2026-06-18T16:30:20.453+0530][gc,phases   ] GC(10)   Other: 0.15ms
[2026-06-18T16:30:20.453+0530][gc,heap     ] GC(10) Eden regions: 196->0(206)
[2026-06-18T16:30:20.453+0530][gc,heap     ] GC(10) Survivor regions: 3->5(25)
[2026-06-18T16:30:20.453+0530][gc,heap     ] GC(10) Old regions: 17->17
[2026-06-18T16:30:20.453+0530][gc,heap     ] GC(10) Archive regions: 2->2
[2026-06-18T16:30:20.453+0530][gc,heap     ] GC(10) Humongous regions: 129->129
[2026-06-18T16:30:20.453+0530][gc,metaspace] GC(10) Metaspace: 42468K(43072K)->42468K(43072K) NonClass: 37556K(37888K)->37556K(37888K) Class: 4911K(5184K)->4911K(5184K)
[2026-06-18T16:30:20.453+0530][gc          ] GC(10) Pause Young (Normal) (G1 Evacuation Pause) 345M->151M(1024M) 2.795ms
[2026-06-18T16:30:20.453+0530][gc,cpu      ] GC(10) User=0.02s Sys=0.01s Real=0.00s
[2026-06-18T16:59:01.303+0530][gc,start    ] GC(11) Pause Young (Normal) (G1 Evacuation Pause)
[2026-06-18T16:59:01.305+0530][gc,task     ] GC(11) Using 10 workers of 10 for evacuation
[2026-06-18T16:59:01.374+0530][gc,mmu      ] GC(11) MMU target violated: 21.0ms (20.0ms/21.0ms)
[2026-06-18T16:59:01.374+0530][gc,phases   ] GC(11)   Pre Evacuate Collection Set: 10.61ms
[2026-06-18T16:59:01.374+0530][gc,phases   ] GC(11)   Merge Heap Roots: 3.99ms
[2026-06-18T16:59:01.374+0530][gc,phases   ] GC(11)   Evacuate Collection Set: 47.60ms
[2026-06-18T16:59:01.374+0530][gc,phases   ] GC(11)   Post Evacuate Collection Set: 6.54ms
[2026-06-18T16:59:01.374+0530][gc,phases   ] GC(11)   Other: 2.99ms
[2026-06-18T16:59:01.374+0530][gc,heap     ] GC(11) Eden regions: 206->0(44)
[2026-06-18T16:59:01.374+0530][gc,heap     ] GC(11) Survivor regions: 5->7(27)
[2026-06-18T16:59:01.374+0530][gc,heap     ] GC(11) Old regions: 17->17
[2026-06-18T16:59:01.374+0530][gc,heap     ] GC(11) Archive regions: 2->2
[2026-06-18T16:59:01.374+0530][gc,heap     ] GC(11) Humongous regions: 129->129
[2026-06-18T16:59:01.374+0530][gc,metaspace] GC(11) Metaspace: 42572K(43200K)->42572K(43200K) NonClass: 37657K(38016K)->37657K(38016K) Class: 4915K(5184K)->4915K(5184K)
[2026-06-18T16:59:01.374+0530][gc          ] GC(11) Pause Young (Normal) (G1 Evacuation Pause) 357M->153M(1024M) 71.198ms
[2026-06-18T16:59:01.374+0530][gc,cpu      ] GC(11) User=0.04s Sys=0.07s Real=0.07s
[2026-06-18T17:05:10.774+0530][gc,start    ] GC(12) Pause Young (Normal) (G1 Evacuation Pause)
[2026-06-18T17:05:10.774+0530][gc,task     ] GC(12) Using 10 workers of 10 for evacuation
[2026-06-18T17:05:10.784+0530][gc,phases   ] GC(12)   Pre Evacuate Collection Set: 0.21ms
[2026-06-18T17:05:10.784+0530][gc,phases   ] GC(12)   Merge Heap Roots: 0.12ms
[2026-06-18T17:05:10.784+0530][gc,phases   ] GC(12)   Evacuate Collection Set: 6.76ms
[2026-06-18T17:05:10.784+0530][gc,phases   ] GC(12)   Post Evacuate Collection Set: 3.14ms
[2026-06-18T17:05:10.784+0530][gc,phases   ] GC(12)   Other: 0.18ms
[2026-06-18T17:05:10.784+0530][gc,heap     ] GC(12) Eden regions: 44->0(48)
[2026-06-18T17:05:10.784+0530][gc,heap     ] GC(12) Survivor regions: 7->3(7)
[2026-06-18T17:05:10.784+0530][gc,heap     ] GC(12) Old regions: 17->22
[2026-06-18T17:05:10.784+0530][gc,heap     ] GC(12) Archive regions: 2->2
[2026-06-18T17:05:10.784+0530][gc,heap     ] GC(12) Humongous regions: 129->129
[2026-06-18T17:05:10.784+0530][gc,metaspace] GC(12) Metaspace: 42581K(43200K)->42581K(43200K) NonClass: 37666K(38016K)->37666K(38016K) Class: 4915K(5184K)->4915K(5184K)
[2026-06-18T17:05:10.784+0530][gc          ] GC(12) Pause Young (Normal) (G1 Evacuation Pause) 197M->153M(1024M) 10.620ms
[2026-06-18T17:05:10.784+0530][gc,cpu      ] GC(12) User=0.03s Sys=0.02s Real=0.01s
[2026-06-18T17:11:53.749+0530][gc,start    ] GC(13) Pause Young (Normal) (G1 Evacuation Pause)
[2026-06-18T17:11:53.749+0530][gc,task     ] GC(13) Using 10 workers of 10 for evacuation
[2026-06-18T17:11:53.760+0530][gc,phases   ] GC(13)   Pre Evacuate Collection Set: 0.12ms
[2026-06-18T17:11:53.760+0530][gc,phases   ] GC(13)   Merge Heap Roots: 0.06ms
[2026-06-18T17:11:53.760+0530][gc,phases   ] GC(13)   Evacuate Collection Set: 10.38ms
[2026-06-18T17:11:53.760+0530][gc,phases   ] GC(13)   Post Evacuate Collection Set: 0.25ms
[2026-06-18T17:11:53.760+0530][gc,phases   ] GC(13)   Other: 0.13ms
[2026-06-18T17:11:53.760+0530][gc,heap     ] GC(13) Eden regions: 48->0(45)
[2026-06-18T17:11:53.760+0530][gc,heap     ] GC(13) Survivor regions: 3->6(7)
[2026-06-18T17:11:53.760+0530][gc,heap     ] GC(13) Old regions: 22->22
[2026-06-18T17:11:53.760+0530][gc,heap     ] GC(13) Archive regions: 2->2
[2026-06-18T17:11:53.760+0530][gc,heap     ] GC(13) Humongous regions: 129->129
[2026-06-18T17:11:53.760+0530][gc,metaspace] GC(13) Metaspace: 42588K(43200K)->42588K(43200K) NonClass: 37673K(38016K)->37673K(38016K) Class: 4915K(5184K)->4915K(5184K)
[2026-06-18T17:11:53.760+0530][gc          ] GC(13) Pause Young (Normal) (G1 Evacuation Pause) 201M->156M(1024M) 11.044ms
[2026-06-18T17:11:53.760+0530][gc,cpu      ] GC(13) User=0.02s Sys=0.02s Real=0.01s
[2026-06-18T17:18:13.530+0530][gc,start    ] GC(14) Pause Young (Normal) (G1 Evacuation Pause)
[2026-06-18T17:18:13.530+0530][gc,task     ] GC(14) Using 10 workers of 10 for evacuation
[2026-06-18T17:18:13.538+0530][gc,phases   ] GC(14)   Pre Evacuate Collection Set: 0.12ms
[2026-06-18T17:18:13.538+0530][gc,phases   ] GC(14)   Merge Heap Roots: 0.07ms
[2026-06-18T17:18:13.538+0530][gc,phases   ] GC(14)   Evacuate Collection Set: 4.92ms
[2026-06-18T17:18:13.538+0530][gc,phases   ] GC(14)   Post Evacuate Collection Set: 3.31ms
[2026-06-18T17:18:13.538+0530][gc,phases   ] GC(14)   Other: 0.14ms
[2026-06-18T17:18:13.538+0530][gc,heap     ] GC(14) Eden regions: 45->0(46)
[2026-06-18T17:18:13.538+0530][gc,heap     ] GC(14) Survivor regions: 6->5(7)
[2026-06-18T17:18:13.538+0530][gc,heap     ] GC(14) Old regions: 22->27
[2026-06-18T17:18:13.538+0530][gc,heap     ] GC(14) Archive regions: 2->2
[2026-06-18T17:18:13.538+0530][gc,heap     ] GC(14) Humongous regions: 129->129
[2026-06-18T17:18:13.538+0530][gc,metaspace] GC(14) Metaspace: 42607K(43200K)->42607K(43200K) NonClass: 37691K(38016K)->37691K(38016K) Class: 4915K(5184K)->4915K(5184K)
[2026-06-18T17:18:13.538+0530][gc          ] GC(14) Pause Young (Normal) (G1 Evacuation Pause) 201M->160M(1024M) 8.741ms
[2026-06-18T17:18:13.538+0530][gc,cpu      ] GC(14) User=0.04s Sys=0.01s Real=0.01s
[2026-06-18T17:24:43.373+0530][gc,start    ] GC(15) Pause Young (Normal) (G1 Evacuation Pause)
[2026-06-18T17:24:43.373+0530][gc,task     ] GC(15) Using 10 workers of 10 for evacuation
[2026-06-18T17:24:43.381+0530][gc,phases   ] GC(15)   Pre Evacuate Collection Set: 0.09ms
[2026-06-18T17:24:43.381+0530][gc,phases   ] GC(15)   Merge Heap Roots: 0.07ms
[2026-06-18T17:24:43.381+0530][gc,phases   ] GC(15)   Evacuate Collection Set: 7.40ms
[2026-06-18T17:24:43.381+0530][gc,phases   ] GC(15)   Post Evacuate Collection Set: 0.28ms
[2026-06-18T17:24:43.381+0530][gc,phases   ] GC(15)   Other: 0.12ms
[2026-06-18T17:24:43.381+0530][gc,heap     ] GC(15) Eden regions: 46->0(46)
[2026-06-18T17:24:43.381+0530][gc,heap     ] GC(15) Survivor regions: 5->5(7)
[2026-06-18T17:24:43.381+0530][gc,heap     ] GC(15) Old regions: 27->31
[2026-06-18T17:24:43.381+0530][gc,heap     ] GC(15) Archive regions: 2->2
[2026-06-18T17:24:43.381+0530][gc,heap     ] GC(15) Humongous regions: 129->129
[2026-06-18T17:24:43.381+0530][gc,metaspace] GC(15) Metaspace: 42609K(43200K)->42609K(43200K) NonClass: 37694K(38016K)->37694K(38016K) Class: 4915K(5184K)->4915K(5184K)
[2026-06-18T17:24:43.381+0530][gc          ] GC(15) Pause Young (Normal) (G1 Evacuation Pause) 206M->165M(1024M) 8.063ms
[2026-06-18T17:24:43.381+0530][gc,cpu      ] GC(15) User=0.04s Sys=0.00s Real=0.01s
[2026-06-18T17:31:11.076+0530][gc,start    ] GC(16) Pause Young (Normal) (G1 Evacuation Pause)
[2026-06-18T17:31:11.076+0530][gc,task     ] GC(16) Using 10 workers of 10 for evacuation
[2026-06-18T17:31:11.085+0530][gc,phases   ] GC(16)   Pre Evacuate Collection Set: 0.11ms
[2026-06-18T17:31:11.085+0530][gc,phases   ] GC(16)   Merge Heap Roots: 0.06ms
[2026-06-18T17:31:11.085+0530][gc,phases   ] GC(16)   Evacuate Collection Set: 6.67ms
[2026-06-18T17:31:11.085+0530][gc,phases   ] GC(16)   Post Evacuate Collection Set: 2.45ms
[2026-06-18T17:31:11.085+0530][gc,phases   ] GC(16)   Other: 0.15ms
[2026-06-18T17:31:11.085+0530][gc,heap     ] GC(16) Eden regions: 46->0(45)
[2026-06-18T17:31:11.085+0530][gc,heap     ] GC(16) Survivor regions: 5->6(7)
[2026-06-18T17:31:11.085+0530][gc,heap     ] GC(16) Old regions: 31->35
[2026-06-18T17:31:11.085+0530][gc,heap     ] GC(16) Archive regions: 2->2
[2026-06-18T17:31:11.085+0530][gc,heap     ] GC(16) Humongous regions: 129->129
[2026-06-18T17:31:11.085+0530][gc,metaspace] GC(16) Metaspace: 42612K(43200K)->42612K(43200K) NonClass: 37697K(38016K)->37697K(38016K) Class: 4915K(5184K)->4915K(5184K)
[2026-06-18T17:31:11.085+0530][gc          ] GC(16) Pause Young (Normal) (G1 Evacuation Pause) 211M->169M(1024M) 9.661ms
[2026-06-18T17:31:11.085+0530][gc,cpu      ] GC(16) User=0.04s Sys=0.00s Real=0.01s
[2026-06-18T17:37:32.415+0530][gc,start    ] GC(17) Pause Young (Normal) (G1 Evacuation Pause)
[2026-06-18T17:37:32.415+0530][gc,task     ] GC(17) Using 10 workers of 10 for evacuation
[2026-06-18T17:37:32.425+0530][gc,phases   ] GC(17)   Pre Evacuate Collection Set: 0.11ms
[2026-06-18T17:37:32.425+0530][gc,phases   ] GC(17)   Merge Heap Roots: 0.08ms
[2026-06-18T17:37:32.425+0530][gc,phases   ] GC(17)   Evacuate Collection Set: 7.42ms
[2026-06-18T17:37:32.425+0530][gc,phases   ] GC(17)   Post Evacuate Collection Set: 2.61ms
[2026-06-18T17:37:32.425+0530][gc,phases   ] GC(17)   Other: 0.17ms
[2026-06-18T17:37:32.425+0530][gc,heap     ] GC(17) Eden regions: 45->0(79)
[2026-06-18T17:37:32.425+0530][gc,heap     ] GC(17) Survivor regions: 6->5(7)
[2026-06-18T17:37:32.425+0530][gc,heap     ] GC(17) Old regions: 35->39
[2026-06-18T17:37:32.425+0530][gc,heap     ] GC(17) Archive regions: 2->2
[2026-06-18T17:37:32.425+0530][gc,heap     ] GC(17) Humongous regions: 129->129
[2026-06-18T17:37:32.425+0530][gc,metaspace] GC(17) Metaspace: 42612K(43200K)->42612K(43200K) NonClass: 37697K(38016K)->37697K(38016K) Class: 4915K(5184K)->4915K(5184K)
[2026-06-18T17:37:32.425+0530][gc          ] GC(17) Pause Young (Normal) (G1 Evacuation Pause) 214M->172M(1024M) 10.466ms
[2026-06-18T17:37:32.425+0530][gc,cpu      ] GC(17) User=0.03s Sys=0.01s Real=0.01s
[2026-06-18T17:47:48.146+0530][gc,start    ] GC(18) Pause Young (Normal) (G1 Evacuation Pause)
[2026-06-18T17:47:48.146+0530][gc,task     ] GC(18) Using 10 workers of 10 for evacuation
[2026-06-18T17:47:48.162+0530][gc,phases   ] GC(18)   Pre Evacuate Collection Set: 0.11ms
[2026-06-18T17:47:48.162+0530][gc,phases   ] GC(18)   Merge Heap Roots: 0.08ms
[2026-06-18T17:47:48.162+0530][gc,phases   ] GC(18)   Evacuate Collection Set: 15.09ms
[2026-06-18T17:47:48.162+0530][gc,phases   ] GC(18)   Post Evacuate Collection Set: 0.27ms
[2026-06-18T17:47:48.162+0530][gc,phases   ] GC(18)   Other: 0.12ms
[2026-06-18T17:47:48.162+0530][gc,heap     ] GC(18) Eden regions: 76->0(49)
[2026-06-18T17:47:48.162+0530][gc,heap     ] GC(18) Survivor regions: 5->10(11)
[2026-06-18T17:47:48.162+0530][gc,heap     ] GC(18) Old regions: 39->39
[2026-06-18T17:47:48.162+0530][gc,heap     ] GC(18) Archive regions: 2->2
[2026-06-18T17:47:48.162+0530][gc,heap     ] GC(18) Humongous regions: 129->129
[2026-06-18T17:47:48.162+0530][gc,metaspace] GC(18) Metaspace: 42631K(43264K)->42631K(43264K) NonClass: 37715K(38080K)->37715K(38080K) Class: 4915K(5184K)->4915K(5184K)
[2026-06-18T17:47:48.162+0530][gc          ] GC(18) Pause Young (Normal) (G1 Evacuation Pause) 248M->177M(1024M) 15.875ms
[2026-06-18T17:47:48.162+0530][gc,cpu      ] GC(18) User=0.03s Sys=0.04s Real=0.02s
[2026-06-18T17:54:40.772+0530][gc,start    ] GC(19) Pause Young (Normal) (G1 Evacuation Pause)
[2026-06-18T17:54:40.773+0530][gc,task     ] GC(19) Using 10 workers of 10 for evacuation
[2026-06-18T17:54:40.782+0530][gc,phases   ] GC(19)   Pre Evacuate Collection Set: 0.13ms
[2026-06-18T17:54:40.782+0530][gc,phases   ] GC(19)   Merge Heap Roots: 0.07ms
[2026-06-18T17:54:40.782+0530][gc,phases   ] GC(19)   Evacuate Collection Set: 7.38ms
[2026-06-18T17:54:40.782+0530][gc,phases   ] GC(19)   Post Evacuate Collection Set: 1.94ms
[2026-06-18T17:54:40.782+0530][gc,phases   ] GC(19)   Other: 0.13ms
[2026-06-18T17:54:40.782+0530][gc,heap     ] GC(19) Eden regions: 49->0(135)
[2026-06-18T17:54:40.782+0530][gc,heap     ] GC(19) Survivor regions: 10->3(8)
[2026-06-18T17:54:40.782+0530][gc,heap     ] GC(19) Old regions: 39->45
[2026-06-18T17:54:40.782+0530][gc,heap     ] GC(19) Archive regions: 2->2
[2026-06-18T17:54:40.782+0530][gc,heap     ] GC(19) Humongous regions: 129->129
[2026-06-18T17:54:40.782+0530][gc,metaspace] GC(19) Metaspace: 42633K(43264K)->42633K(43264K) NonClass: 37718K(38080K)->37718K(38080K) Class: 4915K(5184K)->4915K(5184K)
[2026-06-18T17:54:40.782+0530][gc          ] GC(19) Pause Young (Normal) (G1 Evacuation Pause) 226M->177M(1024M) 9.750ms
[2026-06-18T17:54:40.782+0530][gc,cpu      ] GC(19) User=0.03s Sys=0.01s Real=0.01s
[2026-06-18T18:13:54.359+0530][gc,start    ] GC(20) Pause Young (Normal) (G1 Evacuation Pause)
[2026-06-18T18:13:54.359+0530][gc,task     ] GC(20) Using 10 workers of 10 for evacuation
[2026-06-18T18:13:54.380+0530][gc,mmu      ] GC(20) MMU target violated: 21.0ms (20.0ms/21.0ms)
[2026-06-18T18:13:54.380+0530][gc,phases   ] GC(20)   Pre Evacuate Collection Set: 0.08ms
[2026-06-18T18:13:54.380+0530][gc,phases   ] GC(20)   Merge Heap Roots: 0.06ms
[2026-06-18T18:13:54.380+0530][gc,phases   ] GC(20)   Evacuate Collection Set: 20.42ms
[2026-06-18T18:13:54.380+0530][gc,phases   ] GC(20)   Post Evacuate Collection Set: 0.42ms
[2026-06-18T18:13:54.380+0530][gc,phases   ] GC(20)   Other: 0.17ms
[2026-06-18T18:13:54.380+0530][gc,heap     ] GC(20) Eden regions: 135->0(38)
[2026-06-18T18:13:54.380+0530][gc,heap     ] GC(20) Survivor regions: 3->13(18)
[2026-06-18T18:13:54.380+0530][gc,heap     ] GC(20) Old regions: 45->45
[2026-06-18T18:13:54.380+0530][gc,heap     ] GC(20) Archive regions: 2->2
[2026-06-18T18:13:54.380+0530][gc,heap     ] GC(20) Humongous regions: 129->129
[2026-06-18T18:13:54.380+0530][gc,metaspace] GC(20) Metaspace: 42648K(43264K)->42648K(43264K) NonClass: 37732K(38080K)->37732K(38080K) Class: 4915K(5184K)->4915K(5184K)
[2026-06-18T18:13:54.380+0530][gc          ] GC(20) Pause Young (Normal) (G1 Evacuation Pause) 312M->186M(1024M) 21.191ms
[2026-06-18T18:13:54.380+0530][gc,cpu      ] GC(20) User=0.05s Sys=0.03s Real=0.03s
[2026-06-18T18:19:15.336+0530][gc,start    ] GC(21) Pause Young (Normal) (G1 Evacuation Pause)
[2026-06-18T18:19:15.336+0530][gc,task     ] GC(21) Using 10 workers of 10 for evacuation
[2026-06-18T18:19:15.353+0530][gc,phases   ] GC(21)   Pre Evacuate Collection Set: 0.11ms
[2026-06-18T18:19:15.353+0530][gc,phases   ] GC(21)   Merge Heap Roots: 0.06ms
[2026-06-18T18:19:15.353+0530][gc,phases   ] GC(21)   Evacuate Collection Set: 13.08ms
[2026-06-18T18:19:15.353+0530][gc,phases   ] GC(21)   Post Evacuate Collection Set: 3.64ms
[2026-06-18T18:19:15.353+0530][gc,phases   ] GC(21)   Other: 0.15ms
[2026-06-18T18:19:15.353+0530][gc,heap     ] GC(21) Eden regions: 38->0(100)
[2026-06-18T18:19:15.353+0530][gc,heap     ] GC(21) Survivor regions: 13->5(7)
[2026-06-18T18:19:15.353+0530][gc,heap     ] GC(21) Old regions: 45->57
[2026-06-18T18:19:15.353+0530][gc,heap     ] GC(21) Archive regions: 2->2
[2026-06-18T18:19:15.353+0530][gc,heap     ] GC(21) Humongous regions: 129->129
[2026-06-18T18:19:15.353+0530][gc,metaspace] GC(21) Metaspace: 42648K(43264K)->42648K(43264K) NonClass: 37732K(38080K)->37732K(38080K) Class: 4915K(5184K)->4915K(5184K)
[2026-06-18T18:19:15.353+0530][gc          ] GC(21) Pause Young (Normal) (G1 Evacuation Pause) 224M->190M(1024M) 17.157ms
[2026-06-18T18:19:15.353+0530][gc,cpu      ] GC(21) User=0.06s Sys=0.01s Real=0.02s
[2026-06-18T18:33:29.951+0530][gc,start    ] GC(22) Pause Young (Normal) (G1 Evacuation Pause)
[2026-06-18T18:33:29.951+0530][gc,task     ] GC(22) Using 10 workers of 10 for evacuation
[2026-06-18T18:33:29.957+0530][gc,phases   ] GC(22)   Pre Evacuate Collection Set: 0.15ms
[2026-06-18T18:33:29.957+0530][gc,phases   ] GC(22)   Merge Heap Roots: 0.07ms
[2026-06-18T18:33:29.957+0530][gc,phases   ] GC(22)   Evacuate Collection Set: 5.11ms
[2026-06-18T18:33:29.957+0530][gc,phases   ] GC(22)   Post Evacuate Collection Set: 0.41ms
[2026-06-18T18:33:29.957+0530][gc,phases   ] GC(22)   Other: 0.30ms
[2026-06-18T18:33:29.957+0530][gc,heap     ] GC(22) Eden regions: 100->0(44)
[2026-06-18T18:33:29.957+0530][gc,heap     ] GC(22) Survivor regions: 5->12(14)
[2026-06-18T18:33:29.957+0530][gc,heap     ] GC(22) Old regions: 57->57
[2026-06-18T18:33:29.957+0530][gc,heap     ] GC(22) Archive regions: 2->2
[2026-06-18T18:33:29.957+0530][gc,heap     ] GC(22) Humongous regions: 129->129
[2026-06-18T18:33:29.957+0530][gc,metaspace] GC(22) Metaspace: 42654K(43264K)->42654K(43264K) NonClass: 37739K(38080K)->37739K(38080K) Class: 4915K(5184K)->4915K(5184K)
[2026-06-18T18:33:29.957+0530][gc          ] GC(22) Pause Young (Normal) (G1 Evacuation Pause) 290M->198M(1024M) 6.126ms
[2026-06-18T18:33:29.957+0530][gc,cpu      ] GC(22) User=0.05s Sys=0.00s Real=0.00s
[2026-06-18T18:39:32.955+0530][gc,start    ] GC(23) Pause Young (Normal) (G1 Evacuation Pause)
[2026-06-18T18:39:32.955+0530][gc,task     ] GC(23) Using 10 workers of 10 for evacuation
[2026-06-18T18:39:32.967+0530][gc,phases   ] GC(23)   Pre Evacuate Collection Set: 0.15ms
[2026-06-18T18:39:32.967+0530][gc,phases   ] GC(23)   Merge Heap Roots: 0.07ms
[2026-06-18T18:39:32.967+0530][gc,phases   ] GC(23)   Evacuate Collection Set: 11.75ms
[2026-06-18T18:39:32.967+0530][gc,phases   ] GC(23)   Post Evacuate Collection Set: 0.37ms
[2026-06-18T18:39:32.967+0530][gc,phases   ] GC(23)   Other: 0.18ms
[2026-06-18T18:39:32.967+0530][gc,heap     ] GC(23) Eden regions: 44->0(123)
[2026-06-18T18:39:32.967+0530][gc,heap     ] GC(23) Survivor regions: 12->6(7)
[2026-06-18T18:39:32.967+0530][gc,heap     ] GC(23) Old regions: 57->68
[2026-06-18T18:39:32.967+0530][gc,heap     ] GC(23) Archive regions: 2->2
[2026-06-18T18:39:32.967+0530][gc,heap     ] GC(23) Humongous regions: 129->129
[2026-06-18T18:39:32.967+0530][gc,metaspace] GC(23) Metaspace: 42655K(43264K)->42655K(43264K) NonClass: 37740K(38080K)->37740K(38080K) Class: 4915K(5184K)->4915K(5184K)
[2026-06-18T18:39:32.967+0530][gc          ] GC(23) Pause Young (Normal) (G1 Evacuation Pause) 242M->203M(1024M) 12.627ms
[2026-06-18T18:39:32.967+0530][gc,cpu      ] GC(23) User=0.05s Sys=0.01s Real=0.01s
[2026-06-18T18:56:46.855+0530][gc,start    ] GC(24) Pause Young (Normal) (G1 Evacuation Pause)
[2026-06-18T18:56:46.855+0530][gc,task     ] GC(24) Using 10 workers of 10 for evacuation
[2026-06-18T18:56:46.863+0530][gc,phases   ] GC(24)   Pre Evacuate Collection Set: 0.13ms
[2026-06-18T18:56:46.863+0530][gc,phases   ] GC(24)   Merge Heap Roots: 0.09ms
[2026-06-18T18:56:46.863+0530][gc,phases   ] GC(24)   Evacuate Collection Set: 6.73ms
[2026-06-18T18:56:46.863+0530][gc,phases   ] GC(24)   Post Evacuate Collection Set: 0.32ms
[2026-06-18T18:56:46.863+0530][gc,phases   ] GC(24)   Other: 0.16ms
[2026-06-18T18:56:46.863+0530][gc,heap     ] GC(24) Eden regions: 123->0(136)
[2026-06-18T18:56:46.863+0530][gc,heap     ] GC(24) Survivor regions: 6->9(17)
[2026-06-18T18:56:46.863+0530][gc,heap     ] GC(24) Old regions: 68->68
[2026-06-18T18:56:46.863+0530][gc,heap     ] GC(24) Archive regions: 2->2
[2026-06-18T18:56:46.863+0530][gc,heap     ] GC(24) Humongous regions: 129->129
[2026-06-18T18:56:46.863+0530][gc,metaspace] GC(24) Metaspace: 42658K(43264K)->42658K(43264K) NonClass: 37742K(38080K)->37742K(38080K) Class: 4915K(5184K)->4915K(5184K)
[2026-06-18T18:56:46.863+0530][gc          ] GC(24) Pause Young (Normal) (G1 Evacuation Pause) 326M->205M(1024M) 7.541ms
[2026-06-18T18:56:46.863+0530][gc,cpu      ] GC(24) User=0.03s Sys=0.00s Real=0.01s
[2026-06-18T19:16:15.746+0530][gc,start    ] GC(25) Pause Young (Normal) (G1 Evacuation Pause)
[2026-06-18T19:16:15.747+0530][gc,task     ] GC(25) Using 10 workers of 10 for evacuation
[2026-06-18T19:16:15.759+0530][gc,phases   ] GC(25)   Pre Evacuate Collection Set: 0.11ms
[2026-06-18T19:16:15.759+0530][gc,phases   ] GC(25)   Merge Heap Roots: 0.07ms
[2026-06-18T19:16:15.759+0530][gc,phases   ] GC(25)   Evacuate Collection Set: 11.61ms
[2026-06-18T19:16:15.759+0530][gc,phases   ] GC(25)   Post Evacuate Collection Set: 0.30ms
[2026-06-18T19:16:15.759+0530][gc,phases   ] GC(25)   Other: 0.16ms
[2026-06-18T19:16:15.759+0530][gc,heap     ] GC(25) Eden regions: 136->0(126)
[2026-06-18T19:16:15.759+0530][gc,heap     ] GC(25) Survivor regions: 9->8(19)
[2026-06-18T19:16:15.759+0530][gc,heap     ] GC(25) Old regions: 68->68
[2026-06-18T19:16:15.759+0530][gc,heap     ] GC(25) Archive regions: 2->2
[2026-06-18T19:16:15.759+0530][gc,heap     ] GC(25) Humongous regions: 129->129
[2026-06-18T19:16:15.759+0530][gc,metaspace] GC(25) Metaspace: 42662K(43264K)->42662K(43264K) NonClass: 37746K(38080K)->37746K(38080K) Class: 4915K(5184K)->4915K(5184K)
[2026-06-18T19:16:15.759+0530][gc          ] GC(25) Pause Young (Normal) (G1 Evacuation Pause) 341M->205M(1024M) 12.360ms
[2026-06-18T19:16:15.759+0530][gc,cpu      ] GC(25) User=0.03s Sys=0.00s Real=0.01s
[2026-06-18T19:34:15.852+0530][gc,start    ] GC(26) Pause Young (Normal) (G1 Evacuation Pause)
[2026-06-18T19:34:15.852+0530][gc,task     ] GC(26) Using 10 workers of 10 for evacuation
[2026-06-18T19:34:15.856+0530][gc,phases   ] GC(26)   Pre Evacuate Collection Set: 0.11ms
[2026-06-18T19:34:15.856+0530][gc,phases   ] GC(26)   Merge Heap Roots: 0.09ms
[2026-06-18T19:34:15.856+0530][gc,phases   ] GC(26)   Evacuate Collection Set: 3.15ms
[2026-06-18T19:34:15.856+0530][gc,phases   ] GC(26)   Post Evacuate Collection Set: 0.36ms
[2026-06-18T19:34:15.856+0530][gc,phases   ] GC(26)   Other: 0.16ms
[2026-06-18T19:34:15.856+0530][gc,heap     ] GC(26) Eden regions: 126->0(181)
[2026-06-18T19:34:15.856+0530][gc,heap     ] GC(26) Survivor regions: 8->9(17)
[2026-06-18T19:34:15.856+0530][gc,heap     ] GC(26) Old regions: 68->68
[2026-06-18T19:34:15.856+0530][gc,heap     ] GC(26) Archive regions: 2->2
[2026-06-18T19:34:15.856+0530][gc,heap     ] GC(26) Humongous regions: 129->129
[2026-06-18T19:34:15.856+0530][gc,metaspace] GC(26) Metaspace: 42670K(43264K)->42670K(43264K) NonClass: 37755K(38080K)->37755K(38080K) Class: 4915K(5184K)->4915K(5184K)
[2026-06-18T19:34:15.856+0530][gc          ] GC(26) Pause Young (Normal) (G1 Evacuation Pause) 331M->205M(1024M) 3.977ms
[2026-06-18T19:34:15.856+0530][gc,cpu      ] GC(26) User=0.04s Sys=0.00s Real=0.00s
[2026-06-18T19:48:03.804+0530][gc,heap,exit] Heap
[2026-06-18T19:48:03.804+0530][gc,heap,exit]  garbage-first heap   total 1048576K, used 323367K [0x00000000c0000000, 0x0000000100000000)
[2026-06-18T19:48:03.804+0530][gc,heap,exit]   region size 1024K, 119 young (121856K), 9 survivors (9216K)
[2026-06-18T19:48:03.804+0530][gc,heap,exit]  Metaspace       used 43269K, committed 43904K, reserved 1114112K
[2026-06-18T19:48:03.804+0530][gc,heap,exit]   class space    used 5070K, committed 5376K, reserved 1048576K
