[2026-06-18T15:34:43.688+0530][gc] Using G1
[2026-06-18T15:34:43.698+0530][gc,init] Version: 17.0.19+10-1-24.04.2-Ubuntu (release)
[2026-06-18T15:34:43.698+0530][gc,init] CPUs: 16 total, 12 available
[2026-06-18T15:34:43.698+0530][gc,init] Memory: 7275M
[2026-06-18T15:34:43.698+0530][gc,init] Large Page Support: Disabled
[2026-06-18T15:34:43.698+0530][gc,init] NUMA Support: Disabled
[2026-06-18T15:34:43.698+0530][gc,init] Compressed Oops: Enabled (32-bit)
[2026-06-18T15:34:43.698+0530][gc,init] Heap Region Size: 1M
[2026-06-18T15:34:43.698+0530][gc,init] Heap Min Capacity: 1G
[2026-06-18T15:34:43.698+0530][gc,init] Heap Initial Capacity: 1G
[2026-06-18T15:34:43.698+0530][gc,init] Heap Max Capacity: 1G
[2026-06-18T15:34:43.698+0530][gc,init] Pre-touch: Disabled
[2026-06-18T15:34:43.698+0530][gc,init] Parallel Workers: 10
[2026-06-18T15:34:43.698+0530][gc,init] Concurrent Workers: 3
[2026-06-18T15:34:43.698+0530][gc,init] Concurrent Refinement Workers: 10
[2026-06-18T15:34:43.698+0530][gc,init] Periodic GC: Disabled
[2026-06-18T15:34:43.704+0530][gc,metaspace] CDS archive(s) mapped at: [0x000070dfb3000000-0x000070dfb3bc7000-0x000070dfb3bc7000), size 12349440, SharedBaseAddress: 0x000070dfb3000000, ArchiveRelocationMode: 1.
[2026-06-18T15:34:43.704+0530][gc,metaspace] Compressed class space mapped at: 0x000070dfb4000000-0x000070dff4000000, reserved size: 1073741824
[2026-06-18T15:34:43.704+0530][gc,metaspace] Narrow klass base: 0x000070dfb3000000, Narrow klass shift: 0, Narrow klass range: 0x100000000
[2026-06-18T15:34:44.395+0530][gc,start    ] GC(0) Pause Young (Normal) (G1 Evacuation Pause)
[2026-06-18T15:34:44.396+0530][gc,task     ] GC(0) Using 10 workers of 10 for evacuation
[2026-06-18T15:34:44.399+0530][gc,phases   ] GC(0)   Pre Evacuate Collection Set: 0.06ms
[2026-06-18T15:34:44.399+0530][gc,phases   ] GC(0)   Merge Heap Roots: 0.06ms
[2026-06-18T15:34:44.399+0530][gc,phases   ] GC(0)   Evacuate Collection Set: 2.46ms
[2026-06-18T15:34:44.399+0530][gc,phases   ] GC(0)   Post Evacuate Collection Set: 0.26ms
[2026-06-18T15:34:44.399+0530][gc,phases   ] GC(0)   Other: 1.53ms
[2026-06-18T15:34:44.399+0530][gc,heap     ] GC(0) Eden regions: 51->0(44)
[2026-06-18T15:34:44.399+0530][gc,heap     ] GC(0) Survivor regions: 0->7(7)
[2026-06-18T15:34:44.399+0530][gc,heap     ] GC(0) Old regions: 0->1
[2026-06-18T15:34:44.399+0530][gc,heap     ] GC(0) Archive regions: 2->2
[2026-06-18T15:34:44.399+0530][gc,heap     ] GC(0) Humongous regions: 0->0
[2026-06-18T15:34:44.399+0530][gc,metaspace] GC(0) Metaspace: 18446K(18688K)->18446K(18688K) NonClass: 16276K(16384K)->16276K(16384K) Class: 2170K(2304K)->2170K(2304K)
[2026-06-18T15:34:44.399+0530][gc          ] GC(0) Pause Young (Normal) (G1 Evacuation Pause) 51M->8M(1024M) 4.445ms
[2026-06-18T15:34:44.399+0530][gc,cpu      ] GC(0) User=0.01s Sys=0.01s Real=0.00s
[2026-06-18T15:34:44.542+0530][gc,start    ] GC(1) Pause Young (Concurrent Start) (Metadata GC Threshold)
[2026-06-18T15:34:44.542+0530][gc,task     ] GC(1) Using 10 workers of 10 for evacuation
[2026-06-18T15:34:44.546+0530][gc,phases   ] GC(1)   Pre Evacuate Collection Set: 0.09ms
[2026-06-18T15:34:44.546+0530][gc,phases   ] GC(1)   Merge Heap Roots: 0.05ms
[2026-06-18T15:34:44.546+0530][gc,phases   ] GC(1)   Evacuate Collection Set: 3.16ms
[2026-06-18T15:34:44.546+0530][gc,phases   ] GC(1)   Post Evacuate Collection Set: 0.46ms
[2026-06-18T15:34:44.546+0530][gc,phases   ] GC(1)   Other: 0.24ms
[2026-06-18T15:34:44.546+0530][gc,heap     ] GC(1) Eden regions: 11->0(49)
[2026-06-18T15:34:44.547+0530][gc,heap     ] GC(1) Survivor regions: 7->2(7)
[2026-06-18T15:34:44.547+0530][gc,heap     ] GC(1) Old regions: 1->8
[2026-06-18T15:34:44.547+0530][gc,heap     ] GC(1) Archive regions: 2->2
[2026-06-18T15:34:44.547+0530][gc,heap     ] GC(1) Humongous regions: 0->0
[2026-06-18T15:34:44.547+0530][gc,metaspace] GC(1) Metaspace: 21269K(21504K)->21269K(21504K) NonClass: 18702K(18880K)->18702K(18880K) Class: 2567K(2624K)->2567K(2624K)
[2026-06-18T15:34:44.547+0530][gc          ] GC(1) Pause Young (Concurrent Start) (Metadata GC Threshold) 18M->9M(1024M) 4.167ms
[2026-06-18T15:34:44.547+0530][gc,cpu      ] GC(1) User=0.03s Sys=0.01s Real=0.01s
[2026-06-18T15:34:44.547+0530][gc          ] GC(2) Concurrent Mark Cycle
[2026-06-18T15:34:44.547+0530][gc,marking  ] GC(2) Concurrent Clear Claimed Marks
[2026-06-18T15:34:44.547+0530][gc,marking  ] GC(2) Concurrent Clear Claimed Marks 0.016ms
[2026-06-18T15:34:44.547+0530][gc,marking  ] GC(2) Concurrent Scan Root Regions
[2026-06-18T15:34:44.548+0530][gc,marking  ] GC(2) Concurrent Scan Root Regions 1.479ms
[2026-06-18T15:34:44.548+0530][gc,marking  ] GC(2) Concurrent Mark
[2026-06-18T15:34:44.548+0530][gc,marking  ] GC(2) Concurrent Mark From Roots
[2026-06-18T15:34:44.548+0530][gc,task     ] GC(2) Using 3 workers of 3 for marking
[2026-06-18T15:34:44.549+0530][gc,marking  ] GC(2) Concurrent Mark From Roots 0.875ms
[2026-06-18T15:34:44.549+0530][gc,marking  ] GC(2) Concurrent Preclean
[2026-06-18T15:34:44.549+0530][gc,marking  ] GC(2) Concurrent Preclean 0.067ms
[2026-06-18T15:34:44.549+0530][gc,start    ] GC(2) Pause Remark
[2026-06-18T15:34:44.551+0530][gc          ] GC(2) Pause Remark 9M->9M(1024M) 1.662ms
[2026-06-18T15:34:44.551+0530][gc,cpu      ] GC(2) User=0.01s Sys=0.00s Real=0.00s
[2026-06-18T15:34:44.551+0530][gc,marking  ] GC(2) Concurrent Mark 2.773ms
[2026-06-18T15:34:44.551+0530][gc,marking  ] GC(2) Concurrent Rebuild Remembered Sets
[2026-06-18T15:34:44.552+0530][gc,marking  ] GC(2) Concurrent Rebuild Remembered Sets 1.335ms
[2026-06-18T15:34:44.553+0530][gc,start    ] GC(2) Pause Cleanup
[2026-06-18T15:34:44.553+0530][gc          ] GC(2) Pause Cleanup 9M->9M(1024M) 0.077ms
[2026-06-18T15:34:44.553+0530][gc,cpu      ] GC(2) User=0.00s Sys=0.00s Real=0.00s
[2026-06-18T15:34:44.553+0530][gc,marking  ] GC(2) Concurrent Cleanup for Next Mark
[2026-06-18T15:34:44.556+0530][gc,marking  ] GC(2) Concurrent Cleanup for Next Mark 2.918ms
[2026-06-18T15:34:44.556+0530][gc          ] GC(2) Concurrent Mark Cycle 9.324ms
[2026-06-18T15:34:45.215+0530][gc,start    ] GC(3) Pause Young (Normal) (G1 Evacuation Pause)
[2026-06-18T15:34:45.215+0530][gc,task     ] GC(3) Using 10 workers of 10 for evacuation
[2026-06-18T15:34:45.219+0530][gc,phases   ] GC(3)   Pre Evacuate Collection Set: 0.08ms
[2026-06-18T15:34:45.219+0530][gc,phases   ] GC(3)   Merge Heap Roots: 0.04ms
[2026-06-18T15:34:45.219+0530][gc,phases   ] GC(3)   Evacuate Collection Set: 2.63ms
[2026-06-18T15:34:45.219+0530][gc,phases   ] GC(3)   Post Evacuate Collection Set: 0.52ms
[2026-06-18T15:34:45.219+0530][gc,phases   ] GC(3)   Other: 0.11ms
[2026-06-18T15:34:45.219+0530][gc,heap     ] GC(3) Eden regions: 49->0(45)
[2026-06-18T15:34:45.219+0530][gc,heap     ] GC(3) Survivor regions: 2->6(7)
[2026-06-18T15:34:45.219+0530][gc,heap     ] GC(3) Old regions: 8->8
[2026-06-18T15:34:45.219+0530][gc,heap     ] GC(3) Archive regions: 2->2
[2026-06-18T15:34:45.219+0530][gc,heap     ] GC(3) Humongous regions: 129->129
[2026-06-18T15:34:45.219+0530][gc,metaspace] GC(3) Metaspace: 30507K(30784K)->30507K(30784K) NonClass: 27035K(27136K)->27035K(27136K) Class: 3471K(3648K)->3471K(3648K)
[2026-06-18T15:34:45.219+0530][gc          ] GC(3) Pause Young (Normal) (G1 Evacuation Pause) 187M->142M(1024M) 3.528ms
[2026-06-18T15:34:45.219+0530][gc,cpu      ] GC(3) User=0.03s Sys=0.00s Real=0.00s
[2026-06-18T15:34:45.437+0530][gc,heap,exit] Heap
[2026-06-18T15:34:45.437+0530][gc,heap,exit]  garbage-first heap   total 1048576K, used 156386K [0x00000000c0000000, 0x0000000100000000)
[2026-06-18T15:34:45.437+0530][gc,heap,exit]   region size 1024K, 16 young (16384K), 6 survivors (6144K)
[2026-06-18T15:34:45.437+0530][gc,heap,exit]  Metaspace       used 31381K, committed 31680K, reserved 1114112K
[2026-06-18T15:34:45.437+0530][gc,heap,exit]   class space    used 3634K, committed 3776K, reserved 1048576K
