[2026-06-17T11:14:45.333+0530][gc] Using G1
[2026-06-17T11:14:45.354+0530][gc,init] Version: 17.0.19+10-1-24.04.2-Ubuntu (release)
[2026-06-17T11:14:45.354+0530][gc,init] CPUs: 16 total, 12 available
[2026-06-17T11:14:45.354+0530][gc,init] Memory: 7275M
[2026-06-17T11:14:45.354+0530][gc,init] Large Page Support: Disabled
[2026-06-17T11:14:45.354+0530][gc,init] NUMA Support: Disabled
[2026-06-17T11:14:45.354+0530][gc,init] Compressed Oops: Enabled (32-bit)
[2026-06-17T11:14:45.354+0530][gc,init] Heap Region Size: 1M
[2026-06-17T11:14:45.354+0530][gc,init] Heap Min Capacity: 1G
[2026-06-17T11:14:45.354+0530][gc,init] Heap Initial Capacity: 1G
[2026-06-17T11:14:45.354+0530][gc,init] Heap Max Capacity: 1G
[2026-06-17T11:14:45.354+0530][gc,init] Pre-touch: Disabled
[2026-06-17T11:14:45.354+0530][gc,init] Parallel Workers: 10
[2026-06-17T11:14:45.354+0530][gc,init] Concurrent Workers: 3
[2026-06-17T11:14:45.354+0530][gc,init] Concurrent Refinement Workers: 10
[2026-06-17T11:14:45.354+0530][gc,init] Periodic GC: Disabled
[2026-06-17T11:14:45.367+0530][gc,metaspace] CDS archive(s) mapped at: [0x00007decff000000-0x00007decffbc7000-0x00007decffbc7000), size 12349440, SharedBaseAddress: 0x00007decff000000, ArchiveRelocationMode: 1.
[2026-06-17T11:14:45.367+0530][gc,metaspace] Compressed class space mapped at: 0x00007ded00000000-0x00007ded40000000, reserved size: 1073741824
[2026-06-17T11:14:45.367+0530][gc,metaspace] Narrow klass base: 0x00007decff000000, Narrow klass shift: 0, Narrow klass range: 0x100000000
[2026-06-17T11:14:46.761+0530][gc,start    ] GC(0) Pause Young (Normal) (G1 Evacuation Pause)
[2026-06-17T11:14:46.763+0530][gc,task     ] GC(0) Using 10 workers of 10 for evacuation
[2026-06-17T11:14:46.767+0530][gc,phases   ] GC(0)   Pre Evacuate Collection Set: 0.14ms
[2026-06-17T11:14:46.767+0530][gc,phases   ] GC(0)   Merge Heap Roots: 0.11ms
[2026-06-17T11:14:46.767+0530][gc,phases   ] GC(0)   Evacuate Collection Set: 3.59ms
[2026-06-17T11:14:46.767+0530][gc,phases   ] GC(0)   Post Evacuate Collection Set: 0.45ms
[2026-06-17T11:14:46.767+0530][gc,phases   ] GC(0)   Other: 2.16ms
[2026-06-17T11:14:46.767+0530][gc,heap     ] GC(0) Eden regions: 51->0(44)
[2026-06-17T11:14:46.767+0530][gc,heap     ] GC(0) Survivor regions: 0->7(7)
[2026-06-17T11:14:46.767+0530][gc,heap     ] GC(0) Old regions: 0->1
[2026-06-17T11:14:46.767+0530][gc,heap     ] GC(0) Archive regions: 2->2
[2026-06-17T11:14:46.767+0530][gc,heap     ] GC(0) Humongous regions: 0->0
[2026-06-17T11:14:46.767+0530][gc,metaspace] GC(0) Metaspace: 18366K(18624K)->18366K(18624K) NonClass: 16199K(16320K)->16199K(16320K) Class: 2166K(2304K)->2166K(2304K)
[2026-06-17T11:14:46.767+0530][gc          ] GC(0) Pause Young (Normal) (G1 Evacuation Pause) 51M->8M(1024M) 6.565ms
[2026-06-17T11:14:46.767+0530][gc,cpu      ] GC(0) User=0.02s Sys=0.02s Real=0.01s
[2026-06-17T11:14:47.198+0530][gc,start    ] GC(1) Pause Young (Concurrent Start) (Metadata GC Threshold)
[2026-06-17T11:14:47.198+0530][gc,task     ] GC(1) Using 10 workers of 10 for evacuation
[2026-06-17T11:14:47.203+0530][gc,phases   ] GC(1)   Pre Evacuate Collection Set: 0.26ms
[2026-06-17T11:14:47.203+0530][gc,phases   ] GC(1)   Merge Heap Roots: 0.08ms
[2026-06-17T11:14:47.203+0530][gc,phases   ] GC(1)   Evacuate Collection Set: 4.00ms
[2026-06-17T11:14:47.203+0530][gc,phases   ] GC(1)   Post Evacuate Collection Set: 0.48ms
[2026-06-17T11:14:47.203+0530][gc,phases   ] GC(1)   Other: 0.50ms
[2026-06-17T11:14:47.203+0530][gc,heap     ] GC(1) Eden regions: 13->0(49)
[2026-06-17T11:14:47.203+0530][gc,heap     ] GC(1) Survivor regions: 7->2(7)
[2026-06-17T11:14:47.203+0530][gc,heap     ] GC(1) Old regions: 1->8
[2026-06-17T11:14:47.203+0530][gc,heap     ] GC(1) Archive regions: 2->2
[2026-06-17T11:14:47.203+0530][gc,heap     ] GC(1) Humongous regions: 129->129
[2026-06-17T11:14:47.203+0530][gc,metaspace] GC(1) Metaspace: 21262K(21504K)->21262K(21504K) NonClass: 18710K(18816K)->18710K(18816K) Class: 2551K(2688K)->2551K(2688K)
[2026-06-17T11:14:47.204+0530][gc          ] GC(1) Pause Young (Concurrent Start) (Metadata GC Threshold) 149M->138M(1024M) 5.440ms
[2026-06-17T11:14:47.204+0530][gc,cpu      ] GC(1) User=0.03s Sys=0.02s Real=0.01s
[2026-06-17T11:14:47.204+0530][gc          ] GC(2) Concurrent Mark Cycle
[2026-06-17T11:14:47.204+0530][gc,marking  ] GC(2) Concurrent Clear Claimed Marks
[2026-06-17T11:14:47.204+0530][gc,marking  ] GC(2) Concurrent Clear Claimed Marks 0.040ms
[2026-06-17T11:14:47.204+0530][gc,marking  ] GC(2) Concurrent Scan Root Regions
[2026-06-17T11:14:47.206+0530][gc,marking  ] GC(2) Concurrent Scan Root Regions 2.244ms
[2026-06-17T11:14:47.206+0530][gc,marking  ] GC(2) Concurrent Mark
[2026-06-17T11:14:47.206+0530][gc,marking  ] GC(2) Concurrent Mark From Roots
[2026-06-17T11:14:47.206+0530][gc,task     ] GC(2) Using 3 workers of 3 for marking
[2026-06-17T11:14:47.208+0530][gc,marking  ] GC(2) Concurrent Mark From Roots 1.875ms
[2026-06-17T11:14:47.208+0530][gc,marking  ] GC(2) Concurrent Preclean
[2026-06-17T11:14:47.208+0530][gc,marking  ] GC(2) Concurrent Preclean 0.122ms
[2026-06-17T11:14:47.208+0530][gc,start    ] GC(2) Pause Remark
[2026-06-17T11:14:47.210+0530][gc          ] GC(2) Pause Remark 139M->139M(1024M) 1.530ms
[2026-06-17T11:14:47.210+0530][gc,cpu      ] GC(2) User=0.00s Sys=0.00s Real=0.00s
[2026-06-17T11:14:47.210+0530][gc,marking  ] GC(2) Concurrent Mark 3.808ms
[2026-06-17T11:14:47.210+0530][gc,marking  ] GC(2) Concurrent Rebuild Remembered Sets
[2026-06-17T11:14:47.211+0530][gc,marking  ] GC(2) Concurrent Rebuild Remembered Sets 1.572ms
[2026-06-17T11:14:47.212+0530][gc,start    ] GC(2) Pause Cleanup
[2026-06-17T11:14:47.212+0530][gc          ] GC(2) Pause Cleanup 139M->139M(1024M) 0.143ms
[2026-06-17T11:14:47.212+0530][gc,cpu      ] GC(2) User=0.00s Sys=0.00s Real=0.00s
[2026-06-17T11:14:47.212+0530][gc,marking  ] GC(2) Concurrent Cleanup for Next Mark
[2026-06-17T11:14:47.217+0530][gc,marking  ] GC(2) Concurrent Cleanup for Next Mark 5.606ms
[2026-06-17T11:14:47.217+0530][gc          ] GC(2) Concurrent Mark Cycle 13.817ms
[2026-06-17T11:14:47.951+0530][gc,start    ] GC(3) Pause Young (Normal) (G1 Evacuation Pause)
[2026-06-17T11:14:47.952+0530][gc,task     ] GC(3) Using 10 workers of 10 for evacuation
[2026-06-17T11:14:47.956+0530][gc,phases   ] GC(3)   Pre Evacuate Collection Set: 0.15ms
[2026-06-17T11:14:47.956+0530][gc,phases   ] GC(3)   Merge Heap Roots: 0.08ms
[2026-06-17T11:14:47.956+0530][gc,phases   ] GC(3)   Evacuate Collection Set: 3.78ms
[2026-06-17T11:14:47.956+0530][gc,phases   ] GC(3)   Post Evacuate Collection Set: 0.42ms
[2026-06-17T11:14:47.956+0530][gc,phases   ] GC(3)   Other: 0.15ms
[2026-06-17T11:14:47.956+0530][gc,heap     ] GC(3) Eden regions: 49->0(44)
[2026-06-17T11:14:47.956+0530][gc,heap     ] GC(3) Survivor regions: 2->7(7)
[2026-06-17T11:14:47.956+0530][gc,heap     ] GC(3) Old regions: 8->8
[2026-06-17T11:14:47.956+0530][gc,heap     ] GC(3) Archive regions: 2->2
[2026-06-17T11:14:47.956+0530][gc,heap     ] GC(3) Humongous regions: 129->129
[2026-06-17T11:14:47.956+0530][gc,metaspace] GC(3) Metaspace: 32365K(32640K)->32365K(32640K) NonClass: 28784K(28928K)->28784K(28928K) Class: 3580K(3712K)->3580K(3712K)
[2026-06-17T11:14:47.956+0530][gc          ] GC(3) Pause Young (Normal) (G1 Evacuation Pause) 187M->143M(1024M) 4.697ms
[2026-06-17T11:14:47.956+0530][gc,cpu      ] GC(3) User=0.04s Sys=0.01s Real=0.01s
[2026-06-17T11:16:00.053+0530][gc,start    ] GC(4) Pause Young (Concurrent Start) (Metadata GC Threshold)
[2026-06-17T11:16:00.053+0530][gc,task     ] GC(4) Using 10 workers of 10 for evacuation
[2026-06-17T11:16:00.059+0530][gc,phases   ] GC(4)   Pre Evacuate Collection Set: 0.20ms
[2026-06-17T11:16:00.059+0530][gc,phases   ] GC(4)   Merge Heap Roots: 0.09ms
[2026-06-17T11:16:00.059+0530][gc,phases   ] GC(4)   Evacuate Collection Set: 3.95ms
[2026-06-17T11:16:00.059+0530][gc,phases   ] GC(4)   Post Evacuate Collection Set: 0.57ms
[2026-06-17T11:16:00.059+0530][gc,phases   ] GC(4)   Other: 0.30ms
[2026-06-17T11:16:00.059+0530][gc,heap     ] GC(4) Eden regions: 16->0(49)
[2026-06-17T11:16:00.059+0530][gc,heap     ] GC(4) Survivor regions: 7->2(7)
[2026-06-17T11:16:00.059+0530][gc,heap     ] GC(4) Old regions: 8->14
[2026-06-17T11:16:00.059+0530][gc,heap     ] GC(4) Archive regions: 2->2
[2026-06-17T11:16:00.059+0530][gc,heap     ] GC(4) Humongous regions: 129->129
[2026-06-17T11:16:00.059+0530][gc,metaspace] GC(4) Metaspace: 35634K(35968K)->35634K(35968K) NonClass: 31515K(31680K)->31515K(31680K) Class: 4119K(4288K)->4119K(4288K)
[2026-06-17T11:16:00.059+0530][gc          ] GC(4) Pause Young (Concurrent Start) (Metadata GC Threshold) 159M->144M(1024M) 5.262ms
[2026-06-17T11:16:00.059+0530][gc,cpu      ] GC(4) User=0.04s Sys=0.01s Real=0.00s
[2026-06-17T11:16:00.059+0530][gc          ] GC(5) Concurrent Mark Cycle
[2026-06-17T11:16:00.059+0530][gc,marking  ] GC(5) Concurrent Clear Claimed Marks
[2026-06-17T11:16:00.059+0530][gc,marking  ] GC(5) Concurrent Clear Claimed Marks 0.033ms
[2026-06-17T11:16:00.059+0530][gc,marking  ] GC(5) Concurrent Scan Root Regions
[2026-06-17T11:16:00.061+0530][gc,marking  ] GC(5) Concurrent Scan Root Regions 2.353ms
[2026-06-17T11:16:00.061+0530][gc,marking  ] GC(5) Concurrent Mark
[2026-06-17T11:16:00.061+0530][gc,marking  ] GC(5) Concurrent Mark From Roots
[2026-06-17T11:16:00.061+0530][gc,task     ] GC(5) Using 3 workers of 3 for marking
[2026-06-17T11:16:00.066+0530][gc,marking  ] GC(5) Concurrent Mark From Roots 4.839ms
[2026-06-17T11:16:00.066+0530][gc,marking  ] GC(5) Concurrent Preclean
[2026-06-17T11:16:00.066+0530][gc,marking  ] GC(5) Concurrent Preclean 0.167ms
[2026-06-17T11:16:00.066+0530][gc,start    ] GC(5) Pause Remark
[2026-06-17T11:16:00.068+0530][gc          ] GC(5) Pause Remark 144M->144M(1024M) 1.739ms
[2026-06-17T11:16:00.068+0530][gc,cpu      ] GC(5) User=0.01s Sys=0.00s Real=0.00s
[2026-06-17T11:16:00.068+0530][gc,marking  ] GC(5) Concurrent Mark 7.000ms
[2026-06-17T11:16:00.068+0530][gc,marking  ] GC(5) Concurrent Rebuild Remembered Sets
[2026-06-17T11:16:00.072+0530][gc,marking  ] GC(5) Concurrent Rebuild Remembered Sets 3.592ms
[2026-06-17T11:16:00.072+0530][gc,start    ] GC(5) Pause Cleanup
[2026-06-17T11:16:00.072+0530][gc          ] GC(5) Pause Cleanup 145M->145M(1024M) 0.163ms
[2026-06-17T11:16:00.072+0530][gc,cpu      ] GC(5) User=0.00s Sys=0.00s Real=0.00s
[2026-06-17T11:16:00.072+0530][gc,marking  ] GC(5) Concurrent Cleanup for Next Mark
[2026-06-17T11:16:00.079+0530][gc,marking  ] GC(5) Concurrent Cleanup for Next Mark 6.255ms
[2026-06-17T11:16:00.079+0530][gc          ] GC(5) Concurrent Mark Cycle 19.836ms
[2026-06-17T11:43:55.214+0530][gc,start    ] GC(6) Pause Young (Normal) (G1 Evacuation Pause)
[2026-06-17T11:43:55.216+0530][gc,task     ] GC(6) Using 10 workers of 10 for evacuation
[2026-06-17T11:43:55.253+0530][gc,mmu      ] GC(6) MMU target violated: 21.0ms (20.0ms/21.0ms)
[2026-06-17T11:43:55.253+0530][gc,phases   ] GC(6)   Pre Evacuate Collection Set: 7.94ms
[2026-06-17T11:43:55.253+0530][gc,phases   ] GC(6)   Merge Heap Roots: 1.96ms
[2026-06-17T11:43:55.253+0530][gc,phases   ] GC(6)   Evacuate Collection Set: 20.71ms
[2026-06-17T11:43:55.253+0530][gc,phases   ] GC(6)   Post Evacuate Collection Set: 5.58ms
[2026-06-17T11:43:55.253+0530][gc,phases   ] GC(6)   Other: 4.64ms
[2026-06-17T11:43:55.254+0530][gc,heap     ] GC(6) Eden regions: 49->0(48)
[2026-06-17T11:43:55.254+0530][gc,heap     ] GC(6) Survivor regions: 2->3(7)
[2026-06-17T11:43:55.254+0530][gc,heap     ] GC(6) Old regions: 14->14
[2026-06-17T11:43:55.254+0530][gc,heap     ] GC(6) Archive regions: 2->2
[2026-06-17T11:43:55.254+0530][gc,heap     ] GC(6) Humongous regions: 129->129
[2026-06-17T11:43:55.254+0530][gc,metaspace] GC(6) Metaspace: 39468K(39872K)->39468K(39872K) NonClass: 34909K(35136K)->34909K(35136K) Class: 4558K(4736K)->4558K(4736K)
[2026-06-17T11:43:55.254+0530][gc          ] GC(6) Pause Young (Normal) (G1 Evacuation Pause) 193M->145M(1024M) 40.097ms
[2026-06-17T11:43:55.254+0530][gc,cpu      ] GC(6) User=0.02s Sys=0.07s Real=0.04s
[2026-06-17T12:15:07.122+0530][gc,start    ] GC(7) Pause Young (Normal) (G1 Evacuation Pause)
[2026-06-17T12:15:07.122+0530][gc,task     ] GC(7) Using 10 workers of 10 for evacuation
[2026-06-17T12:15:07.127+0530][gc,phases   ] GC(7)   Pre Evacuate Collection Set: 0.21ms
[2026-06-17T12:15:07.127+0530][gc,phases   ] GC(7)   Merge Heap Roots: 0.12ms
[2026-06-17T12:15:07.127+0530][gc,phases   ] GC(7)   Evacuate Collection Set: 3.18ms
[2026-06-17T12:15:07.127+0530][gc,phases   ] GC(7)   Post Evacuate Collection Set: 0.85ms
[2026-06-17T12:15:07.127+0530][gc,phases   ] GC(7)   Other: 0.42ms
[2026-06-17T12:15:07.127+0530][gc,heap     ] GC(7) Eden regions: 48->0(48)
[2026-06-17T12:15:07.127+0530][gc,heap     ] GC(7) Survivor regions: 3->3(7)
[2026-06-17T12:15:07.127+0530][gc,heap     ] GC(7) Old regions: 14->14
[2026-06-17T12:15:07.127+0530][gc,heap     ] GC(7) Archive regions: 2->2
[2026-06-17T12:15:07.127+0530][gc,heap     ] GC(7) Humongous regions: 129->129
[2026-06-17T12:15:07.127+0530][gc,metaspace] GC(7) Metaspace: 39749K(40192K)->39749K(40192K) NonClass: 35167K(35456K)->35167K(35456K) Class: 4581K(4736K)->4581K(4736K)
[2026-06-17T12:15:07.127+0530][gc          ] GC(7) Pause Young (Normal) (G1 Evacuation Pause) 193M->145M(1024M) 4.899ms
[2026-06-17T12:15:07.127+0530][gc,cpu      ] GC(7) User=0.02s Sys=0.01s Real=0.00s
[2026-06-17T12:30:35.765+0530][gc,start    ] GC(8) Pause Young (Normal) (G1 Evacuation Pause)
[2026-06-17T12:30:35.765+0530][gc,task     ] GC(8) Using 10 workers of 10 for evacuation
[2026-06-17T12:30:35.778+0530][gc,phases   ] GC(8)   Pre Evacuate Collection Set: 0.12ms
[2026-06-17T12:30:35.778+0530][gc,phases   ] GC(8)   Merge Heap Roots: 0.07ms
[2026-06-17T12:30:35.778+0530][gc,phases   ] GC(8)   Evacuate Collection Set: 11.64ms
[2026-06-17T12:30:35.778+0530][gc,phases   ] GC(8)   Post Evacuate Collection Set: 0.82ms
[2026-06-17T12:30:35.778+0530][gc,phases   ] GC(8)   Other: 0.20ms
[2026-06-17T12:30:35.778+0530][gc,heap     ] GC(8) Eden regions: 48->0(46)
[2026-06-17T12:30:35.778+0530][gc,heap     ] GC(8) Survivor regions: 3->5(7)
[2026-06-17T12:30:35.778+0530][gc,heap     ] GC(8) Old regions: 14->14
[2026-06-17T12:30:35.778+0530][gc,heap     ] GC(8) Archive regions: 2->2
[2026-06-17T12:30:35.778+0530][gc,heap     ] GC(8) Humongous regions: 129->129
[2026-06-17T12:30:35.778+0530][gc,metaspace] GC(8) Metaspace: 41534K(42112K)->41534K(42112K) NonClass: 36691K(36992K)->36691K(36992K) Class: 4843K(5120K)->4843K(5120K)
[2026-06-17T12:30:35.778+0530][gc          ] GC(8) Pause Young (Normal) (G1 Evacuation Pause) 193M->147M(1024M) 13.218ms
[2026-06-17T12:30:35.778+0530][gc,cpu      ] GC(8) User=0.03s Sys=0.00s Real=0.01s
[2026-06-17T12:40:17.747+0530][gc,start    ] GC(9) Pause Young (Normal) (G1 Evacuation Pause)
[2026-06-17T12:40:17.748+0530][gc,task     ] GC(9) Using 10 workers of 10 for evacuation
[2026-06-17T12:40:17.757+0530][gc,phases   ] GC(9)   Pre Evacuate Collection Set: 0.20ms
[2026-06-17T12:40:17.757+0530][gc,phases   ] GC(9)   Merge Heap Roots: 0.11ms
[2026-06-17T12:40:17.757+0530][gc,phases   ] GC(9)   Evacuate Collection Set: 8.12ms
[2026-06-17T12:40:17.757+0530][gc,phases   ] GC(9)   Post Evacuate Collection Set: 1.07ms
[2026-06-17T12:40:17.757+0530][gc,phases   ] GC(9)   Other: 0.26ms
[2026-06-17T12:40:17.757+0530][gc,heap     ] GC(9) Eden regions: 46->0(46)
[2026-06-17T12:40:17.757+0530][gc,heap     ] GC(9) Survivor regions: 5->5(7)
[2026-06-17T12:40:17.757+0530][gc,heap     ] GC(9) Old regions: 14->15
[2026-06-17T12:40:17.757+0530][gc,heap     ] GC(9) Archive regions: 2->2
[2026-06-17T12:40:17.757+0530][gc,heap     ] GC(9) Humongous regions: 129->129
[2026-06-17T12:40:17.757+0530][gc,metaspace] GC(9) Metaspace: 42352K(42944K)->42352K(42944K) NonClass: 37433K(37760K)->37433K(37760K) Class: 4919K(5184K)->4919K(5184K)
[2026-06-17T12:40:17.757+0530][gc          ] GC(9) Pause Young (Normal) (G1 Evacuation Pause) 193M->149M(1024M) 9.906ms
[2026-06-17T12:40:17.757+0530][gc,cpu      ] GC(9) User=0.03s Sys=0.01s Real=0.01s
[2026-06-17T12:50:16.986+0530][gc,start    ] GC(10) Pause Young (Normal) (G1 Evacuation Pause)
[2026-06-17T12:50:16.987+0530][gc,task     ] GC(10) Using 10 workers of 10 for evacuation
[2026-06-17T12:50:16.997+0530][gc,phases   ] GC(10)   Pre Evacuate Collection Set: 0.11ms
[2026-06-17T12:50:16.997+0530][gc,phases   ] GC(10)   Merge Heap Roots: 0.08ms
[2026-06-17T12:50:16.997+0530][gc,phases   ] GC(10)   Evacuate Collection Set: 9.06ms
[2026-06-17T12:50:16.997+0530][gc,phases   ] GC(10)   Post Evacuate Collection Set: 0.51ms
[2026-06-17T12:50:16.997+0530][gc,phases   ] GC(10)   Other: 0.39ms
[2026-06-17T12:50:16.997+0530][gc,heap     ] GC(10) Eden regions: 46->0(52)
[2026-06-17T12:50:16.997+0530][gc,heap     ] GC(10) Survivor regions: 5->3(7)
[2026-06-17T12:50:16.997+0530][gc,heap     ] GC(10) Old regions: 15->17
[2026-06-17T12:50:16.997+0530][gc,heap     ] GC(10) Archive regions: 2->2
[2026-06-17T12:50:16.997+0530][gc,heap     ] GC(10) Humongous regions: 129->129
[2026-06-17T12:50:16.997+0530][gc,metaspace] GC(10) Metaspace: 42454K(43008K)->42454K(43008K) NonClass: 37535K(37824K)->37535K(37824K) Class: 4919K(5184K)->4919K(5184K)
[2026-06-17T12:50:16.997+0530][gc          ] GC(10) Pause Young (Normal) (G1 Evacuation Pause) 195M->149M(1024M) 10.333ms
[2026-06-17T12:50:16.997+0530][gc,cpu      ] GC(10) User=0.02s Sys=0.01s Real=0.01s
[2026-06-17T13:01:16.987+0530][gc,start    ] GC(11) Pause Young (Normal) (G1 Evacuation Pause)
[2026-06-17T13:01:16.987+0530][gc,task     ] GC(11) Using 10 workers of 10 for evacuation
[2026-06-17T13:01:17.002+0530][gc,phases   ] GC(11)   Pre Evacuate Collection Set: 0.20ms
[2026-06-17T13:01:17.003+0530][gc,phases   ] GC(11)   Merge Heap Roots: 0.11ms
[2026-06-17T13:01:17.003+0530][gc,phases   ] GC(11)   Evacuate Collection Set: 7.33ms
[2026-06-17T13:01:17.003+0530][gc,phases   ] GC(11)   Post Evacuate Collection Set: 0.52ms
[2026-06-17T13:01:17.003+0530][gc,phases   ] GC(11)   Other: 7.37ms
[2026-06-17T13:01:17.003+0530][gc,heap     ] GC(11) Eden regions: 52->0(48)
[2026-06-17T13:01:17.003+0530][gc,heap     ] GC(11) Survivor regions: 3->3(7)
[2026-06-17T13:01:17.003+0530][gc,heap     ] GC(11) Old regions: 17->17
[2026-06-17T13:01:17.003+0530][gc,heap     ] GC(11) Archive regions: 2->2
[2026-06-17T13:01:17.003+0530][gc,heap     ] GC(11) Humongous regions: 129->129
[2026-06-17T13:01:17.003+0530][gc,metaspace] GC(11) Metaspace: 42546K(43136K)->42546K(43136K) NonClass: 37627K(37952K)->37627K(37952K) Class: 4919K(5184K)->4919K(5184K)
[2026-06-17T13:01:17.003+0530][gc          ] GC(11) Pause Young (Normal) (G1 Evacuation Pause) 201M->149M(1024M) 15.665ms
[2026-06-17T13:01:17.003+0530][gc,cpu      ] GC(11) User=0.03s Sys=0.01s Real=0.02s
[2026-06-17T13:13:32.872+0530][gc,start    ] GC(12) Pause Young (Normal) (G1 Evacuation Pause)
[2026-06-17T13:13:32.872+0530][gc,task     ] GC(12) Using 10 workers of 10 for evacuation
[2026-06-17T13:13:32.878+0530][gc,phases   ] GC(12)   Pre Evacuate Collection Set: 0.26ms
[2026-06-17T13:13:32.878+0530][gc,phases   ] GC(12)   Merge Heap Roots: 0.10ms
[2026-06-17T13:13:32.878+0530][gc,phases   ] GC(12)   Evacuate Collection Set: 2.34ms
[2026-06-17T13:13:32.878+0530][gc,phases   ] GC(12)   Post Evacuate Collection Set: 2.67ms
[2026-06-17T13:13:32.878+0530][gc,phases   ] GC(12)   Other: 0.22ms
[2026-06-17T13:13:32.878+0530][gc,heap     ] GC(12) Eden regions: 48->0(81)
[2026-06-17T13:13:32.878+0530][gc,heap     ] GC(12) Survivor regions: 3->4(7)
[2026-06-17T13:13:32.878+0530][gc,heap     ] GC(12) Old regions: 17->17
[2026-06-17T13:13:32.878+0530][gc,heap     ] GC(12) Archive regions: 2->2
[2026-06-17T13:13:32.878+0530][gc,heap     ] GC(12) Humongous regions: 129->129
[2026-06-17T13:13:32.878+0530][gc,metaspace] GC(12) Metaspace: 42603K(43200K)->42603K(43200K) NonClass: 37684K(38016K)->37684K(38016K) Class: 4919K(5184K)->4919K(5184K)
[2026-06-17T13:13:32.878+0530][gc          ] GC(12) Pause Young (Normal) (G1 Evacuation Pause) 197M->150M(1024M) 5.919ms
[2026-06-17T13:13:32.878+0530][gc,cpu      ] GC(12) User=0.02s Sys=0.00s Real=0.00s
[2026-06-17T13:31:40.732+0530][gc,start    ] GC(13) Pause Young (Normal) (G1 Evacuation Pause)
[2026-06-17T13:31:40.732+0530][gc,task     ] GC(13) Using 10 workers of 10 for evacuation
[2026-06-17T13:31:40.744+0530][gc,phases   ] GC(13)   Pre Evacuate Collection Set: 0.14ms
[2026-06-17T13:31:40.744+0530][gc,phases   ] GC(13)   Merge Heap Roots: 0.08ms
[2026-06-17T13:31:40.744+0530][gc,phases   ] GC(13)   Evacuate Collection Set: 2.30ms
[2026-06-17T13:31:40.744+0530][gc,phases   ] GC(13)   Post Evacuate Collection Set: 3.03ms
[2026-06-17T13:31:40.744+0530][gc,phases   ] GC(13)   Other: 6.29ms
[2026-06-17T13:31:40.744+0530][gc,heap     ] GC(13) Eden regions: 81->0(65)
[2026-06-17T13:31:40.744+0530][gc,heap     ] GC(13) Survivor regions: 4->5(11)
[2026-06-17T13:31:40.744+0530][gc,heap     ] GC(13) Old regions: 17->17
[2026-06-17T13:31:40.744+0530][gc,heap     ] GC(13) Archive regions: 2->2
[2026-06-17T13:31:40.744+0530][gc,heap     ] GC(13) Humongous regions: 129->129
[2026-06-17T13:31:40.744+0530][gc,metaspace] GC(13) Metaspace: 42785K(43392K)->42785K(43392K) NonClass: 37864K(38208K)->37864K(38208K) Class: 4921K(5184K)->4921K(5184K)
[2026-06-17T13:31:40.744+0530][gc          ] GC(13) Pause Young (Normal) (G1 Evacuation Pause) 231M->151M(1024M) 11.971ms
[2026-06-17T13:31:40.744+0530][gc,cpu      ] GC(13) User=0.02s Sys=0.01s Real=0.01s
[2026-06-17T13:45:56.905+0530][gc,start    ] GC(14) Pause Young (Normal) (G1 Evacuation Pause)
[2026-06-17T13:45:56.905+0530][gc,task     ] GC(14) Using 10 workers of 10 for evacuation
[2026-06-17T13:45:56.914+0530][gc,phases   ] GC(14)   Pre Evacuate Collection Set: 0.09ms
[2026-06-17T13:45:56.914+0530][gc,phases   ] GC(14)   Merge Heap Roots: 0.06ms
[2026-06-17T13:45:56.914+0530][gc,phases   ] GC(14)   Evacuate Collection Set: 1.90ms
[2026-06-17T13:45:56.914+0530][gc,phases   ] GC(14)   Post Evacuate Collection Set: 6.50ms
[2026-06-17T13:45:56.914+0530][gc,phases   ] GC(14)   Other: 0.15ms
[2026-06-17T13:45:56.914+0530][gc,heap     ] GC(14) Eden regions: 65->0(74)
[2026-06-17T13:45:56.914+0530][gc,heap     ] GC(14) Survivor regions: 5->5(9)
[2026-06-17T13:45:56.914+0530][gc,heap     ] GC(14) Old regions: 17->17
[2026-06-17T13:45:56.914+0530][gc,heap     ] GC(14) Archive regions: 2->2
[2026-06-17T13:45:56.914+0530][gc,heap     ] GC(14) Humongous regions: 129->129
[2026-06-17T13:45:56.914+0530][gc,metaspace] GC(14) Metaspace: 42792K(43392K)->42792K(43392K) NonClass: 37870K(38208K)->37870K(38208K) Class: 4921K(5184K)->4921K(5184K)
[2026-06-17T13:45:56.914+0530][gc          ] GC(14) Pause Young (Normal) (G1 Evacuation Pause) 216M->151M(1024M) 8.818ms
[2026-06-17T13:45:56.914+0530][gc,cpu      ] GC(14) User=0.02s Sys=0.00s Real=0.01s
[2026-06-17T14:02:59.825+0530][gc,start    ] GC(15) Pause Young (Normal) (G1 Evacuation Pause)
[2026-06-17T14:02:59.831+0530][gc,task     ] GC(15) Using 10 workers of 10 for evacuation
[2026-06-17T14:02:59.834+0530][gc,phases   ] GC(15)   Pre Evacuate Collection Set: 0.13ms
[2026-06-17T14:02:59.834+0530][gc,phases   ] GC(15)   Merge Heap Roots: 0.09ms
[2026-06-17T14:02:59.834+0530][gc,phases   ] GC(15)   Evacuate Collection Set: 2.28ms
[2026-06-17T14:02:59.834+0530][gc,phases   ] GC(15)   Post Evacuate Collection Set: 0.34ms
[2026-06-17T14:02:59.834+0530][gc,phases   ] GC(15)   Other: 6.65ms
[2026-06-17T14:02:59.834+0530][gc,heap     ] GC(15) Eden regions: 74->0(169)
[2026-06-17T14:02:59.834+0530][gc,heap     ] GC(15) Survivor regions: 5->5(10)
[2026-06-17T14:02:59.834+0530][gc,heap     ] GC(15) Old regions: 17->17
[2026-06-17T14:02:59.834+0530][gc,heap     ] GC(15) Archive regions: 2->2
[2026-06-17T14:02:59.834+0530][gc,heap     ] GC(15) Humongous regions: 129->129
[2026-06-17T14:02:59.834+0530][gc,metaspace] GC(15) Metaspace: 42795K(43392K)->42795K(43392K) NonClass: 37874K(38208K)->37874K(38208K) Class: 4921K(5184K)->4921K(5184K)
[2026-06-17T14:02:59.834+0530][gc          ] GC(15) Pause Young (Normal) (G1 Evacuation Pause) 225M->151M(1024M) 9.593ms
[2026-06-17T14:02:59.834+0530][gc,cpu      ] GC(15) User=0.02s Sys=0.00s Real=0.01s
[2026-06-17T14:43:19.364+0530][gc,start    ] GC(16) Pause Young (Normal) (G1 Evacuation Pause)
[2026-06-17T14:43:19.371+0530][gc,task     ] GC(16) Using 10 workers of 10 for evacuation
[2026-06-17T14:43:19.377+0530][gc,phases   ] GC(16)   Pre Evacuate Collection Set: 0.29ms
[2026-06-17T14:43:19.377+0530][gc,phases   ] GC(16)   Merge Heap Roots: 0.10ms
[2026-06-17T14:43:19.377+0530][gc,phases   ] GC(16)   Evacuate Collection Set: 2.51ms
[2026-06-17T14:43:19.377+0530][gc,phases   ] GC(16)   Post Evacuate Collection Set: 2.86ms
[2026-06-17T14:43:19.377+0530][gc,phases   ] GC(16)   Other: 6.77ms
[2026-06-17T14:43:19.377+0530][gc,heap     ] GC(16) Eden regions: 169->0(333)
[2026-06-17T14:43:19.377+0530][gc,heap     ] GC(16) Survivor regions: 5->6(22)
[2026-06-17T14:43:19.377+0530][gc,heap     ] GC(16) Old regions: 17->17
[2026-06-17T14:43:19.377+0530][gc,heap     ] GC(16) Archive regions: 2->2
[2026-06-17T14:43:19.377+0530][gc,heap     ] GC(16) Humongous regions: 129->129
[2026-06-17T14:43:19.377+0530][gc,metaspace] GC(16) Metaspace: 42835K(43456K)->42835K(43456K) NonClass: 37913K(38272K)->37913K(38272K) Class: 4922K(5184K)->4922K(5184K)
[2026-06-17T14:43:19.377+0530][gc          ] GC(16) Pause Young (Normal) (G1 Evacuation Pause) 320M->152M(1024M) 12.673ms
[2026-06-17T14:43:19.377+0530][gc,cpu      ] GC(16) User=0.02s Sys=0.00s Real=0.01s
[2026-06-17T16:28:25.203+0530][gc,start    ] GC(17) Pause Young (Normal) (G1 Evacuation Pause)
[2026-06-17T16:28:25.209+0530][gc,task     ] GC(17) Using 10 workers of 10 for evacuation
[2026-06-17T16:28:25.216+0530][gc,phases   ] GC(17)   Pre Evacuate Collection Set: 0.25ms
[2026-06-17T16:28:25.216+0530][gc,phases   ] GC(17)   Merge Heap Roots: 0.16ms
[2026-06-17T16:28:25.216+0530][gc,phases   ] GC(17)   Evacuate Collection Set: 2.64ms
[2026-06-17T16:28:25.216+0530][gc,phases   ] GC(17)   Post Evacuate Collection Set: 3.25ms
[2026-06-17T16:28:25.216+0530][gc,phases   ] GC(17)   Other: 6.36ms
[2026-06-17T16:28:25.216+0530][gc,heap     ] GC(17) Eden regions: 333->0(442)
[2026-06-17T16:28:25.216+0530][gc,heap     ] GC(17) Survivor regions: 6->6(43)
[2026-06-17T16:28:25.216+0530][gc,heap     ] GC(17) Old regions: 17->17
[2026-06-17T16:28:25.216+0530][gc,heap     ] GC(17) Archive regions: 2->2
[2026-06-17T16:28:25.216+0530][gc,heap     ] GC(17) Humongous regions: 129->129
[2026-06-17T16:28:25.216+0530][gc,metaspace] GC(17) Metaspace: 42870K(43456K)->42870K(43456K) NonClass: 37945K(38272K)->37945K(38272K) Class: 4925K(5184K)->4925K(5184K)
[2026-06-17T16:28:25.216+0530][gc          ] GC(17) Pause Young (Normal) (G1 Evacuation Pause) 485M->152M(1024M) 12.781ms
[2026-06-17T16:28:25.216+0530][gc,cpu      ] GC(17) User=0.02s Sys=0.01s Real=0.01s
[2026-06-17T19:52:05.573+0530][gc,heap,exit] Heap
[2026-06-17T19:52:05.574+0530][gc,heap,exit]  garbage-first heap   total 1048576K, used 431311K [0x00000000c0000000, 0x0000000100000000)
[2026-06-17T19:52:05.574+0530][gc,heap,exit]   region size 1024K, 276 young (282624K), 6 survivors (6144K)
[2026-06-17T19:52:05.574+0530][gc,heap,exit]  Metaspace       used 43503K, committed 44160K, reserved 1114112K
[2026-06-17T19:52:05.574+0530][gc,heap,exit]   class space    used 5080K, committed 5376K, reserved 1048576K
