[2026-06-19T11:35:52.134+0530][gc] Using G1
[2026-06-19T11:35:52.155+0530][gc,init] Version: 17.0.19+10-1-24.04.2-Ubuntu (release)
[2026-06-19T11:35:52.155+0530][gc,init] CPUs: 16 total, 12 available
[2026-06-19T11:35:52.155+0530][gc,init] Memory: 7275M
[2026-06-19T11:35:52.155+0530][gc,init] Large Page Support: Disabled
[2026-06-19T11:35:52.155+0530][gc,init] NUMA Support: Disabled
[2026-06-19T11:35:52.155+0530][gc,init] Compressed Oops: Enabled (32-bit)
[2026-06-19T11:35:52.155+0530][gc,init] Heap Region Size: 1M
[2026-06-19T11:35:52.155+0530][gc,init] Heap Min Capacity: 1G
[2026-06-19T11:35:52.155+0530][gc,init] Heap Initial Capacity: 1G
[2026-06-19T11:35:52.155+0530][gc,init] Heap Max Capacity: 1G
[2026-06-19T11:35:52.155+0530][gc,init] Pre-touch: Disabled
[2026-06-19T11:35:52.155+0530][gc,init] Parallel Workers: 10
[2026-06-19T11:35:52.155+0530][gc,init] Concurrent Workers: 3
[2026-06-19T11:35:52.155+0530][gc,init] Concurrent Refinement Workers: 10
[2026-06-19T11:35:52.155+0530][gc,init] Periodic GC: Disabled
[2026-06-19T11:35:52.166+0530][gc,metaspace] CDS archive(s) mapped at: [0x0000733ae3000000-0x0000733ae3bc7000-0x0000733ae3bc7000), size 12349440, SharedBaseAddress: 0x0000733ae3000000, ArchiveRelocationMode: 1.
[2026-06-19T11:35:52.166+0530][gc,metaspace] Compressed class space mapped at: 0x0000733ae4000000-0x0000733b24000000, reserved size: 1073741824
[2026-06-19T11:35:52.166+0530][gc,metaspace] Narrow klass base: 0x0000733ae3000000, Narrow klass shift: 0, Narrow klass range: 0x100000000
[2026-06-19T11:35:53.526+0530][gc,start    ] GC(0) Pause Young (Normal) (G1 Evacuation Pause)
[2026-06-19T11:35:53.529+0530][gc,task     ] GC(0) Using 10 workers of 10 for evacuation
[2026-06-19T11:35:53.533+0530][gc,phases   ] GC(0)   Pre Evacuate Collection Set: 0.14ms
[2026-06-19T11:35:53.533+0530][gc,phases   ] GC(0)   Merge Heap Roots: 0.13ms
[2026-06-19T11:35:53.533+0530][gc,phases   ] GC(0)   Evacuate Collection Set: 3.58ms
[2026-06-19T11:35:53.533+0530][gc,phases   ] GC(0)   Post Evacuate Collection Set: 0.63ms
[2026-06-19T11:35:53.533+0530][gc,phases   ] GC(0)   Other: 2.60ms
[2026-06-19T11:35:53.533+0530][gc,heap     ] GC(0) Eden regions: 51->0(44)
[2026-06-19T11:35:53.533+0530][gc,heap     ] GC(0) Survivor regions: 0->7(7)
[2026-06-19T11:35:53.533+0530][gc,heap     ] GC(0) Old regions: 0->1
[2026-06-19T11:35:53.533+0530][gc,heap     ] GC(0) Archive regions: 2->2
[2026-06-19T11:35:53.533+0530][gc,heap     ] GC(0) Humongous regions: 0->0
[2026-06-19T11:35:53.534+0530][gc,metaspace] GC(0) Metaspace: 18415K(18688K)->18415K(18688K) NonClass: 16242K(16384K)->16242K(16384K) Class: 2172K(2304K)->2172K(2304K)
[2026-06-19T11:35:53.534+0530][gc          ] GC(0) Pause Young (Normal) (G1 Evacuation Pause) 51M->8M(1024M) 7.227ms
[2026-06-19T11:35:53.534+0530][gc,cpu      ] GC(0) User=0.03s Sys=0.01s Real=0.00s
[2026-06-19T11:35:53.913+0530][gc,start    ] GC(1) Pause Young (Concurrent Start) (Metadata GC Threshold)
[2026-06-19T11:35:53.913+0530][gc,task     ] GC(1) Using 10 workers of 10 for evacuation
[2026-06-19T11:35:53.917+0530][gc,phases   ] GC(1)   Pre Evacuate Collection Set: 0.14ms
[2026-06-19T11:35:53.917+0530][gc,phases   ] GC(1)   Merge Heap Roots: 0.08ms
[2026-06-19T11:35:53.917+0530][gc,phases   ] GC(1)   Evacuate Collection Set: 3.38ms
[2026-06-19T11:35:53.917+0530][gc,phases   ] GC(1)   Post Evacuate Collection Set: 0.39ms
[2026-06-19T11:35:53.917+0530][gc,phases   ] GC(1)   Other: 0.32ms
[2026-06-19T11:35:53.917+0530][gc,heap     ] GC(1) Eden regions: 13->0(49)
[2026-06-19T11:35:53.917+0530][gc,heap     ] GC(1) Survivor regions: 7->2(7)
[2026-06-19T11:35:53.917+0530][gc,heap     ] GC(1) Old regions: 1->8
[2026-06-19T11:35:53.917+0530][gc,heap     ] GC(1) Archive regions: 2->2
[2026-06-19T11:35:53.917+0530][gc,heap     ] GC(1) Humongous regions: 129->129
[2026-06-19T11:35:53.917+0530][gc,metaspace] GC(1) Metaspace: 21253K(21504K)->21253K(21504K) NonClass: 18701K(18816K)->18701K(18816K) Class: 2551K(2688K)->2551K(2688K)
[2026-06-19T11:35:53.917+0530][gc          ] GC(1) Pause Young (Concurrent Start) (Metadata GC Threshold) 149M->138M(1024M) 4.428ms
[2026-06-19T11:35:53.917+0530][gc,cpu      ] GC(1) User=0.02s Sys=0.01s Real=0.01s
[2026-06-19T11:35:53.917+0530][gc          ] GC(2) Concurrent Mark Cycle
[2026-06-19T11:35:53.917+0530][gc,marking  ] GC(2) Concurrent Clear Claimed Marks
[2026-06-19T11:35:53.917+0530][gc,marking  ] GC(2) Concurrent Clear Claimed Marks 0.027ms
[2026-06-19T11:35:53.917+0530][gc,marking  ] GC(2) Concurrent Scan Root Regions
[2026-06-19T11:35:53.919+0530][gc,marking  ] GC(2) Concurrent Scan Root Regions 1.822ms
[2026-06-19T11:35:53.919+0530][gc,marking  ] GC(2) Concurrent Mark
[2026-06-19T11:35:53.919+0530][gc,marking  ] GC(2) Concurrent Mark From Roots
[2026-06-19T11:35:53.919+0530][gc,task     ] GC(2) Using 3 workers of 3 for marking
[2026-06-19T11:35:53.921+0530][gc,marking  ] GC(2) Concurrent Mark From Roots 1.952ms
[2026-06-19T11:35:53.921+0530][gc,marking  ] GC(2) Concurrent Preclean
[2026-06-19T11:35:53.921+0530][gc,marking  ] GC(2) Concurrent Preclean 0.161ms
[2026-06-19T11:35:53.921+0530][gc,start    ] GC(2) Pause Remark
[2026-06-19T11:35:53.923+0530][gc          ] GC(2) Pause Remark 139M->139M(1024M) 1.722ms
[2026-06-19T11:35:53.923+0530][gc,cpu      ] GC(2) User=0.01s Sys=0.00s Real=0.00s
[2026-06-19T11:35:53.923+0530][gc,marking  ] GC(2) Concurrent Mark 4.083ms
[2026-06-19T11:35:53.923+0530][gc,marking  ] GC(2) Concurrent Rebuild Remembered Sets
[2026-06-19T11:35:53.925+0530][gc,marking  ] GC(2) Concurrent Rebuild Remembered Sets 1.617ms
[2026-06-19T11:35:53.926+0530][gc,start    ] GC(2) Pause Cleanup
[2026-06-19T11:35:53.926+0530][gc          ] GC(2) Pause Cleanup 139M->139M(1024M) 0.139ms
[2026-06-19T11:35:53.926+0530][gc,cpu      ] GC(2) User=0.00s Sys=0.00s Real=0.01s
[2026-06-19T11:35:53.926+0530][gc,marking  ] GC(2) Concurrent Cleanup for Next Mark
[2026-06-19T11:35:53.930+0530][gc,marking  ] GC(2) Concurrent Cleanup for Next Mark 4.463ms
[2026-06-19T11:35:53.931+0530][gc          ] GC(2) Concurrent Mark Cycle 13.412ms
[2026-06-19T11:35:54.604+0530][gc,start    ] GC(3) Pause Young (Normal) (G1 Evacuation Pause)
[2026-06-19T11:35:54.604+0530][gc,task     ] GC(3) Using 10 workers of 10 for evacuation
[2026-06-19T11:35:54.608+0530][gc,phases   ] GC(3)   Pre Evacuate Collection Set: 0.14ms
[2026-06-19T11:35:54.608+0530][gc,phases   ] GC(3)   Merge Heap Roots: 0.06ms
[2026-06-19T11:35:54.608+0530][gc,phases   ] GC(3)   Evacuate Collection Set: 3.26ms
[2026-06-19T11:35:54.608+0530][gc,phases   ] GC(3)   Post Evacuate Collection Set: 0.41ms
[2026-06-19T11:35:54.608+0530][gc,phases   ] GC(3)   Other: 0.15ms
[2026-06-19T11:35:54.608+0530][gc,heap     ] GC(3) Eden regions: 49->0(44)
[2026-06-19T11:35:54.608+0530][gc,heap     ] GC(3) Survivor regions: 2->7(7)
[2026-06-19T11:35:54.608+0530][gc,heap     ] GC(3) Old regions: 8->8
[2026-06-19T11:35:54.608+0530][gc,heap     ] GC(3) Archive regions: 2->2
[2026-06-19T11:35:54.608+0530][gc,heap     ] GC(3) Humongous regions: 129->129
[2026-06-19T11:35:54.608+0530][gc,metaspace] GC(3) Metaspace: 32500K(32768K)->32500K(32768K) NonClass: 28897K(28992K)->28897K(28992K) Class: 3603K(3776K)->3603K(3776K)
[2026-06-19T11:35:54.608+0530][gc          ] GC(3) Pause Young (Normal) (G1 Evacuation Pause) 187M->143M(1024M) 4.158ms
[2026-06-19T11:35:54.608+0530][gc,cpu      ] GC(3) User=0.03s Sys=0.00s Real=0.01s
[2026-06-19T11:37:32.853+0530][gc,start    ] GC(4) Pause Young (Concurrent Start) (Metadata GC Threshold)
[2026-06-19T11:37:32.853+0530][gc,task     ] GC(4) Using 10 workers of 10 for evacuation
[2026-06-19T11:37:32.858+0530][gc,phases   ] GC(4)   Pre Evacuate Collection Set: 0.17ms
[2026-06-19T11:37:32.858+0530][gc,phases   ] GC(4)   Merge Heap Roots: 0.08ms
[2026-06-19T11:37:32.858+0530][gc,phases   ] GC(4)   Evacuate Collection Set: 3.91ms
[2026-06-19T11:37:32.858+0530][gc,phases   ] GC(4)   Post Evacuate Collection Set: 0.48ms
[2026-06-19T11:37:32.858+0530][gc,phases   ] GC(4)   Other: 0.29ms
[2026-06-19T11:37:32.858+0530][gc,heap     ] GC(4) Eden regions: 16->0(49)
[2026-06-19T11:37:32.858+0530][gc,heap     ] GC(4) Survivor regions: 7->2(7)
[2026-06-19T11:37:32.858+0530][gc,heap     ] GC(4) Old regions: 8->14
[2026-06-19T11:37:32.858+0530][gc,heap     ] GC(4) Archive regions: 2->2
[2026-06-19T11:37:32.858+0530][gc,heap     ] GC(4) Humongous regions: 129->129
[2026-06-19T11:37:32.858+0530][gc,metaspace] GC(4) Metaspace: 35626K(35968K)->35626K(35968K) NonClass: 31512K(31680K)->31512K(31680K) Class: 4113K(4288K)->4113K(4288K)
[2026-06-19T11:37:32.858+0530][gc          ] GC(4) Pause Young (Concurrent Start) (Metadata GC Threshold) 159M->144M(1024M) 5.090ms
[2026-06-19T11:37:32.858+0530][gc,cpu      ] GC(4) User=0.03s Sys=0.01s Real=0.01s
[2026-06-19T11:37:32.858+0530][gc          ] GC(5) Concurrent Mark Cycle
[2026-06-19T11:37:32.858+0530][gc,marking  ] GC(5) Concurrent Clear Claimed Marks
[2026-06-19T11:37:32.858+0530][gc,marking  ] GC(5) Concurrent Clear Claimed Marks 0.025ms
[2026-06-19T11:37:32.858+0530][gc,marking  ] GC(5) Concurrent Scan Root Regions
[2026-06-19T11:37:32.860+0530][gc,marking  ] GC(5) Concurrent Scan Root Regions 2.084ms
[2026-06-19T11:37:32.860+0530][gc,marking  ] GC(5) Concurrent Mark
[2026-06-19T11:37:32.860+0530][gc,marking  ] GC(5) Concurrent Mark From Roots
[2026-06-19T11:37:32.860+0530][gc,task     ] GC(5) Using 3 workers of 3 for marking
[2026-06-19T11:37:32.865+0530][gc,marking  ] GC(5) Concurrent Mark From Roots 4.404ms
[2026-06-19T11:37:32.865+0530][gc,marking  ] GC(5) Concurrent Preclean
[2026-06-19T11:37:32.865+0530][gc,marking  ] GC(5) Concurrent Preclean 0.203ms
[2026-06-19T11:37:32.865+0530][gc,start    ] GC(5) Pause Remark
[2026-06-19T11:37:32.867+0530][gc          ] GC(5) Pause Remark 145M->145M(1024M) 1.738ms
[2026-06-19T11:37:32.867+0530][gc,cpu      ] GC(5) User=0.01s Sys=0.00s Real=0.01s
[2026-06-19T11:37:32.867+0530][gc,marking  ] GC(5) Concurrent Mark 6.688ms
[2026-06-19T11:37:32.867+0530][gc,marking  ] GC(5) Concurrent Rebuild Remembered Sets
[2026-06-19T11:37:32.871+0530][gc,marking  ] GC(5) Concurrent Rebuild Remembered Sets 3.896ms
[2026-06-19T11:37:32.871+0530][gc,start    ] GC(5) Pause Cleanup
[2026-06-19T11:37:32.871+0530][gc          ] GC(5) Pause Cleanup 145M->145M(1024M) 0.169ms
[2026-06-19T11:37:32.871+0530][gc,cpu      ] GC(5) User=0.00s Sys=0.00s Real=0.00s
[2026-06-19T11:37:32.871+0530][gc,marking  ] GC(5) Concurrent Cleanup for Next Mark
[2026-06-19T11:37:32.877+0530][gc,marking  ] GC(5) Concurrent Cleanup for Next Mark 5.747ms
[2026-06-19T11:37:32.877+0530][gc          ] GC(5) Concurrent Mark Cycle 19.063ms
[2026-06-19T11:39:36.650+0530][gc,start    ] GC(6) Pause Young (Normal) (G1 Evacuation Pause)
[2026-06-19T11:39:36.650+0530][gc,task     ] GC(6) Using 10 workers of 10 for evacuation
[2026-06-19T11:39:36.656+0530][gc,phases   ] GC(6)   Pre Evacuate Collection Set: 0.18ms
[2026-06-19T11:39:36.656+0530][gc,phases   ] GC(6)   Merge Heap Roots: 0.17ms
[2026-06-19T11:39:36.656+0530][gc,phases   ] GC(6)   Evacuate Collection Set: 4.29ms
[2026-06-19T11:39:36.656+0530][gc,phases   ] GC(6)   Post Evacuate Collection Set: 0.85ms
[2026-06-19T11:39:36.656+0530][gc,phases   ] GC(6)   Other: 0.21ms
[2026-06-19T11:39:36.656+0530][gc,heap     ] GC(6) Eden regions: 49->0(46)
[2026-06-19T11:39:36.656+0530][gc,heap     ] GC(6) Survivor regions: 2->5(7)
[2026-06-19T11:39:36.656+0530][gc,heap     ] GC(6) Old regions: 14->14
[2026-06-19T11:39:36.656+0530][gc,heap     ] GC(6) Archive regions: 2->2
[2026-06-19T11:39:36.656+0530][gc,heap     ] GC(6) Humongous regions: 129->129
[2026-06-19T11:39:36.656+0530][gc,metaspace] GC(6) Metaspace: 41182K(41792K)->41182K(41792K) NonClass: 36314K(36672K)->36314K(36672K) Class: 4868K(5120K)->4868K(5120K)
[2026-06-19T11:39:36.656+0530][gc          ] GC(6) Pause Young (Normal) (G1 Evacuation Pause) 193M->147M(1024M) 5.868ms
[2026-06-19T11:39:36.656+0530][gc,cpu      ] GC(6) User=0.03s Sys=0.00s Real=0.01s
[2026-06-19T11:42:59.820+0530][gc,start    ] GC(7) Pause Young (Normal) (G1 Evacuation Pause)
[2026-06-19T11:42:59.820+0530][gc,task     ] GC(7) Using 10 workers of 10 for evacuation
[2026-06-19T11:42:59.825+0530][gc,phases   ] GC(7)   Pre Evacuate Collection Set: 0.14ms
[2026-06-19T11:42:59.825+0530][gc,phases   ] GC(7)   Merge Heap Roots: 0.07ms
[2026-06-19T11:42:59.825+0530][gc,phases   ] GC(7)   Evacuate Collection Set: 3.11ms
[2026-06-19T11:42:59.825+0530][gc,phases   ] GC(7)   Post Evacuate Collection Set: 0.69ms
[2026-06-19T11:42:59.825+0530][gc,phases   ] GC(7)   Other: 0.23ms
[2026-06-19T11:42:59.825+0530][gc,heap     ] GC(7) Eden regions: 46->0(46)
[2026-06-19T11:42:59.825+0530][gc,heap     ] GC(7) Survivor regions: 5->5(7)
[2026-06-19T11:42:59.825+0530][gc,heap     ] GC(7) Old regions: 14->15
[2026-06-19T11:42:59.825+0530][gc,heap     ] GC(7) Archive regions: 2->2
[2026-06-19T11:42:59.825+0530][gc,heap     ] GC(7) Humongous regions: 129->129
[2026-06-19T11:42:59.825+0530][gc,metaspace] GC(7) Metaspace: 41701K(42368K)->41701K(42368K) NonClass: 36817K(37184K)->36817K(37184K) Class: 4884K(5184K)->4884K(5184K)
[2026-06-19T11:42:59.825+0530][gc          ] GC(7) Pause Young (Normal) (G1 Evacuation Pause) 193M->148M(1024M) 4.315ms
[2026-06-19T11:42:59.825+0530][gc,cpu      ] GC(7) User=0.03s Sys=0.00s Real=0.00s
[2026-06-19T11:46:37.421+0530][gc,start    ] GC(8) Pause Young (Normal) (G1 Evacuation Pause)
[2026-06-19T11:46:37.421+0530][gc,task     ] GC(8) Using 10 workers of 10 for evacuation
[2026-06-19T11:46:37.425+0530][gc,phases   ] GC(8)   Pre Evacuate Collection Set: 0.16ms
[2026-06-19T11:46:37.425+0530][gc,phases   ] GC(8)   Merge Heap Roots: 0.07ms
[2026-06-19T11:46:37.425+0530][gc,phases   ] GC(8)   Evacuate Collection Set: 2.95ms
[2026-06-19T11:46:37.425+0530][gc,phases   ] GC(8)   Post Evacuate Collection Set: 0.54ms
[2026-06-19T11:46:37.425+0530][gc,phases   ] GC(8)   Other: 0.20ms
[2026-06-19T11:46:37.425+0530][gc,heap     ] GC(8) Eden regions: 46->0(56)
[2026-06-19T11:46:37.425+0530][gc,heap     ] GC(8) Survivor regions: 5->3(7)
[2026-06-19T11:46:37.425+0530][gc,heap     ] GC(8) Old regions: 15->18
[2026-06-19T11:46:37.425+0530][gc,heap     ] GC(8) Archive regions: 2->2
[2026-06-19T11:46:37.425+0530][gc,heap     ] GC(8) Humongous regions: 129->129
[2026-06-19T11:46:37.425+0530][gc,metaspace] GC(8) Metaspace: 42037K(42688K)->42037K(42688K) NonClass: 37137K(37504K)->37137K(37504K) Class: 4899K(5184K)->4899K(5184K)
[2026-06-19T11:46:37.425+0530][gc          ] GC(8) Pause Young (Normal) (G1 Evacuation Pause) 194M->149M(1024M) 4.060ms
[2026-06-19T11:46:37.425+0530][gc,cpu      ] GC(8) User=0.02s Sys=0.01s Real=0.00s
[2026-06-19T11:51:32.955+0530][gc,start    ] GC(9) Pause Young (Normal) (G1 Evacuation Pause)
[2026-06-19T11:51:32.955+0530][gc,task     ] GC(9) Using 10 workers of 10 for evacuation
[2026-06-19T11:51:32.960+0530][gc,phases   ] GC(9)   Pre Evacuate Collection Set: 0.20ms
[2026-06-19T11:51:32.960+0530][gc,phases   ] GC(9)   Merge Heap Roots: 0.10ms
[2026-06-19T11:51:32.960+0530][gc,phases   ] GC(9)   Evacuate Collection Set: 3.68ms
[2026-06-19T11:51:32.960+0530][gc,phases   ] GC(9)   Post Evacuate Collection Set: 0.47ms
[2026-06-19T11:51:32.960+0530][gc,phases   ] GC(9)   Other: 0.26ms
[2026-06-19T11:51:32.960+0530][gc,heap     ] GC(9) Eden regions: 56->0(80)
[2026-06-19T11:51:32.960+0530][gc,heap     ] GC(9) Survivor regions: 3->4(8)
[2026-06-19T11:51:32.960+0530][gc,heap     ] GC(9) Old regions: 18->18
[2026-06-19T11:51:32.960+0530][gc,heap     ] GC(9) Archive regions: 2->2
[2026-06-19T11:51:32.960+0530][gc,heap     ] GC(9) Humongous regions: 129->129
[2026-06-19T11:51:32.960+0530][gc,metaspace] GC(9) Metaspace: 42291K(42880K)->42291K(42880K) NonClass: 37387K(37696K)->37387K(37696K) Class: 4903K(5184K)->4903K(5184K)
[2026-06-19T11:51:32.960+0530][gc          ] GC(9) Pause Young (Normal) (G1 Evacuation Pause) 205M->151M(1024M) 4.807ms
[2026-06-19T11:51:32.960+0530][gc,cpu      ] GC(9) User=0.03s Sys=0.00s Real=0.01s
[2026-06-19T11:58:43.015+0530][gc,start    ] GC(10) Pause Young (Normal) (G1 Evacuation Pause)
[2026-06-19T11:58:43.015+0530][gc,task     ] GC(10) Using 10 workers of 10 for evacuation
[2026-06-19T11:58:43.022+0530][gc,phases   ] GC(10)   Pre Evacuate Collection Set: 0.21ms
[2026-06-19T11:58:43.022+0530][gc,phases   ] GC(10)   Merge Heap Roots: 0.11ms
[2026-06-19T11:58:43.022+0530][gc,phases   ] GC(10)   Evacuate Collection Set: 6.53ms
[2026-06-19T11:58:43.022+0530][gc,phases   ] GC(10)   Post Evacuate Collection Set: 0.55ms
[2026-06-19T11:58:43.022+0530][gc,phases   ] GC(10)   Other: 0.24ms
[2026-06-19T11:58:43.022+0530][gc,heap     ] GC(10) Eden regions: 80->0(60)
[2026-06-19T11:58:43.022+0530][gc,heap     ] GC(10) Survivor regions: 4->8(11)
[2026-06-19T11:58:43.022+0530][gc,heap     ] GC(10) Old regions: 18->18
[2026-06-19T11:58:43.022+0530][gc,heap     ] GC(10) Archive regions: 2->2
[2026-06-19T11:58:43.022+0530][gc,heap     ] GC(10) Humongous regions: 129->129
[2026-06-19T11:58:43.022+0530][gc,metaspace] GC(10) Metaspace: 42407K(43008K)->42407K(43008K) NonClass: 37503K(37824K)->37503K(37824K) Class: 4903K(5184K)->4903K(5184K)
[2026-06-19T11:58:43.022+0530][gc          ] GC(10) Pause Young (Normal) (G1 Evacuation Pause) 231M->154M(1024M) 7.752ms
[2026-06-19T11:58:43.022+0530][gc,cpu      ] GC(10) User=0.04s Sys=0.01s Real=0.01s
[2026-06-19T12:03:43.014+0530][gc,start    ] GC(11) Pause Young (Normal) (G1 Evacuation Pause)
[2026-06-19T12:03:43.014+0530][gc,task     ] GC(11) Using 10 workers of 10 for evacuation
[2026-06-19T12:03:43.023+0530][gc,phases   ] GC(11)   Pre Evacuate Collection Set: 0.20ms
[2026-06-19T12:03:43.023+0530][gc,phases   ] GC(11)   Merge Heap Roots: 0.12ms
[2026-06-19T12:03:43.023+0530][gc,phases   ] GC(11)   Evacuate Collection Set: 7.04ms
[2026-06-19T12:03:43.023+0530][gc,phases   ] GC(11)   Post Evacuate Collection Set: 0.54ms
[2026-06-19T12:03:43.023+0530][gc,phases   ] GC(11)   Other: 0.24ms
[2026-06-19T12:03:43.023+0530][gc,heap     ] GC(11) Eden regions: 60->0(82)
[2026-06-19T12:03:43.023+0530][gc,heap     ] GC(11) Survivor regions: 8->7(9)
[2026-06-19T12:03:43.023+0530][gc,heap     ] GC(11) Old regions: 18->21
[2026-06-19T12:03:43.023+0530][gc,heap     ] GC(11) Archive regions: 2->2
[2026-06-19T12:03:43.023+0530][gc,heap     ] GC(11) Humongous regions: 129->129
[2026-06-19T12:03:43.023+0530][gc,metaspace] GC(11) Metaspace: 42438K(43072K)->42438K(43072K) NonClass: 37534K(37888K)->37534K(37888K) Class: 4903K(5184K)->4903K(5184K)
[2026-06-19T12:03:43.023+0530][gc          ] GC(11) Pause Young (Normal) (G1 Evacuation Pause) 214M->157M(1024M) 8.275ms
[2026-06-19T12:03:43.023+0530][gc,cpu      ] GC(11) User=0.05s Sys=0.02s Real=0.01s
[2026-06-19T12:10:25.369+0530][gc,start    ] GC(12) Pause Young (Normal) (G1 Evacuation Pause)
[2026-06-19T12:10:25.369+0530][gc,task     ] GC(12) Using 10 workers of 10 for evacuation
[2026-06-19T12:10:25.376+0530][gc,phases   ] GC(12)   Pre Evacuate Collection Set: 0.13ms
[2026-06-19T12:10:25.376+0530][gc,phases   ] GC(12)   Merge Heap Roots: 0.09ms
[2026-06-19T12:10:25.376+0530][gc,phases   ] GC(12)   Evacuate Collection Set: 5.73ms
[2026-06-19T12:10:25.376+0530][gc,phases   ] GC(12)   Post Evacuate Collection Set: 0.48ms
[2026-06-19T12:10:25.376+0530][gc,phases   ] GC(12)   Other: 0.21ms
[2026-06-19T12:10:25.376+0530][gc,heap     ] GC(12) Eden regions: 80->0(104)
[2026-06-19T12:10:25.376+0530][gc,heap     ] GC(12) Survivor regions: 7->8(11)
[2026-06-19T12:10:25.376+0530][gc,heap     ] GC(12) Old regions: 21->24
[2026-06-19T12:10:25.376+0530][gc,heap     ] GC(12) Archive regions: 2->2
[2026-06-19T12:10:25.376+0530][gc,heap     ] GC(12) Humongous regions: 129->129
[2026-06-19T12:10:25.376+0530][gc,metaspace] GC(12) Metaspace: 42480K(43072K)->42480K(43072K) NonClass: 37576K(37888K)->37576K(37888K) Class: 4903K(5184K)->4903K(5184K)
[2026-06-19T12:10:25.376+0530][gc          ] GC(12) Pause Young (Normal) (G1 Evacuation Pause) 237M->160M(1024M) 6.741ms
[2026-06-19T12:10:25.376+0530][gc,cpu      ] GC(12) User=0.05s Sys=0.02s Real=0.01s
[2026-06-19T12:19:31.913+0530][gc,start    ] GC(13) Pause Young (Normal) (G1 Evacuation Pause)
[2026-06-19T12:19:31.913+0530][gc,task     ] GC(13) Using 10 workers of 10 for evacuation
[2026-06-19T12:19:31.922+0530][gc,phases   ] GC(13)   Pre Evacuate Collection Set: 0.13ms
[2026-06-19T12:19:31.922+0530][gc,phases   ] GC(13)   Merge Heap Roots: 0.08ms
[2026-06-19T12:19:31.922+0530][gc,phases   ] GC(13)   Evacuate Collection Set: 8.02ms
[2026-06-19T12:19:31.922+0530][gc,phases   ] GC(13)   Post Evacuate Collection Set: 0.54ms
[2026-06-19T12:19:31.922+0530][gc,phases   ] GC(13)   Other: 0.18ms
[2026-06-19T12:19:31.922+0530][gc,heap     ] GC(13) Eden regions: 103->0(109)
[2026-06-19T12:19:31.922+0530][gc,heap     ] GC(13) Survivor regions: 8->13(14)
[2026-06-19T12:19:31.922+0530][gc,heap     ] GC(13) Old regions: 24->24
[2026-06-19T12:19:31.922+0530][gc,heap     ] GC(13) Archive regions: 2->2
[2026-06-19T12:19:31.922+0530][gc,heap     ] GC(13) Humongous regions: 129->129
[2026-06-19T12:19:31.922+0530][gc,metaspace] GC(13) Metaspace: 42547K(43136K)->42547K(43136K) NonClass: 37643K(37952K)->37643K(37952K) Class: 4903K(5184K)->4903K(5184K)
[2026-06-19T12:19:31.922+0530][gc          ] GC(13) Pause Young (Normal) (G1 Evacuation Pause) 263M->165M(1024M) 9.089ms
[2026-06-19T12:19:31.922+0530][gc,cpu      ] GC(13) User=0.06s Sys=0.01s Real=0.01s
[2026-06-19T12:29:19.527+0530][gc,start    ] GC(14) Pause Young (Normal) (G1 Evacuation Pause)
[2026-06-19T12:29:19.527+0530][gc,task     ] GC(14) Using 10 workers of 10 for evacuation
[2026-06-19T12:29:19.538+0530][gc,phases   ] GC(14)   Pre Evacuate Collection Set: 0.17ms
[2026-06-19T12:29:19.538+0530][gc,phases   ] GC(14)   Merge Heap Roots: 0.08ms
[2026-06-19T12:29:19.538+0530][gc,phases   ] GC(14)   Evacuate Collection Set: 9.96ms
[2026-06-19T12:29:19.538+0530][gc,phases   ] GC(14)   Post Evacuate Collection Set: 0.59ms
[2026-06-19T12:29:19.538+0530][gc,phases   ] GC(14)   Other: 0.20ms
[2026-06-19T12:29:19.538+0530][gc,heap     ] GC(14) Eden regions: 109->0(88)
[2026-06-19T12:29:19.538+0530][gc,heap     ] GC(14) Survivor regions: 13->12(16)
[2026-06-19T12:29:19.538+0530][gc,heap     ] GC(14) Old regions: 24->30
[2026-06-19T12:29:19.538+0530][gc,heap     ] GC(14) Archive regions: 2->2
[2026-06-19T12:29:19.538+0530][gc,heap     ] GC(14) Humongous regions: 129->129
[2026-06-19T12:29:19.538+0530][gc,metaspace] GC(14) Metaspace: 42599K(43200K)->42599K(43200K) NonClass: 37695K(38016K)->37695K(38016K) Class: 4903K(5184K)->4903K(5184K)
[2026-06-19T12:29:19.538+0530][gc          ] GC(14) Pause Young (Normal) (G1 Evacuation Pause) 274M->171M(1024M) 11.160ms
[2026-06-19T12:29:19.538+0530][gc,cpu      ] GC(14) User=0.08s Sys=0.02s Real=0.01s
[2026-06-19T12:36:46.372+0530][gc,start    ] GC(15) Pause Young (Normal) (G1 Evacuation Pause)
[2026-06-19T12:36:46.372+0530][gc,task     ] GC(15) Using 10 workers of 10 for evacuation
[2026-06-19T12:36:46.383+0530][gc,phases   ] GC(15)   Pre Evacuate Collection Set: 0.13ms
[2026-06-19T12:36:46.383+0530][gc,phases   ] GC(15)   Merge Heap Roots: 0.08ms
[2026-06-19T12:36:46.383+0530][gc,phases   ] GC(15)   Evacuate Collection Set: 10.00ms
[2026-06-19T12:36:46.383+0530][gc,phases   ] GC(15)   Post Evacuate Collection Set: 0.42ms
[2026-06-19T12:36:46.383+0530][gc,phases   ] GC(15)   Other: 0.16ms
[2026-06-19T12:36:46.383+0530][gc,heap     ] GC(15) Eden regions: 88->0(92)
[2026-06-19T12:36:46.383+0530][gc,heap     ] GC(15) Survivor regions: 12->13(13)
[2026-06-19T12:36:46.383+0530][gc,heap     ] GC(15) Old regions: 30->35
[2026-06-19T12:36:46.383+0530][gc,heap     ] GC(15) Archive regions: 2->2
[2026-06-19T12:36:46.383+0530][gc,heap     ] GC(15) Humongous regions: 129->129
[2026-06-19T12:36:46.383+0530][gc,metaspace] GC(15) Metaspace: 42642K(43264K)->42642K(43264K) NonClass: 37735K(38080K)->37735K(38080K) Class: 4907K(5184K)->4907K(5184K)
[2026-06-19T12:36:46.383+0530][gc          ] GC(15) Pause Young (Normal) (G1 Evacuation Pause) 259M->177M(1024M) 10.966ms
[2026-06-19T12:36:46.383+0530][gc,cpu      ] GC(15) User=0.09s Sys=0.01s Real=0.01s
[2026-06-19T12:44:46.310+0530][gc,start    ] GC(16) Pause Young (Normal) (G1 Evacuation Pause)
[2026-06-19T12:44:46.310+0530][gc,task     ] GC(16) Using 10 workers of 10 for evacuation
[2026-06-19T12:44:46.320+0530][gc,phases   ] GC(16)   Pre Evacuate Collection Set: 0.17ms
[2026-06-19T12:44:46.320+0530][gc,phases   ] GC(16)   Merge Heap Roots: 0.10ms
[2026-06-19T12:44:46.320+0530][gc,phases   ] GC(16)   Evacuate Collection Set: 8.56ms
[2026-06-19T12:44:46.320+0530][gc,phases   ] GC(16)   Post Evacuate Collection Set: 0.61ms
[2026-06-19T12:44:46.320+0530][gc,phases   ] GC(16)   Other: 0.27ms
[2026-06-19T12:44:46.320+0530][gc,heap     ] GC(16) Eden regions: 88->0(499)
[2026-06-19T12:44:46.320+0530][gc,heap     ] GC(16) Survivor regions: 13->4(13)
[2026-06-19T12:44:46.320+0530][gc,heap     ] GC(16) Old regions: 35->46
[2026-06-19T12:44:46.320+0530][gc,heap     ] GC(16) Archive regions: 2->2
[2026-06-19T12:44:46.320+0530][gc,heap     ] GC(16) Humongous regions: 129->129
[2026-06-19T12:44:46.320+0530][gc,metaspace] GC(16) Metaspace: 42674K(43328K)->42674K(43328K) NonClass: 37766K(38144K)->37766K(38144K) Class: 4907K(5184K)->4907K(5184K)
[2026-06-19T12:44:46.320+0530][gc          ] GC(16) Pause Young (Normal) (G1 Evacuation Pause) 265M->179M(1024M) 9.910ms
[2026-06-19T12:44:46.320+0530][gc,cpu      ] GC(16) User=0.06s Sys=0.02s Real=0.01s
[2026-06-19T13:31:11.803+0530][gc,start    ] GC(17) Pause Young (Normal) (G1 Evacuation Pause)
[2026-06-19T13:31:11.805+0530][gc,task     ] GC(17) Using 10 workers of 10 for evacuation
[2026-06-19T13:31:12.281+0530][gc,mmu      ] GC(17) MMU target violated: 21.0ms (20.0ms/21.0ms)
[2026-06-19T13:31:12.281+0530][gc,phases   ] GC(17)   Pre Evacuate Collection Set: 11.53ms
[2026-06-19T13:31:12.282+0530][gc,phases   ] GC(17)   Merge Heap Roots: 1.67ms
[2026-06-19T13:31:12.282+0530][gc,phases   ] GC(17)   Evacuate Collection Set: 447.46ms
[2026-06-19T13:31:12.282+0530][gc,phases   ] GC(17)   Post Evacuate Collection Set: 12.23ms
[2026-06-19T13:31:12.282+0530][gc,phases   ] GC(17)   Other: 7.57ms
[2026-06-19T13:31:12.282+0530][gc,heap     ] GC(17) Eden regions: 499->0(20)
[2026-06-19T13:31:12.282+0530][gc,heap     ] GC(17) Survivor regions: 4->31(63)
[2026-06-19T13:31:12.282+0530][gc,heap     ] GC(17) Old regions: 46->46
[2026-06-19T13:31:12.282+0530][gc,heap     ] GC(17) Archive regions: 2->2
[2026-06-19T13:31:12.282+0530][gc,heap     ] GC(17) Humongous regions: 129->129
[2026-06-19T13:31:12.282+0530][gc,metaspace] GC(17) Metaspace: 42733K(43328K)->42733K(43328K) NonClass: 37825K(38144K)->37825K(38144K) Class: 4907K(5184K)->4907K(5184K)
[2026-06-19T13:31:12.282+0530][gc          ] GC(17) Pause Young (Normal) (G1 Evacuation Pause) 678M->206M(1024M) 479.002ms
[2026-06-19T13:31:12.282+0530][gc,cpu      ] GC(17) User=0.33s Sys=0.38s Real=0.48s
[2026-06-19T13:33:02.388+0530][gc,start    ] GC(18) Pause Young (Normal) (G1 Evacuation Pause)
[2026-06-19T13:33:02.388+0530][gc,task     ] GC(18) Using 10 workers of 10 for evacuation
[2026-06-19T13:33:02.412+0530][gc,mmu      ] GC(18) MMU target violated: 21.0ms (20.0ms/21.0ms)
[2026-06-19T13:33:02.412+0530][gc,phases   ] GC(18)   Pre Evacuate Collection Set: 0.18ms
[2026-06-19T13:33:02.412+0530][gc,phases   ] GC(18)   Merge Heap Roots: 0.09ms
[2026-06-19T13:33:02.412+0530][gc,phases   ] GC(18)   Evacuate Collection Set: 21.21ms
[2026-06-19T13:33:02.412+0530][gc,phases   ] GC(18)   Post Evacuate Collection Set: 2.53ms
[2026-06-19T13:33:02.412+0530][gc,phases   ] GC(18)   Other: 0.36ms
[2026-06-19T13:33:02.412+0530][gc,heap     ] GC(18) Eden regions: 20->0(46)
[2026-06-19T13:33:02.412+0530][gc,heap     ] GC(18) Survivor regions: 31->5(7)
[2026-06-19T13:33:02.412+0530][gc,heap     ] GC(18) Old regions: 46->76
[2026-06-19T13:33:02.412+0530][gc,heap     ] GC(18) Archive regions: 2->2
[2026-06-19T13:33:02.412+0530][gc,heap     ] GC(18) Humongous regions: 129->129
[2026-06-19T13:33:02.412+0530][gc,metaspace] GC(18) Metaspace: 42735K(43328K)->42735K(43328K) NonClass: 37827K(38144K)->37827K(38144K) Class: 4907K(5184K)->4907K(5184K)
[2026-06-19T13:33:02.412+0530][gc          ] GC(18) Pause Young (Normal) (G1 Evacuation Pause) 226M->210M(1024M) 24.631ms
[2026-06-19T13:33:02.413+0530][gc,cpu      ] GC(18) User=0.12s Sys=0.06s Real=0.02s
[2026-06-19T13:36:48.014+0530][gc,start    ] GC(19) Pause Young (Normal) (G1 Evacuation Pause)
[2026-06-19T13:36:48.014+0530][gc,task     ] GC(19) Using 10 workers of 10 for evacuation
[2026-06-19T13:36:48.027+0530][gc,phases   ] GC(19)   Pre Evacuate Collection Set: 0.25ms
[2026-06-19T13:36:48.028+0530][gc,phases   ] GC(19)   Merge Heap Roots: 0.11ms
[2026-06-19T13:36:48.028+0530][gc,phases   ] GC(19)   Evacuate Collection Set: 12.49ms
[2026-06-19T13:36:48.028+0530][gc,phases   ] GC(19)   Post Evacuate Collection Set: 0.53ms
[2026-06-19T13:36:48.028+0530][gc,phases   ] GC(19)   Other: 0.30ms
[2026-06-19T13:36:48.028+0530][gc,heap     ] GC(19) Eden regions: 46->0(44)
[2026-06-19T13:36:48.028+0530][gc,heap     ] GC(19) Survivor regions: 5->7(7)
[2026-06-19T13:36:48.028+0530][gc,heap     ] GC(19) Old regions: 76->78
[2026-06-19T13:36:48.028+0530][gc,heap     ] GC(19) Archive regions: 2->2
[2026-06-19T13:36:48.028+0530][gc,heap     ] GC(19) Humongous regions: 129->129
[2026-06-19T13:36:48.028+0530][gc,metaspace] GC(19) Metaspace: 42742K(43328K)->42742K(43328K) NonClass: 37834K(38144K)->37834K(38144K) Class: 4907K(5184K)->4907K(5184K)
[2026-06-19T13:36:48.028+0530][gc          ] GC(19) Pause Young (Normal) (G1 Evacuation Pause) 256M->214M(1024M) 13.829ms
[2026-06-19T13:36:48.028+0530][gc,cpu      ] GC(19) User=0.04s Sys=0.03s Real=0.02s
[2026-06-19T13:40:51.268+0530][gc,start    ] GC(20) Pause Young (Normal) (G1 Evacuation Pause)
[2026-06-19T13:40:51.268+0530][gc,task     ] GC(20) Using 10 workers of 10 for evacuation
[2026-06-19T13:40:51.278+0530][gc,phases   ] GC(20)   Pre Evacuate Collection Set: 0.26ms
[2026-06-19T13:40:51.278+0530][gc,phases   ] GC(20)   Merge Heap Roots: 0.13ms
[2026-06-19T13:40:51.278+0530][gc,phases   ] GC(20)   Evacuate Collection Set: 7.13ms
[2026-06-19T13:40:51.278+0530][gc,phases   ] GC(20)   Post Evacuate Collection Set: 2.64ms
[2026-06-19T13:40:51.278+0530][gc,phases   ] GC(20)   Other: 0.31ms
[2026-06-19T13:40:51.278+0530][gc,heap     ] GC(20) Eden regions: 44->0(46)
[2026-06-19T13:40:51.278+0530][gc,heap     ] GC(20) Survivor regions: 7->5(7)
[2026-06-19T13:40:51.278+0530][gc,heap     ] GC(20) Old regions: 78->86
[2026-06-19T13:40:51.278+0530][gc,heap     ] GC(20) Archive regions: 2->2
[2026-06-19T13:40:51.278+0530][gc,heap     ] GC(20) Humongous regions: 129->129
[2026-06-19T13:40:51.278+0530][gc,metaspace] GC(20) Metaspace: 42745K(43328K)->42745K(43328K) NonClass: 37837K(38144K)->37837K(38144K) Class: 4907K(5184K)->4907K(5184K)
[2026-06-19T13:40:51.278+0530][gc          ] GC(20) Pause Young (Normal) (G1 Evacuation Pause) 258M->219M(1024M) 10.628ms
[2026-06-19T13:40:51.278+0530][gc,cpu      ] GC(20) User=0.06s Sys=0.00s Real=0.01s
[2026-06-19T14:08:23.372+0530][gc,start    ] GC(21) Pause Young (Normal) (G1 Evacuation Pause)
[2026-06-19T14:08:23.372+0530][gc,task     ] GC(21) Using 10 workers of 10 for evacuation
[2026-06-19T14:08:23.376+0530][gc,phases   ] GC(21)   Pre Evacuate Collection Set: 0.12ms
[2026-06-19T14:08:23.376+0530][gc,phases   ] GC(21)   Merge Heap Roots: 0.07ms
[2026-06-19T14:08:23.376+0530][gc,phases   ] GC(21)   Evacuate Collection Set: 3.72ms
[2026-06-19T14:08:23.376+0530][gc,phases   ] GC(21)   Post Evacuate Collection Set: 0.35ms
[2026-06-19T14:08:23.376+0530][gc,phases   ] GC(21)   Other: 0.14ms
[2026-06-19T14:08:23.376+0530][gc,heap     ] GC(21) Eden regions: 46->0(46)
[2026-06-19T14:08:23.376+0530][gc,heap     ] GC(21) Survivor regions: 5->5(7)
[2026-06-19T14:08:23.376+0530][gc,heap     ] GC(21) Old regions: 86->90
[2026-06-19T14:08:23.376+0530][gc,heap     ] GC(21) Archive regions: 2->2
[2026-06-19T14:08:23.376+0530][gc,heap     ] GC(21) Humongous regions: 129->129
[2026-06-19T14:08:23.376+0530][gc,metaspace] GC(21) Metaspace: 42761K(43328K)->42761K(43328K) NonClass: 37854K(38144K)->37854K(38144K) Class: 4907K(5184K)->4907K(5184K)
[2026-06-19T14:08:23.376+0530][gc          ] GC(21) Pause Young (Normal) (G1 Evacuation Pause) 265M->223M(1024M) 4.480ms
[2026-06-19T14:08:23.376+0530][gc,cpu      ] GC(21) User=0.04s Sys=0.01s Real=0.01s
[2026-06-19T14:12:43.665+0530][gc,start    ] GC(22) Pause Young (Normal) (G1 Evacuation Pause)
[2026-06-19T14:12:43.665+0530][gc,task     ] GC(22) Using 10 workers of 10 for evacuation
[2026-06-19T14:12:43.671+0530][gc,phases   ] GC(22)   Pre Evacuate Collection Set: 0.16ms
[2026-06-19T14:12:43.671+0530][gc,phases   ] GC(22)   Merge Heap Roots: 0.07ms
[2026-06-19T14:12:43.671+0530][gc,phases   ] GC(22)   Evacuate Collection Set: 4.59ms
[2026-06-19T14:12:43.671+0530][gc,phases   ] GC(22)   Post Evacuate Collection Set: 0.55ms
[2026-06-19T14:12:43.671+0530][gc,phases   ] GC(22)   Other: 0.34ms
[2026-06-19T14:12:43.671+0530][gc,heap     ] GC(22) Eden regions: 46->0(46)
[2026-06-19T14:12:43.671+0530][gc,heap     ] GC(22) Survivor regions: 5->5(7)
[2026-06-19T14:12:43.671+0530][gc,heap     ] GC(22) Old regions: 90->94
[2026-06-19T14:12:43.671+0530][gc,heap     ] GC(22) Archive regions: 2->2
[2026-06-19T14:12:43.671+0530][gc,heap     ] GC(22) Humongous regions: 129->129
[2026-06-19T14:12:43.671+0530][gc,metaspace] GC(22) Metaspace: 42763K(43328K)->42763K(43328K) NonClass: 37855K(38144K)->37855K(38144K) Class: 4907K(5184K)->4907K(5184K)
[2026-06-19T14:12:43.671+0530][gc          ] GC(22) Pause Young (Normal) (G1 Evacuation Pause) 269M->227M(1024M) 5.992ms
[2026-06-19T14:12:43.671+0530][gc,cpu      ] GC(22) User=0.04s Sys=0.00s Real=0.00s
[2026-06-19T14:17:03.690+0530][gc,start    ] GC(23) Pause Young (Normal) (G1 Evacuation Pause)
[2026-06-19T14:17:03.690+0530][gc,task     ] GC(23) Using 10 workers of 10 for evacuation
[2026-06-19T14:17:03.695+0530][gc,phases   ] GC(23)   Pre Evacuate Collection Set: 0.14ms
[2026-06-19T14:17:03.695+0530][gc,phases   ] GC(23)   Merge Heap Roots: 0.08ms
[2026-06-19T14:17:03.695+0530][gc,phases   ] GC(23)   Evacuate Collection Set: 5.06ms
[2026-06-19T14:17:03.695+0530][gc,phases   ] GC(23)   Post Evacuate Collection Set: 0.39ms
[2026-06-19T14:17:03.695+0530][gc,phases   ] GC(23)   Other: 0.15ms
[2026-06-19T14:17:03.695+0530][gc,heap     ] GC(23) Eden regions: 46->0(46)
[2026-06-19T14:17:03.695+0530][gc,heap     ] GC(23) Survivor regions: 5->5(7)
[2026-06-19T14:17:03.695+0530][gc,heap     ] GC(23) Old regions: 94->98
[2026-06-19T14:17:03.695+0530][gc,heap     ] GC(23) Archive regions: 2->2
[2026-06-19T14:17:03.695+0530][gc,heap     ] GC(23) Humongous regions: 129->129
[2026-06-19T14:17:03.695+0530][gc,metaspace] GC(23) Metaspace: 42765K(43328K)->42765K(43328K) NonClass: 37857K(38144K)->37857K(38144K) Class: 4907K(5184K)->4907K(5184K)
[2026-06-19T14:17:03.695+0530][gc          ] GC(23) Pause Young (Normal) (G1 Evacuation Pause) 273M->232M(1024M) 5.929ms
[2026-06-19T14:17:03.695+0530][gc,cpu      ] GC(23) User=0.03s Sys=0.01s Real=0.01s
[2026-06-19T14:21:20.110+0530][gc,start    ] GC(24) Pause Young (Normal) (G1 Evacuation Pause)
[2026-06-19T14:21:20.110+0530][gc,task     ] GC(24) Using 10 workers of 10 for evacuation
[2026-06-19T14:21:20.115+0530][gc,phases   ] GC(24)   Pre Evacuate Collection Set: 0.09ms
[2026-06-19T14:21:20.115+0530][gc,phases   ] GC(24)   Merge Heap Roots: 0.07ms
[2026-06-19T14:21:20.115+0530][gc,phases   ] GC(24)   Evacuate Collection Set: 3.67ms
[2026-06-19T14:21:20.115+0530][gc,phases   ] GC(24)   Post Evacuate Collection Set: 0.41ms
[2026-06-19T14:21:20.115+0530][gc,phases   ] GC(24)   Other: 0.13ms
[2026-06-19T14:21:20.115+0530][gc,heap     ] GC(24) Eden regions: 46->0(46)
[2026-06-19T14:21:20.115+0530][gc,heap     ] GC(24) Survivor regions: 5->5(7)
[2026-06-19T14:21:20.115+0530][gc,heap     ] GC(24) Old regions: 98->102
[2026-06-19T14:21:20.115+0530][gc,heap     ] GC(24) Archive regions: 2->2
[2026-06-19T14:21:20.115+0530][gc,heap     ] GC(24) Humongous regions: 129->129
[2026-06-19T14:21:20.115+0530][gc,metaspace] GC(24) Metaspace: 42766K(43328K)->42766K(43328K) NonClass: 37858K(38144K)->37858K(38144K) Class: 4907K(5184K)->4907K(5184K)
[2026-06-19T14:21:20.121+0530][gc          ] GC(24) Pause Young (Normal) (G1 Evacuation Pause) 278M->236M(1024M) 10.302ms
[2026-06-19T14:21:20.121+0530][gc,cpu      ] GC(24) User=0.04s Sys=0.01s Real=0.01s
[2026-06-19T14:25:38.230+0530][gc,start    ] GC(25) Pause Young (Normal) (G1 Evacuation Pause)
[2026-06-19T14:25:38.230+0530][gc,task     ] GC(25) Using 10 workers of 10 for evacuation
[2026-06-19T14:25:38.234+0530][gc,phases   ] GC(25)   Pre Evacuate Collection Set: 0.11ms
[2026-06-19T14:25:38.234+0530][gc,phases   ] GC(25)   Merge Heap Roots: 0.07ms
[2026-06-19T14:25:38.234+0530][gc,phases   ] GC(25)   Evacuate Collection Set: 3.77ms
[2026-06-19T14:25:38.234+0530][gc,phases   ] GC(25)   Post Evacuate Collection Set: 0.36ms
[2026-06-19T14:25:38.234+0530][gc,phases   ] GC(25)   Other: 0.17ms
[2026-06-19T14:25:38.234+0530][gc,heap     ] GC(25) Eden regions: 46->0(67)
[2026-06-19T14:25:38.234+0530][gc,heap     ] GC(25) Survivor regions: 5->5(7)
[2026-06-19T14:25:38.234+0530][gc,heap     ] GC(25) Old regions: 102->107
[2026-06-19T14:25:38.234+0530][gc,heap     ] GC(25) Archive regions: 2->2
[2026-06-19T14:25:38.234+0530][gc,heap     ] GC(25) Humongous regions: 129->129
[2026-06-19T14:25:38.234+0530][gc,metaspace] GC(25) Metaspace: 42766K(43328K)->42766K(43328K) NonClass: 37858K(38144K)->37858K(38144K) Class: 4907K(5184K)->4907K(5184K)
[2026-06-19T14:25:38.234+0530][gc          ] GC(25) Pause Young (Normal) (G1 Evacuation Pause) 282M->240M(1024M) 4.568ms
[2026-06-19T14:25:38.234+0530][gc,cpu      ] GC(25) User=0.03s Sys=0.01s Real=0.01s
[2026-06-19T14:31:57.952+0530][gc,start    ] GC(26) Pause Young (Normal) (G1 Evacuation Pause)
[2026-06-19T14:31:57.952+0530][gc,task     ] GC(26) Using 10 workers of 10 for evacuation
[2026-06-19T14:31:57.965+0530][gc,phases   ] GC(26)   Pre Evacuate Collection Set: 0.14ms
[2026-06-19T14:31:57.965+0530][gc,phases   ] GC(26)   Merge Heap Roots: 0.09ms
[2026-06-19T14:31:57.965+0530][gc,phases   ] GC(26)   Evacuate Collection Set: 12.69ms
[2026-06-19T14:31:57.965+0530][gc,phases   ] GC(26)   Post Evacuate Collection Set: 0.31ms
[2026-06-19T14:31:57.965+0530][gc,phases   ] GC(26)   Other: 0.18ms
[2026-06-19T14:31:57.965+0530][gc,heap     ] GC(26) Eden regions: 67->0(42)
[2026-06-19T14:31:57.965+0530][gc,heap     ] GC(26) Survivor regions: 5->9(9)
[2026-06-19T14:31:57.965+0530][gc,heap     ] GC(26) Old regions: 107->107
[2026-06-19T14:31:57.965+0530][gc,heap     ] GC(26) Archive regions: 2->2
[2026-06-19T14:31:57.965+0530][gc,heap     ] GC(26) Humongous regions: 129->129
[2026-06-19T14:31:57.965+0530][gc,metaspace] GC(26) Metaspace: 42769K(43328K)->42769K(43328K) NonClass: 37862K(38144K)->37862K(38144K) Class: 4907K(5184K)->4907K(5184K)
[2026-06-19T14:31:57.965+0530][gc          ] GC(26) Pause Young (Normal) (G1 Evacuation Pause) 307M->245M(1024M) 13.521ms
[2026-06-19T14:31:57.965+0530][gc,cpu      ] GC(26) User=0.02s Sys=0.04s Real=0.02s
[2026-06-19T14:35:57.618+0530][gc,start    ] GC(27) Pause Young (Normal) (G1 Evacuation Pause)
[2026-06-19T14:35:57.618+0530][gc,task     ] GC(27) Using 10 workers of 10 for evacuation
[2026-06-19T14:35:57.633+0530][gc,phases   ] GC(27)   Pre Evacuate Collection Set: 0.11ms
[2026-06-19T14:35:57.633+0530][gc,phases   ] GC(27)   Merge Heap Roots: 0.07ms
[2026-06-19T14:35:57.633+0530][gc,phases   ] GC(27)   Evacuate Collection Set: 11.37ms
[2026-06-19T14:35:57.633+0530][gc,phases   ] GC(27)   Post Evacuate Collection Set: 2.83ms
[2026-06-19T14:35:57.633+0530][gc,phases   ] GC(27)   Other: 0.15ms
[2026-06-19T14:35:57.633+0530][gc,heap     ] GC(27) Eden regions: 42->0(72)
[2026-06-19T14:35:57.633+0530][gc,heap     ] GC(27) Survivor regions: 9->5(7)
[2026-06-19T14:35:57.633+0530][gc,heap     ] GC(27) Old regions: 107->116
[2026-06-19T14:35:57.633+0530][gc,heap     ] GC(27) Archive regions: 2->2
[2026-06-19T14:35:57.633+0530][gc,heap     ] GC(27) Humongous regions: 129->129
[2026-06-19T14:35:57.633+0530][gc,metaspace] GC(27) Metaspace: 42769K(43328K)->42769K(43328K) NonClass: 37862K(38144K)->37862K(38144K) Class: 4907K(5184K)->4907K(5184K)
[2026-06-19T14:35:57.633+0530][gc          ] GC(27) Pause Young (Normal) (G1 Evacuation Pause) 287M->250M(1024M) 14.682ms
[2026-06-19T14:35:57.633+0530][gc,cpu      ] GC(27) User=0.05s Sys=0.00s Real=0.01s
[2026-06-19T14:42:43.372+0530][gc,start    ] GC(28) Pause Young (Normal) (G1 Evacuation Pause)
[2026-06-19T14:42:43.372+0530][gc,task     ] GC(28) Using 10 workers of 10 for evacuation
[2026-06-19T14:42:43.386+0530][gc,phases   ] GC(28)   Pre Evacuate Collection Set: 0.10ms
[2026-06-19T14:42:43.386+0530][gc,phases   ] GC(28)   Merge Heap Roots: 0.08ms
[2026-06-19T14:42:43.386+0530][gc,phases   ] GC(28)   Evacuate Collection Set: 13.82ms
[2026-06-19T14:42:43.386+0530][gc,phases   ] GC(28)   Post Evacuate Collection Set: 0.27ms
[2026-06-19T14:42:43.386+0530][gc,phases   ] GC(28)   Other: 0.15ms
[2026-06-19T14:42:43.386+0530][gc,heap     ] GC(28) Eden regions: 72->0(41)
[2026-06-19T14:42:43.386+0530][gc,heap     ] GC(28) Survivor regions: 5->10(10)
[2026-06-19T14:42:43.386+0530][gc,heap     ] GC(28) Old regions: 116->116
[2026-06-19T14:42:43.386+0530][gc,heap     ] GC(28) Archive regions: 2->2
[2026-06-19T14:42:43.386+0530][gc,heap     ] GC(28) Humongous regions: 129->129
[2026-06-19T14:42:43.386+0530][gc,metaspace] GC(28) Metaspace: 42769K(43328K)->42769K(43328K) NonClass: 37862K(38144K)->37862K(38144K) Class: 4907K(5184K)->4907K(5184K)
[2026-06-19T14:42:43.386+0530][gc          ] GC(28) Pause Young (Normal) (G1 Evacuation Pause) 322M->255M(1024M) 14.533ms
[2026-06-19T14:42:43.386+0530][gc,cpu      ] GC(28) User=0.03s Sys=0.02s Real=0.02s
[2026-06-19T14:46:36.178+0530][gc,start    ] GC(29) Pause Young (Normal) (G1 Evacuation Pause)
[2026-06-19T14:46:36.178+0530][gc,task     ] GC(29) Using 10 workers of 10 for evacuation
[2026-06-19T14:46:36.190+0530][gc,phases   ] GC(29)   Pre Evacuate Collection Set: 0.16ms
[2026-06-19T14:46:36.190+0530][gc,phases   ] GC(29)   Merge Heap Roots: 0.07ms
[2026-06-19T14:46:36.190+0530][gc,phases   ] GC(29)   Evacuate Collection Set: 5.42ms
[2026-06-19T14:46:36.190+0530][gc,phases   ] GC(29)   Post Evacuate Collection Set: 6.44ms
[2026-06-19T14:46:36.190+0530][gc,phases   ] GC(29)   Other: 0.19ms
[2026-06-19T14:46:36.190+0530][gc,heap     ] GC(29) Eden regions: 41->0(82)
[2026-06-19T14:46:36.190+0530][gc,heap     ] GC(29) Survivor regions: 10->5(7)
[2026-06-19T14:46:36.190+0530][gc,heap     ] GC(29) Old regions: 116->126
[2026-06-19T14:46:36.190+0530][gc,heap     ] GC(29) Archive regions: 2->2
[2026-06-19T14:46:36.190+0530][gc,heap     ] GC(29) Humongous regions: 129->129
[2026-06-19T14:46:36.190+0530][gc,metaspace] GC(29) Metaspace: 42769K(43328K)->42769K(43328K) NonClass: 37862K(38144K)->37862K(38144K) Class: 4907K(5184K)->4907K(5184K)
[2026-06-19T14:46:36.190+0530][gc          ] GC(29) Pause Young (Normal) (G1 Evacuation Pause) 296M->259M(1024M) 12.424ms
[2026-06-19T14:46:36.190+0530][gc,cpu      ] GC(29) User=0.04s Sys=0.01s Real=0.01s
[2026-06-19T14:54:35.017+0530][gc,start    ] GC(30) Pause Young (Normal) (G1 Evacuation Pause)
[2026-06-19T14:54:35.018+0530][gc,task     ] GC(30) Using 10 workers of 10 for evacuation
[2026-06-19T14:54:35.033+0530][gc,phases   ] GC(30)   Pre Evacuate Collection Set: 0.12ms
[2026-06-19T14:54:35.033+0530][gc,phases   ] GC(30)   Merge Heap Roots: 0.08ms
[2026-06-19T14:54:35.033+0530][gc,phases   ] GC(30)   Evacuate Collection Set: 14.89ms
[2026-06-19T14:54:35.033+0530][gc,phases   ] GC(30)   Post Evacuate Collection Set: 0.28ms
[2026-06-19T14:54:35.033+0530][gc,phases   ] GC(30)   Other: 0.15ms
[2026-06-19T14:54:35.033+0530][gc,heap     ] GC(30) Eden regions: 82->0(40)
[2026-06-19T14:54:35.033+0530][gc,heap     ] GC(30) Survivor regions: 5->11(11)
[2026-06-19T14:54:35.033+0530][gc,heap     ] GC(30) Old regions: 126->126
[2026-06-19T14:54:35.033+0530][gc,heap     ] GC(30) Archive regions: 2->2
[2026-06-19T14:54:35.033+0530][gc,heap     ] GC(30) Humongous regions: 129->129
[2026-06-19T14:54:35.033+0530][gc,metaspace] GC(30) Metaspace: 42773K(43328K)->42773K(43328K) NonClass: 37865K(38144K)->37865K(38144K) Class: 4907K(5184K)->4907K(5184K)
[2026-06-19T14:54:35.033+0530][gc          ] GC(30) Pause Young (Normal) (G1 Evacuation Pause) 341M->266M(1024M) 15.632ms
[2026-06-19T14:54:35.033+0530][gc,cpu      ] GC(30) User=0.04s Sys=0.03s Real=0.01s
[2026-06-19T14:58:31.429+0530][gc,start    ] GC(31) Pause Young (Normal) (G1 Evacuation Pause)
[2026-06-19T14:58:31.429+0530][gc,task     ] GC(31) Using 10 workers of 10 for evacuation
[2026-06-19T14:58:31.438+0530][gc,phases   ] GC(31)   Pre Evacuate Collection Set: 0.11ms
[2026-06-19T14:58:31.438+0530][gc,phases   ] GC(31)   Merge Heap Roots: 0.07ms
[2026-06-19T14:58:31.438+0530][gc,phases   ] GC(31)   Evacuate Collection Set: 5.73ms
[2026-06-19T14:58:31.438+0530][gc,phases   ] GC(31)   Post Evacuate Collection Set: 2.45ms
[2026-06-19T14:58:31.438+0530][gc,phases   ] GC(31)   Other: 0.14ms
[2026-06-19T14:58:31.438+0530][gc,heap     ] GC(31) Eden regions: 40->0(105)
[2026-06-19T14:58:31.438+0530][gc,heap     ] GC(31) Survivor regions: 11->5(7)
[2026-06-19T14:58:31.438+0530][gc,heap     ] GC(31) Old regions: 126->137
[2026-06-19T14:58:31.438+0530][gc,heap     ] GC(31) Archive regions: 2->2
[2026-06-19T14:58:31.438+0530][gc,heap     ] GC(31) Humongous regions: 129->129
[2026-06-19T14:58:31.438+0530][gc,metaspace] GC(31) Metaspace: 42776K(43328K)->42776K(43328K) NonClass: 37867K(38144K)->37867K(38144K) Class: 4908K(5184K)->4908K(5184K)
[2026-06-19T14:58:31.438+0530][gc          ] GC(31) Pause Young (Normal) (G1 Evacuation Pause) 306M->270M(1024M) 8.645ms
[2026-06-19T14:58:31.438+0530][gc,cpu      ] GC(31) User=0.04s Sys=0.01s Real=0.01s
[2026-06-19T15:08:37.229+0530][gc,start    ] GC(32) Pause Young (Normal) (G1 Evacuation Pause)
[2026-06-19T15:08:37.230+0530][gc,task     ] GC(32) Using 10 workers of 10 for evacuation
[2026-06-19T15:08:37.241+0530][gc,phases   ] GC(32)   Pre Evacuate Collection Set: 0.13ms
[2026-06-19T15:08:37.241+0530][gc,phases   ] GC(32)   Merge Heap Roots: 0.11ms
[2026-06-19T15:08:37.241+0530][gc,phases   ] GC(32)   Evacuate Collection Set: 10.51ms
[2026-06-19T15:08:37.241+0530][gc,phases   ] GC(32)   Post Evacuate Collection Set: 0.31ms
[2026-06-19T15:08:37.241+0530][gc,phases   ] GC(32)   Other: 0.18ms
[2026-06-19T15:08:37.241+0530][gc,heap     ] GC(32) Eden regions: 105->0(66)
[2026-06-19T15:08:37.241+0530][gc,heap     ] GC(32) Survivor regions: 5->9(14)
[2026-06-19T15:08:37.241+0530][gc,heap     ] GC(32) Old regions: 137->137
[2026-06-19T15:08:37.241+0530][gc,heap     ] GC(32) Archive regions: 2->2
[2026-06-19T15:08:37.241+0530][gc,heap     ] GC(32) Humongous regions: 129->129
[2026-06-19T15:08:37.241+0530][gc,metaspace] GC(32) Metaspace: 42776K(43328K)->42776K(43328K) NonClass: 37868K(38144K)->37868K(38144K) Class: 4908K(5184K)->4908K(5184K)
[2026-06-19T15:08:37.241+0530][gc          ] GC(32) Pause Young (Normal) (G1 Evacuation Pause) 375M->274M(1024M) 11.363ms
[2026-06-19T15:08:37.241+0530][gc,cpu      ] GC(32) User=0.03s Sys=0.02s Real=0.01s
[2026-06-19T15:15:22.966+0530][gc,start    ] GC(33) Pause Young (Normal) (G1 Evacuation Pause)
[2026-06-19T15:15:22.966+0530][gc,task     ] GC(33) Using 10 workers of 10 for evacuation
[2026-06-19T15:15:22.970+0530][gc,phases   ] GC(33)   Pre Evacuate Collection Set: 0.14ms
[2026-06-19T15:15:22.970+0530][gc,phases   ] GC(33)   Merge Heap Roots: 0.07ms
[2026-06-19T15:15:22.970+0530][gc,phases   ] GC(33)   Evacuate Collection Set: 3.23ms
[2026-06-19T15:15:22.970+0530][gc,phases   ] GC(33)   Post Evacuate Collection Set: 0.37ms
[2026-06-19T15:15:22.970+0530][gc,phases   ] GC(33)   Other: 0.16ms
[2026-06-19T15:15:22.970+0530][gc,heap     ] GC(33) Eden regions: 66->0(150)
[2026-06-19T15:15:22.970+0530][gc,heap     ] GC(33) Survivor regions: 9->5(10)
[2026-06-19T15:15:22.970+0530][gc,heap     ] GC(33) Old regions: 137->140
[2026-06-19T15:15:22.970+0530][gc,heap     ] GC(33) Archive regions: 2->2
[2026-06-19T15:15:22.970+0530][gc,heap     ] GC(33) Humongous regions: 129->129
[2026-06-19T15:15:22.970+0530][gc,metaspace] GC(33) Metaspace: 42779K(43328K)->42779K(43328K) NonClass: 37870K(38144K)->37870K(38144K) Class: 4908K(5184K)->4908K(5184K)
[2026-06-19T15:15:22.970+0530][gc          ] GC(33) Pause Young (Normal) (G1 Evacuation Pause) 340M->274M(1024M) 4.083ms
[2026-06-19T15:15:22.970+0530][gc,cpu      ] GC(33) User=0.02s Sys=0.01s Real=0.00s
[2026-06-19T15:32:53.372+0530][gc,start    ] GC(34) Pause Young (Normal) (G1 Evacuation Pause)
[2026-06-19T15:32:53.372+0530][gc,task     ] GC(34) Using 10 workers of 10 for evacuation
[2026-06-19T15:32:53.381+0530][gc,phases   ] GC(34)   Pre Evacuate Collection Set: 0.17ms
[2026-06-19T15:32:53.381+0530][gc,phases   ] GC(34)   Merge Heap Roots: 0.09ms
[2026-06-19T15:32:53.381+0530][gc,phases   ] GC(34)   Evacuate Collection Set: 8.05ms
[2026-06-19T15:32:53.381+0530][gc,phases   ] GC(34)   Post Evacuate Collection Set: 0.32ms
[2026-06-19T15:32:53.381+0530][gc,phases   ] GC(34)   Other: 0.34ms
[2026-06-19T15:32:53.381+0530][gc,heap     ] GC(34) Eden regions: 149->0(140)
[2026-06-19T15:32:53.381+0530][gc,heap     ] GC(34) Survivor regions: 5->6(20)
[2026-06-19T15:32:53.381+0530][gc,heap     ] GC(34) Old regions: 140->140
[2026-06-19T15:32:53.381+0530][gc,heap     ] GC(34) Archive regions: 2->2
[2026-06-19T15:32:53.381+0530][gc,heap     ] GC(34) Humongous regions: 129->129
[2026-06-19T15:32:53.381+0530][gc,metaspace] GC(34) Metaspace: 42806K(43392K)->42806K(43392K) NonClass: 37891K(38208K)->37891K(38208K) Class: 4914K(5184K)->4914K(5184K)
[2026-06-19T15:32:53.381+0530][gc          ] GC(34) Pause Young (Normal) (G1 Evacuation Pause) 423M->274M(1024M) 9.056ms
[2026-06-19T15:32:53.381+0530][gc,cpu      ] GC(34) User=0.02s Sys=0.01s Real=0.01s
[2026-06-19T16:16:23.271+0530][gc,start    ] GC(35) Pause Young (Normal) (G1 Evacuation Pause)
[2026-06-19T16:16:23.271+0530][gc,task     ] GC(35) Using 10 workers of 10 for evacuation
[2026-06-19T16:16:23.278+0530][gc,phases   ] GC(35)   Pre Evacuate Collection Set: 0.21ms
[2026-06-19T16:16:23.278+0530][gc,phases   ] GC(35)   Merge Heap Roots: 0.16ms
[2026-06-19T16:16:23.278+0530][gc,phases   ] GC(35)   Evacuate Collection Set: 6.27ms
[2026-06-19T16:16:23.278+0530][gc,phases   ] GC(35)   Post Evacuate Collection Set: 0.46ms
[2026-06-19T16:16:23.278+0530][gc,phases   ] GC(35)   Other: 0.20ms
[2026-06-19T16:16:23.278+0530][gc,heap     ] GC(35) Eden regions: 140->0(209)
[2026-06-19T16:16:23.278+0530][gc,heap     ] GC(35) Survivor regions: 6->6(19)
[2026-06-19T16:16:23.278+0530][gc,heap     ] GC(35) Old regions: 140->140
[2026-06-19T16:16:23.278+0530][gc,heap     ] GC(35) Archive regions: 2->2
[2026-06-19T16:16:23.278+0530][gc,heap     ] GC(35) Humongous regions: 129->129
[2026-06-19T16:16:23.278+0530][gc,metaspace] GC(35) Metaspace: 42831K(43392K)->42831K(43392K) NonClass: 37913K(38208K)->37913K(38208K) Class: 4917K(5184K)->4917K(5184K)
[2026-06-19T16:16:23.278+0530][gc          ] GC(35) Pause Young (Normal) (G1 Evacuation Pause) 414M->275M(1024M) 7.416ms
[2026-06-19T16:16:23.278+0530][gc,cpu      ] GC(35) User=0.02s Sys=0.00s Real=0.01s
[2026-06-19T17:22:08.372+0530][gc,start    ] GC(36) Pause Young (Normal) (G1 Evacuation Pause)
[2026-06-19T17:22:08.373+0530][gc,task     ] GC(36) Using 10 workers of 10 for evacuation
[2026-06-19T17:22:08.382+0530][gc,phases   ] GC(36)   Pre Evacuate Collection Set: 0.10ms
[2026-06-19T17:22:08.382+0530][gc,phases   ] GC(36)   Merge Heap Roots: 0.08ms
[2026-06-19T17:22:08.382+0530][gc,phases   ] GC(36)   Evacuate Collection Set: 9.02ms
[2026-06-19T17:22:08.382+0530][gc,phases   ] GC(36)   Post Evacuate Collection Set: 0.37ms
[2026-06-19T17:22:08.382+0530][gc,phases   ] GC(36)   Other: 0.42ms
[2026-06-19T17:22:08.382+0530][gc,heap     ] GC(36) Eden regions: 209->0(190)
[2026-06-19T17:22:08.382+0530][gc,heap     ] GC(36) Survivor regions: 6->6(27)
[2026-06-19T17:22:08.382+0530][gc,heap     ] GC(36) Old regions: 140->140
[2026-06-19T17:22:08.382+0530][gc,heap     ] GC(36) Archive regions: 2->2
[2026-06-19T17:22:08.382+0530][gc,heap     ] GC(36) Humongous regions: 129->129
[2026-06-19T17:22:08.382+0530][gc,metaspace] GC(36) Metaspace: 42857K(43456K)->42857K(43456K) NonClass: 37939K(38272K)->37939K(38272K) Class: 4917K(5184K)->4917K(5184K)
[2026-06-19T17:22:08.382+0530][gc          ] GC(36) Pause Young (Normal) (G1 Evacuation Pause) 484M->275M(1024M) 10.102ms
[2026-06-19T17:22:08.382+0530][gc,cpu      ] GC(36) User=0.03s Sys=0.01s Real=0.01s
[2026-06-19T18:22:03.372+0530][gc,start    ] GC(37) Pause Young (Normal) (G1 Evacuation Pause)
[2026-06-19T18:22:03.372+0530][gc,task     ] GC(37) Using 10 workers of 10 for evacuation
[2026-06-19T18:22:03.379+0530][gc,phases   ] GC(37)   Pre Evacuate Collection Set: 0.16ms
[2026-06-19T18:22:03.379+0530][gc,phases   ] GC(37)   Merge Heap Roots: 0.11ms
[2026-06-19T18:22:03.379+0530][gc,phases   ] GC(37)   Evacuate Collection Set: 6.25ms
[2026-06-19T18:22:03.379+0530][gc,phases   ] GC(37)   Post Evacuate Collection Set: 0.38ms
[2026-06-19T18:22:03.379+0530][gc,phases   ] GC(37)   Other: 0.21ms
[2026-06-19T18:22:03.379+0530][gc,heap     ] GC(37) Eden regions: 190->0(305)
[2026-06-19T18:22:03.379+0530][gc,heap     ] GC(37) Survivor regions: 6->6(25)
[2026-06-19T18:22:03.379+0530][gc,heap     ] GC(37) Old regions: 140->140
[2026-06-19T18:22:03.379+0530][gc,heap     ] GC(37) Archive regions: 2->2
[2026-06-19T18:22:03.379+0530][gc,heap     ] GC(37) Humongous regions: 129->129
[2026-06-19T18:22:03.379+0530][gc,metaspace] GC(37) Metaspace: 42873K(43456K)->42873K(43456K) NonClass: 37955K(38272K)->37955K(38272K) Class: 4917K(5184K)->4917K(5184K)
[2026-06-19T18:22:03.379+0530][gc          ] GC(37) Pause Young (Normal) (G1 Evacuation Pause) 465M->275M(1024M) 7.213ms
[2026-06-19T18:22:03.380+0530][gc,cpu      ] GC(37) User=0.03s Sys=0.00s Real=0.01s
[2026-06-19T19:52:50.757+0530][gc,heap,exit] Heap
[2026-06-19T19:52:50.757+0530][gc,heap,exit]  garbage-first heap   total 1048576K, used 587151K [0x00000000c0000000, 0x0000000100000000)
[2026-06-19T19:52:50.757+0530][gc,heap,exit]   region size 1024K, 305 young (312320K), 6 survivors (6144K)
[2026-06-19T19:52:50.757+0530][gc,heap,exit]  Metaspace       used 43721K, committed 44352K, reserved 1114112K
[2026-06-19T19:52:50.757+0530][gc,heap,exit]   class space    used 5123K, committed 5440K, reserved 1048576K
