[2026-06-18T15:34:38.577+0530][gc] Using G1
[2026-06-18T15:34:38.583+0530][gc,init] Version: 17.0.19+10-1-24.04.2-Ubuntu (release)
[2026-06-18T15:34:38.583+0530][gc,init] CPUs: 16 total, 12 available
[2026-06-18T15:34:38.583+0530][gc,init] Memory: 7275M
[2026-06-18T15:34:38.583+0530][gc,init] Large Page Support: Disabled
[2026-06-18T15:34:38.583+0530][gc,init] NUMA Support: Disabled
[2026-06-18T15:34:38.583+0530][gc,init] Compressed Oops: Enabled (32-bit)
[2026-06-18T15:34:38.583+0530][gc,init] Heap Region Size: 1M
[2026-06-18T15:34:38.583+0530][gc,init] Heap Min Capacity: 512M
[2026-06-18T15:34:38.583+0530][gc,init] Heap Initial Capacity: 512M
[2026-06-18T15:34:38.583+0530][gc,init] Heap Max Capacity: 512M
[2026-06-18T15:34:38.583+0530][gc,init] Pre-touch: Disabled
[2026-06-18T15:34:38.583+0530][gc,init] Parallel Workers: 10
[2026-06-18T15:34:38.583+0530][gc,init] Concurrent Workers: 3
[2026-06-18T15:34:38.583+0530][gc,init] Concurrent Refinement Workers: 10
[2026-06-18T15:34:38.583+0530][gc,init] Periodic GC: Disabled
[2026-06-18T15:34:38.589+0530][gc,metaspace] CDS archive(s) mapped at: [0x0000716073000000-0x0000716073bc7000-0x0000716073bc7000), size 12349440, SharedBaseAddress: 0x0000716073000000, ArchiveRelocationMode: 1.
[2026-06-18T15:34:38.589+0530][gc,metaspace] Compressed class space mapped at: 0x0000716074000000-0x00007160b4000000, reserved size: 1073741824
[2026-06-18T15:34:38.589+0530][gc,metaspace] Narrow klass base: 0x0000716073000000, Narrow klass shift: 0, Narrow klass range: 0x100000000
[2026-06-18T15:34:44.254+0530][gc,start    ] GC(0) Pause Young (Normal) (G1 Evacuation Pause)
[2026-06-18T15:34:44.255+0530][gc,task     ] GC(0) Using 10 workers of 10 for evacuation
[2026-06-18T15:34:44.258+0530][gc,phases   ] GC(0)   Pre Evacuate Collection Set: 0.06ms
[2026-06-18T15:34:44.258+0530][gc,phases   ] GC(0)   Merge Heap Roots: 0.04ms
[2026-06-18T15:34:44.258+0530][gc,phases   ] GC(0)   Evacuate Collection Set: 2.51ms
[2026-06-18T15:34:44.258+0530][gc,phases   ] GC(0)   Post Evacuate Collection Set: 0.31ms
[2026-06-18T15:34:44.258+0530][gc,phases   ] GC(0)   Other: 0.91ms
[2026-06-18T15:34:44.258+0530][gc,heap     ] GC(0) Eden regions: 25->0(21)
[2026-06-18T15:34:44.258+0530][gc,heap     ] GC(0) Survivor regions: 0->4(4)
[2026-06-18T15:34:44.258+0530][gc,heap     ] GC(0) Old regions: 0->4
[2026-06-18T15:34:44.258+0530][gc,heap     ] GC(0) Archive regions: 2->2
[2026-06-18T15:34:44.258+0530][gc,heap     ] GC(0) Humongous regions: 0->0
[2026-06-18T15:34:44.258+0530][gc,metaspace] GC(0) Metaspace: 8103K(8256K)->8103K(8256K) NonClass: 7205K(7296K)->7205K(7296K) Class: 897K(960K)->897K(960K)
[2026-06-18T15:34:44.258+0530][gc          ] GC(0) Pause Young (Normal) (G1 Evacuation Pause) 25M->8M(512M) 3.904ms
[2026-06-18T15:34:44.258+0530][gc,cpu      ] GC(0) User=0.01s Sys=0.01s Real=0.00s
[2026-06-18T15:35:51.065+0530][gc,heap,exit] Heap
[2026-06-18T15:35:51.065+0530][gc,heap,exit]  garbage-first heap   total 524288K, used 13914K [0x00000000e0000000, 0x0000000100000000)
[2026-06-18T15:35:51.065+0530][gc,heap,exit]   region size 1024K, 10 young (10240K), 4 survivors (4096K)
[2026-06-18T15:35:51.065+0530][gc,heap,exit]  Metaspace       used 8447K, committed 8640K, reserved 1114112K
[2026-06-18T15:35:51.065+0530][gc,heap,exit]   class space    used 935K, committed 1024K, reserved 1048576K
