[2026-06-18T11:42:16.205+0530][gc] Using G1
[2026-06-18T11:42:16.216+0530][gc,init] Version: 17.0.19+10-1-24.04.2-Ubuntu (release)
[2026-06-18T11:42:16.216+0530][gc,init] CPUs: 16 total, 12 available
[2026-06-18T11:42:16.216+0530][gc,init] Memory: 7275M
[2026-06-18T11:42:16.216+0530][gc,init] Large Page Support: Disabled
[2026-06-18T11:42:16.216+0530][gc,init] NUMA Support: Disabled
[2026-06-18T11:42:16.216+0530][gc,init] Compressed Oops: Enabled (32-bit)
[2026-06-18T11:42:16.216+0530][gc,init] Heap Region Size: 1M
[2026-06-18T11:42:16.216+0530][gc,init] Heap Min Capacity: 512M
[2026-06-18T11:42:16.216+0530][gc,init] Heap Initial Capacity: 512M
[2026-06-18T11:42:16.216+0530][gc,init] Heap Max Capacity: 512M
[2026-06-18T11:42:16.216+0530][gc,init] Pre-touch: Disabled
[2026-06-18T11:42:16.216+0530][gc,init] Parallel Workers: 10
[2026-06-18T11:42:16.216+0530][gc,init] Concurrent Workers: 3
[2026-06-18T11:42:16.216+0530][gc,init] Concurrent Refinement Workers: 10
[2026-06-18T11:42:16.216+0530][gc,init] Periodic GC: Disabled
[2026-06-18T11:42:16.227+0530][gc,metaspace] CDS archive(s) mapped at: [0x00007fc773000000-0x00007fc773bc7000-0x00007fc773bc7000), size 12349440, SharedBaseAddress: 0x00007fc773000000, ArchiveRelocationMode: 1.
[2026-06-18T11:42:16.227+0530][gc,metaspace] Compressed class space mapped at: 0x00007fc774000000-0x00007fc7b4000000, reserved size: 1073741824
[2026-06-18T11:42:16.227+0530][gc,metaspace] Narrow klass base: 0x00007fc773000000, Narrow klass shift: 0, Narrow klass range: 0x100000000
[2026-06-18T11:42:22.623+0530][gc,start    ] GC(0) Pause Young (Normal) (G1 Evacuation Pause)
[2026-06-18T11:42:22.625+0530][gc,task     ] GC(0) Using 10 workers of 10 for evacuation
[2026-06-18T11:42:22.630+0530][gc,phases   ] GC(0)   Pre Evacuate Collection Set: 0.12ms
[2026-06-18T11:42:22.630+0530][gc,phases   ] GC(0)   Merge Heap Roots: 0.08ms
[2026-06-18T11:42:22.630+0530][gc,phases   ] GC(0)   Evacuate Collection Set: 3.57ms
[2026-06-18T11:42:22.630+0530][gc,phases   ] GC(0)   Post Evacuate Collection Set: 0.53ms
[2026-06-18T11:42:22.630+0530][gc,phases   ] GC(0)   Other: 2.48ms
[2026-06-18T11:42:22.630+0530][gc,heap     ] GC(0) Eden regions: 25->0(21)
[2026-06-18T11:42:22.630+0530][gc,heap     ] GC(0) Survivor regions: 0->4(4)
[2026-06-18T11:42:22.630+0530][gc,heap     ] GC(0) Old regions: 0->4
[2026-06-18T11:42:22.630+0530][gc,heap     ] GC(0) Archive regions: 2->2
[2026-06-18T11:42:22.630+0530][gc,heap     ] GC(0) Humongous regions: 0->0
[2026-06-18T11:42:22.630+0530][gc,metaspace] GC(0) Metaspace: 8111K(8320K)->8111K(8320K) NonClass: 7196K(7296K)->7196K(7296K) Class: 914K(1024K)->914K(1024K)
[2026-06-18T11:42:22.630+0530][gc          ] GC(0) Pause Young (Normal) (G1 Evacuation Pause) 25M->8M(512M) 6.937ms
[2026-06-18T11:42:22.630+0530][gc,cpu      ] GC(0) User=0.02s Sys=0.01s Real=0.01s
[2026-06-18T15:29:45.990+0530][gc,heap,exit] Heap
[2026-06-18T15:29:45.995+0530][gc,heap,exit]  garbage-first heap   total 524288K, used 27750K [0x00000000e0000000, 0x0000000100000000)
[2026-06-18T15:29:45.995+0530][gc,heap,exit]   region size 1024K, 23 young (23552K), 4 survivors (4096K)
[2026-06-18T15:29:45.996+0530][gc,heap,exit]  Metaspace       used 8884K, committed 9088K, reserved 1114112K
[2026-06-18T15:29:45.996+0530][gc,heap,exit]   class space    used 939K, committed 1024K, reserved 1048576K
