[2026-06-17T11:14:40.108+0530][gc] Using G1
[2026-06-17T11:14:40.119+0530][gc,init] Version: 17.0.19+10-1-24.04.2-Ubuntu (release)
[2026-06-17T11:14:40.119+0530][gc,init] CPUs: 16 total, 12 available
[2026-06-17T11:14:40.119+0530][gc,init] Memory: 7275M
[2026-06-17T11:14:40.119+0530][gc,init] Large Page Support: Disabled
[2026-06-17T11:14:40.119+0530][gc,init] NUMA Support: Disabled
[2026-06-17T11:14:40.119+0530][gc,init] Compressed Oops: Enabled (32-bit)
[2026-06-17T11:14:40.119+0530][gc,init] Heap Region Size: 1M
[2026-06-17T11:14:40.119+0530][gc,init] Heap Min Capacity: 512M
[2026-06-17T11:14:40.119+0530][gc,init] Heap Initial Capacity: 512M
[2026-06-17T11:14:40.119+0530][gc,init] Heap Max Capacity: 512M
[2026-06-17T11:14:40.119+0530][gc,init] Pre-touch: Disabled
[2026-06-17T11:14:40.119+0530][gc,init] Parallel Workers: 10
[2026-06-17T11:14:40.119+0530][gc,init] Concurrent Workers: 3
[2026-06-17T11:14:40.119+0530][gc,init] Concurrent Refinement Workers: 10
[2026-06-17T11:14:40.119+0530][gc,init] Periodic GC: Disabled
[2026-06-17T11:14:40.130+0530][gc,metaspace] CDS archive(s) mapped at: [0x000071ed37000000-0x000071ed37bc7000-0x000071ed37bc7000), size 12349440, SharedBaseAddress: 0x000071ed37000000, ArchiveRelocationMode: 1.
[2026-06-17T11:14:40.130+0530][gc,metaspace] Compressed class space mapped at: 0x000071ed38000000-0x000071ed78000000, reserved size: 1073741824
[2026-06-17T11:14:40.130+0530][gc,metaspace] Narrow klass base: 0x000071ed37000000, Narrow klass shift: 0, Narrow klass range: 0x100000000
[2026-06-17T11:14:46.497+0530][gc,start    ] GC(0) Pause Young (Normal) (G1 Evacuation Pause)
[2026-06-17T11:14:46.499+0530][gc,task     ] GC(0) Using 10 workers of 10 for evacuation
[2026-06-17T11:14:46.503+0530][gc,phases   ] GC(0)   Pre Evacuate Collection Set: 0.12ms
[2026-06-17T11:14:46.503+0530][gc,phases   ] GC(0)   Merge Heap Roots: 0.07ms
[2026-06-17T11:14:46.503+0530][gc,phases   ] GC(0)   Evacuate Collection Set: 2.95ms
[2026-06-17T11:14:46.503+0530][gc,phases   ] GC(0)   Post Evacuate Collection Set: 0.44ms
[2026-06-17T11:14:46.503+0530][gc,phases   ] GC(0)   Other: 2.46ms
[2026-06-17T11:14:46.503+0530][gc,heap     ] GC(0) Eden regions: 25->0(21)
[2026-06-17T11:14:46.503+0530][gc,heap     ] GC(0) Survivor regions: 0->4(4)
[2026-06-17T11:14:46.503+0530][gc,heap     ] GC(0) Old regions: 0->4
[2026-06-17T11:14:46.503+0530][gc,heap     ] GC(0) Archive regions: 2->2
[2026-06-17T11:14:46.503+0530][gc,heap     ] GC(0) Humongous regions: 0->0
[2026-06-17T11:14:46.503+0530][gc,metaspace] GC(0) Metaspace: 7995K(8128K)->7995K(8128K) NonClass: 7104K(7168K)->7104K(7168K) Class: 891K(960K)->891K(960K)
[2026-06-17T11:14:46.503+0530][gc          ] GC(0) Pause Young (Normal) (G1 Evacuation Pause) 25M->8M(512M) 6.180ms
[2026-06-17T11:14:46.503+0530][gc,cpu      ] GC(0) User=0.03s Sys=0.01s Real=0.01s
[2026-06-17T15:56:06.962+0530][gc,start    ] GC(1) Pause Young (Normal) (G1 Evacuation Pause)
[2026-06-17T15:56:06.962+0530][gc,task     ] GC(1) Using 10 workers of 10 for evacuation
[2026-06-17T15:56:06.980+0530][gc,phases   ] GC(1)   Pre Evacuate Collection Set: 2.37ms
[2026-06-17T15:56:06.980+0530][gc,phases   ] GC(1)   Merge Heap Roots: 0.18ms
[2026-06-17T15:56:06.980+0530][gc,phases   ] GC(1)   Evacuate Collection Set: 12.01ms
[2026-06-17T15:56:06.980+0530][gc,phases   ] GC(1)   Post Evacuate Collection Set: 2.87ms
[2026-06-17T15:56:06.980+0530][gc,phases   ] GC(1)   Other: 0.45ms
[2026-06-17T15:56:06.980+0530][gc,heap     ] GC(1) Eden regions: 21->0(24)
[2026-06-17T15:56:06.980+0530][gc,heap     ] GC(1) Survivor regions: 4->1(4)
[2026-06-17T15:56:06.980+0530][gc,heap     ] GC(1) Old regions: 4->8
[2026-06-17T15:56:06.980+0530][gc,heap     ] GC(1) Archive regions: 2->2
[2026-06-17T15:56:06.980+0530][gc,heap     ] GC(1) Humongous regions: 0->0
[2026-06-17T15:56:06.980+0530][gc,metaspace] GC(1) Metaspace: 8908K(9088K)->8908K(9088K) NonClass: 7969K(8064K)->7969K(8064K) Class: 938K(1024K)->938K(1024K)
[2026-06-17T15:56:06.980+0530][gc          ] GC(1) Pause Young (Normal) (G1 Evacuation Pause) 29M->9M(512M) 17.949ms
[2026-06-17T15:56:06.980+0530][gc,cpu      ] GC(1) User=0.01s Sys=0.02s Real=0.01s
[2026-06-17T19:52:03.821+0530][gc,heap,exit] Heap
[2026-06-17T19:52:03.821+0530][gc,heap,exit]  garbage-first heap   total 524288K, used 23373K [0x00000000e0000000, 0x0000000100000000)
[2026-06-17T19:52:03.821+0530][gc,heap,exit]   region size 1024K, 15 young (15360K), 1 survivors (1024K)
[2026-06-17T19:52:03.821+0530][gc,heap,exit]  Metaspace       used 8923K, committed 9088K, reserved 1114112K
[2026-06-17T19:52:03.821+0530][gc,heap,exit]   class space    used 939K, committed 1024K, reserved 1048576K
